Archive member included because of file (symbol)

/opt/altera/13.0sp1/nios2eds/bin/gnu/H-i686-pc-linux-gnu/bin/../lib/gcc/nios2-elf/4.1.2/../../../../nios2-elf/lib/mno-hw-mul/libc.a(lib_a-impure.o)
                              obj/default/puttime.o (_impure_ptr)
/opt/altera/13.0sp1/nios2eds/bin/gnu/H-i686-pc-linux-gnu/bin/../lib/gcc/nios2-elf/4.1.2/../../../../nios2-elf/lib/mno-hw-mul/libc.a(lib_a-putc.o)
                              obj/default/puttime.o (putc)
/opt/altera/13.0sp1/nios2eds/bin/gnu/H-i686-pc-linux-gnu/bin/../lib/gcc/nios2-elf/4.1.2/../../../../nios2-elf/lib/mno-hw-mul/libc.a(lib_a-wbuf.o)
                              /opt/altera/13.0sp1/nios2eds/bin/gnu/H-i686-pc-linux-gnu/bin/../lib/gcc/nios2-elf/4.1.2/../../../../nios2-elf/lib/mno-hw-mul/libc.a(lib_a-putc.o) (__swbuf_r)
/opt/altera/13.0sp1/nios2eds/bin/gnu/H-i686-pc-linux-gnu/bin/../lib/gcc/nios2-elf/4.1.2/../../../../nios2-elf/lib/mno-hw-mul/libc.a(lib_a-wsetup.o)
                              /opt/altera/13.0sp1/nios2eds/bin/gnu/H-i686-pc-linux-gnu/bin/../lib/gcc/nios2-elf/4.1.2/../../../../nios2-elf/lib/mno-hw-mul/libc.a(lib_a-wbuf.o) (__swsetup_r)
/opt/altera/13.0sp1/nios2eds/bin/gnu/H-i686-pc-linux-gnu/bin/../lib/gcc/nios2-elf/4.1.2/../../../../nios2-elf/lib/mno-hw-mul/libc.a(lib_a-fflush.o)
                              /opt/altera/13.0sp1/nios2eds/bin/gnu/H-i686-pc-linux-gnu/bin/../lib/gcc/nios2-elf/4.1.2/../../../../nios2-elf/lib/mno-hw-mul/libc.a(lib_a-wbuf.o) (_fflush_r)
/opt/altera/13.0sp1/nios2eds/bin/gnu/H-i686-pc-linux-gnu/bin/../lib/gcc/nios2-elf/4.1.2/../../../../nios2-elf/lib/mno-hw-mul/libc.a(lib_a-findfp.o)
                              /opt/altera/13.0sp1/nios2eds/bin/gnu/H-i686-pc-linux-gnu/bin/../lib/gcc/nios2-elf/4.1.2/../../../../nios2-elf/lib/mno-hw-mul/libc.a(lib_a-putc.o) (__sinit)
/opt/altera/13.0sp1/nios2eds/bin/gnu/H-i686-pc-linux-gnu/bin/../lib/gcc/nios2-elf/4.1.2/../../../../nios2-elf/lib/mno-hw-mul/libc.a(lib_a-freer.o)
                              /opt/altera/13.0sp1/nios2eds/bin/gnu/H-i686-pc-linux-gnu/bin/../lib/gcc/nios2-elf/4.1.2/../../../../nios2-elf/lib/mno-hw-mul/libc.a(lib_a-wsetup.o) (_free_r)
/opt/altera/13.0sp1/nios2eds/bin/gnu/H-i686-pc-linux-gnu/bin/../lib/gcc/nios2-elf/4.1.2/../../../../nios2-elf/lib/mno-hw-mul/libc.a(lib_a-fwalk.o)
                              /opt/altera/13.0sp1/nios2eds/bin/gnu/H-i686-pc-linux-gnu/bin/../lib/gcc/nios2-elf/4.1.2/../../../../nios2-elf/lib/mno-hw-mul/libc.a(lib_a-fflush.o) (_fwalk_reent)
/opt/altera/13.0sp1/nios2eds/bin/gnu/H-i686-pc-linux-gnu/bin/../lib/gcc/nios2-elf/4.1.2/../../../../nios2-elf/lib/mno-hw-mul/libc.a(lib_a-makebuf.o)
                              /opt/altera/13.0sp1/nios2eds/bin/gnu/H-i686-pc-linux-gnu/bin/../lib/gcc/nios2-elf/4.1.2/../../../../nios2-elf/lib/mno-hw-mul/libc.a(lib_a-wsetup.o) (__smakebuf_r)
/opt/altera/13.0sp1/nios2eds/bin/gnu/H-i686-pc-linux-gnu/bin/../lib/gcc/nios2-elf/4.1.2/../../../../nios2-elf/lib/mno-hw-mul/libc.a(lib_a-mallocr.o)
                              /opt/altera/13.0sp1/nios2eds/bin/gnu/H-i686-pc-linux-gnu/bin/../lib/gcc/nios2-elf/4.1.2/../../../../nios2-elf/lib/mno-hw-mul/libc.a(lib_a-findfp.o) (_malloc_r)
/opt/altera/13.0sp1/nios2eds/bin/gnu/H-i686-pc-linux-gnu/bin/../lib/gcc/nios2-elf/4.1.2/../../../../nios2-elf/lib/mno-hw-mul/libc.a(lib_a-memset.o)
                              /opt/altera/13.0sp1/nios2eds/bin/gnu/H-i686-pc-linux-gnu/bin/../lib/gcc/nios2-elf/4.1.2/../../../../nios2-elf/lib/mno-hw-mul/libc.a(lib_a-findfp.o) (memset)
/opt/altera/13.0sp1/nios2eds/bin/gnu/H-i686-pc-linux-gnu/bin/../lib/gcc/nios2-elf/4.1.2/../../../../nios2-elf/lib/mno-hw-mul/libc.a(lib_a-sbrkr.o)
                              /opt/altera/13.0sp1/nios2eds/bin/gnu/H-i686-pc-linux-gnu/bin/../lib/gcc/nios2-elf/4.1.2/../../../../nios2-elf/lib/mno-hw-mul/libc.a(lib_a-freer.o) (_sbrk_r)
/opt/altera/13.0sp1/nios2eds/bin/gnu/H-i686-pc-linux-gnu/bin/../lib/gcc/nios2-elf/4.1.2/../../../../nios2-elf/lib/mno-hw-mul/libc.a(lib_a-stdio.o)
                              /opt/altera/13.0sp1/nios2eds/bin/gnu/H-i686-pc-linux-gnu/bin/../lib/gcc/nios2-elf/4.1.2/../../../../nios2-elf/lib/mno-hw-mul/libc.a(lib_a-findfp.o) (__sclose)
/opt/altera/13.0sp1/nios2eds/bin/gnu/H-i686-pc-linux-gnu/bin/../lib/gcc/nios2-elf/4.1.2/../../../../nios2-elf/lib/mno-hw-mul/libc.a(lib_a-writer.o)
                              /opt/altera/13.0sp1/nios2eds/bin/gnu/H-i686-pc-linux-gnu/bin/../lib/gcc/nios2-elf/4.1.2/../../../../nios2-elf/lib/mno-hw-mul/libc.a(lib_a-stdio.o) (_write_r)
/opt/altera/13.0sp1/nios2eds/bin/gnu/H-i686-pc-linux-gnu/bin/../lib/gcc/nios2-elf/4.1.2/../../../../nios2-elf/lib/mno-hw-mul/libc.a(lib_a-closer.o)
                              /opt/altera/13.0sp1/nios2eds/bin/gnu/H-i686-pc-linux-gnu/bin/../lib/gcc/nios2-elf/4.1.2/../../../../nios2-elf/lib/mno-hw-mul/libc.a(lib_a-stdio.o) (_close_r)
/opt/altera/13.0sp1/nios2eds/bin/gnu/H-i686-pc-linux-gnu/bin/../lib/gcc/nios2-elf/4.1.2/../../../../nios2-elf/lib/mno-hw-mul/libc.a(lib_a-fclose.o)
[...]
Memory Configuration

Name             Origin             Length             Attributes
onchip_memory    0x00000000         0x00006400
sram             0x00100000         0x00080000
reset            0x01000000         0x00000020
sdram            0x01000020         0x007fffe0
*default*        0x00000000         0xffffffff

Linker script and memory map

LOAD ../bsp//obj/HAL/src/crt0.o
LOAD obj/default/delay_asm.o
LOAD obj/default/hexasc_asm.o
LOAD obj/default/main.o
LOAD obj/default/puthex.o
LOAD obj/default/puttime.o
LOAD obj/default/tick.o
LOAD /opt/altera/13.0sp1/nios2eds/bin/gnu/H-i686-pc-linux-gnu/bin/../lib/gcc/nios2-elf/4.1.2/../../../../nios2-elf/lib/mno-hw-mul/libstdc++.a
LOAD /opt/altera/13.0sp1/nios2eds/bin/gnu/H-i686-pc-linux-gnu/bin/../lib/gcc/nios2-elf/4.1.2/../../../../nios2-elf/lib/mno-hw-mul/libm.a
LOAD /opt/altera/13.0sp1/nios2eds/bin/gnu/H-i686-pc-linux-gnu/bin/../lib/gcc/nios2-elf/4.1.2/mno-hw-mul/libgcc.a
START GROUP
LOAD /opt/altera/13.0sp1/nios2eds/bin/gnu/H-i686-pc-linux-gnu/bin/../lib/gcc/nios2-elf/4.1.2/../../../../nios2-elf/lib/mno-hw-mul/libc.a
LOAD /opt/altera/13.0sp1/nios2eds/bin/gnu/H-i686-pc-linux-gnu/bin/../lib/gcc/nios2-elf/4.1.2/mno-hw-mul/libgcc.a
LOAD ../bsp//libucosii_bsp.a
END GROUP
LOAD /opt/altera/13.0sp1/nios2eds/bin/gnu/H-i686-pc-linux-gnu/bin/../lib/gcc/nios2-elf/4.1.2/mno-hw-mul/libgcc.a
                0x00000000                __alt_mem_onchip_memory = 0x0
                0x00100000                __alt_mem_sram = 0x100000
                0x01000000                __alt_mem_sdram = 0x1000000

.entry          0x01000000       0x20
 *(.entry)
 .entry         0x01000000       0x20 ../bsp//obj/HAL/src/crt0.o
                0x01000000                __reset

.exceptions     0x01000020      0x124 load address 0x00100000
                0x01000020                PROVIDE (__ram_exceptions_start, ABSOLUTE (.))
                0x01000020                . = ALIGN (0x20)
 *(.irq)
 *(.exceptions.entry.label)
 .exceptions.entry.label
                0x01000020        0x0 ../bsp//libucosii_bsp.a(alt_irq_entry.o)
                0x01000020                alt_irq_entry
 .exceptions.entry.label
                0x01000020        0x0 ../bsp//libucosii_bsp.a(alt_exception_entry.o)
                0x01000020                alt_exception
 *(.exceptions.entry.user)
 *(.exceptions.entry)
 .exceptions.entry
                0x01000020       0x54 ../bsp//libucosii_bsp.a(alt_exception_entry.o)
 *(.exceptions.irqtest.user)
 *(.exceptions.irqtest)
 .exceptions.irqtest
                0x01000074       0x10 ../bsp//libucosii_bsp.a(alt_irq_entry.o)
 *(.exceptions.irqhandler.user)
 *(.exceptions.irqhandler)
 .exceptions.irqhandler
                0x01000084        0x4 ../bsp//libucosii_bsp.a(alt_irq_entry.o)
 *(.exceptions.irqreturn.user)
 *(.exceptions.irqreturn)
 .exceptions.irqreturn
                0x01000088        0x4 ../bsp//libucosii_bsp.a(alt_irq_entry.o)
 *(.exceptions.notirq.label)
 .exceptions.notirq.label
                0x0100008c        0x0 ../bsp//libucosii_bsp.a(alt_irq_entry.o)
 *(.exceptions.notirq.user)
 *(.exceptions.notirq)
 .exceptions.notirq
                0x0100008c        0x8 ../bsp//libucosii_bsp.a(alt_exception_entry.o)
 *(.exceptions.soft.user)
 *(.exceptions.soft)
 *(.exceptions.unknown.user)
 *(.exceptions.unknown)
 .exceptions.unknown
                0x01000094        0x4 ../bsp//libucosii_bsp.a(alt_exception_entry.o)
 *(.exceptions.exit.label)
 .exceptions.exit.label
                0x01000098        0x0 ../bsp//libucosii_bsp.a(alt_irq_entry.o)
 .exceptions.exit.label
                0x01000098        0x0 ../bsp//libucosii_bsp.a(alt_exception_entry.o)
 *(.exceptions.exit.user)
 *(.exceptions.exit)
 .exceptions.exit
                0x01000098       0x54 ../bsp//libucosii_bsp.a(alt_exception_entry.o)
 *(.exceptions)
 .exceptions    0x010000ec       0x58 ../bsp//libucosii_bsp.a(alt_irq_handler.o)
                0x010000ec                alt_irq_handler
                0x01000144                PROVIDE (__ram_exceptions_end, ABSOLUTE (.))
                0x00100000                PROVIDE (__flash_exceptions_start, LOADADDR (.exceptions))

.text           0x00100124     0xabbc
                0x00100124                PROVIDE (stext, ABSOLUTE (.))
 *(.interp)
 *(.hash)
 *(.dynsym)
 *(.dynstr)
 *(.gnu.version)
 *(.gnu.version_d)
 *(.gnu.version_r)
 *(.rel.init)
 *(.rela.init)
 *(.rel.text .rel.text.* .rel.gnu.linkonce.t.*)
 *(.rela.text .rela.text.* .rela.gnu.linkonce.t.*)
 *(.rel.fini)
 *(.rela.fini)
 *(.rel.rodata .rel.rodata.* .rel.gnu.linkonce.r.*)
 *(.rela.rodata .rela.rodata.* .rela.gnu.linkonce.r.*)
 *(.rel.data .rel.data.* .rel.gnu.linkonce.d.*)
 *(.rela.data .rela.data.* .rela.gnu.linkonce.d.*)
 *(.rel.tdata .rel.tdata.* .rel.gnu.linkonce.td.*)
 *(.rela.tdata .rela.tdata.* .rela.gnu.linkonce.td.*)
 *(.rel.tbss .rel.tbss.* .rel.gnu.linkonce.tb.*)
 *(.rela.tbss .rela.tbss.* .rela.gnu.linkonce.tb.*)
 *(.rel.ctors)
 *(.rela.ctors)
 *(.rel.dtors)
 *(.rela.dtors)
 *(.rel.got)
 *(.rela.got)
 *(.rel.sdata .rel.sdata.* .rel.gnu.linkonce.s.*)
 *(.rela.sdata .rela.sdata.* .rela.gnu.linkonce.s.*)
 *(.rel.sbss .rel.sbss.* .rel.gnu.linkonce.sb.*)
 *(.rela.sbss .rela.sbss.* .rela.gnu.linkonce.sb.*)
 *(.rel.sdata2 .rel.sdata2.* .rel.gnu.linkonce.s2.*)
 *(.rela.sdata2 .rela.sdata2.* .rela.gnu.linkonce.s2.*)
 *(.rel.sbss2 .rel.sbss2.* .rel.gnu.linkonce.sb2.*)
 *(.rela.sbss2 .rela.sbss2.* .rela.gnu.linkonce.sb2.*)
 *(.rel.bss .rel.bss.* .rel.gnu.linkonce.b.*)
 *(.rela.bss .rela.bss.* .rela.gnu.linkonce.b.*)
 *(.rel.plt)
 *(.rela.plt)
 *(.rel.dyn)
 *(.init)
 *(.plt)
 *(.text .stub .text.* .gnu.linkonce.t.*)
 .text          0x00100124       0x3c ../bsp//obj/HAL/src/crt0.o
                0x00100124                _start
 .text          0x00100160       0x20 obj/default/delay_asm.o
                0x00100160                delay
 .text          0x00100180       0x20 obj/default/hexasc_asm.o
                0x00100180                hexasc
 .text          0x001001a0      0x188 obj/default/main.o
                0x001001a0                pollkey
                0x001002a8                main
 .text          0x00100328       0xd4 obj/default/puthex.o
                0x00100328                bcd2seven
                0x00100364                puthex
 .text          0x001003fc       0xf0 obj/default/puttime.o
                0x001003fc                puttime
 .text          0x001004ec       0xac obj/default/tick.o
                0x001004ec                tick
 .text          0x00100598        0x0 /opt/altera/13.0sp1/nios2eds/bin/gnu/H-i686-pc-linux-gnu/bin/../lib/gcc/nios2-elf/4.1.2/../../../../nios2-elf/lib/mno-hw-mul/libc.a(lib_a-impure.o)
 .text          0x00100598      0x1ec /opt/altera/13.0sp1/nios2eds/bin/gnu/H-i686-pc-linux-gnu/bin/../lib/gcc/nios2-elf/4.1.2/../../../../nios2-elf/lib/mno-hw-mul/libc.a(lib_a-putc.o)
                0x00100598                putc
                0x0010069c                _putc_r
 .text          0x00100784      0x14c /opt/altera/13.0sp1/nios2eds/bin/gnu/H-i686-pc-linux-gnu/bin/../lib/gcc/nios2-elf/4.1.2/../../../../nios2-elf/lib/mno-hw-mul/libc.a(lib_a-wbuf.o)
                0x00100784                __swbuf_r
                0x001008b4                __swbuf
 .text          0x001008d0      0x13c /opt/altera/13.0sp1/nios2eds/bin/gnu/H-i686-pc-linux-gnu/bin/../lib/gcc/nios2-elf/4.1.2/../../../../nios2-elf/lib/mno-hw-mul/libc.a(lib_a-wsetup.o)
                0x001008d0                __swsetup_r
 .text          0x00100a0c      0x230 /opt/altera/13.0sp1/nios2eds/bin/gnu/H-i686-pc-linux-gnu/bin/../lib/gcc/nios2-elf/4.1.2/../../../../nios2-elf/lib/mno-hw-mul/libc.a(lib_a-fflush.o)
                0x00100a0c                _fflush_r
                0x00100c08                fflush
 .text          0x00100c3c      0x2f4 /opt/altera/13.0sp1/nios2eds/bin/gnu/H-i686-pc-linux-gnu/bin/../lib/gcc/nios2-elf/4.1.2/../../../../nios2-elf/lib/mno-hw-mul/libc.a(lib_a-findfp.o)
                0x00100c94                __sfp_lock_acquire
                0x00100c98                __sfp_lock_release
                0x00100c9c                __sinit_lock_acquire
                0x00100ca0                __sinit_lock_release
                0x00100ca4                __sinit
                0x00100d58                __fp_unlock_all
                0x00100d70                __fp_lock_all
                0x00100d88                _cleanup_r
                0x00100d94                _cleanup
                0x00100da4                __sfmoreglue
                0x00100e40                __sfp
 .text          0x00100f30      0x440 /opt/altera/13.0sp1/nios2eds/bin/gnu/H-i686-pc-linux-gnu/bin/../lib/gcc/nios2-elf/4.1.2/../../../../nios2-elf/lib/mno-hw-mul/libc.a(lib_a-freer.o)
                0x00100f30                _malloc_trim_r
                0x0010105c                _free_r
 .text          0x00101370      0x180 /opt/altera/13.0sp1/nios2eds/bin/gnu/H-i686-pc-linux-gnu/bin/../lib/gcc/nios2-elf/4.1.2/../../../../nios2-elf/lib/mno-hw-mul/libc.a(lib_a-fwalk.o)
                0x00101370                _fwalk_reent
                0x00101438                _fwalk
 .text          0x001014f0      0x194 /opt/altera/13.0sp1/nios2eds/bin/gnu/H-i686-pc-linux-gnu/bin/../lib/gcc/nios2-elf/4.1.2/../../../../nios2-elf/lib/mno-hw-mul/libc.a(lib_a-makebuf.o)
                0x001014f0                __smakebuf_r
 .text          0x00101684      0x740 /opt/altera/13.0sp1/nios2eds/bin/gnu/H-i686-pc-linux-gnu/bin/../lib/gcc/nios2-elf/4.1.2/../../../../nios2-elf/lib/mno-hw-mul/libc.a(lib_a-mallocr.o)
                0x00101684                _malloc_r
 .text          0x00101dc4       0x98 /opt/altera/13.0sp1/nios2eds/bin/gnu/H-i686-pc-linux-gnu/bin/../lib/gcc/nios2-elf/4.1.2/../../../../nios2-elf/lib/mno-hw-mul/libc.a(lib_a-memset.o)
                0x00101dc4                memset
 .text          0x00101e5c       0x70 /opt/altera/13.0sp1/nios2eds/bin/gnu/H-i686-pc-linux-gnu/bin/../lib/gcc/nios2-elf/4.1.2/../../../../nios2-elf/lib/mno-hw-mul/libc.a(lib_a-sbrkr.o)
                0x00101e5c                _sbrk_r
 .text          0x00101ecc      0x14c /opt/altera/13.0sp1/nios2eds/bin/gnu/H-i686-pc-linux-gnu/bin/../lib/gcc/nios2-elf/4.1.2/../../../../nios2-elf/lib/mno-hw-mul/libc.a(lib_a-stdio.o)
                0x00101ecc                __sclose
                0x00101ed4                __sseek
                0x00101f3c                __swrite
                0x00101fb8                __sread
 .text          0x00102018       0x78 /opt/altera/13.0sp1/nios2eds/bin/gnu/H-i686-pc-linux-gnu/bin/../lib/gcc/nios2-elf/4.1.2/../../../../nios2-elf/lib/mno-hw-mul/libc.a(lib_a-writer.o)
                0x00102018                _write_r
 .text          0x00102090       0x70 /opt/altera/13.0sp1/nios2eds/bin/gnu/H-i686-pc-linux-gnu/bin/../lib/gcc/nios2-elf/4.1.2/../../../../nios2-elf/lib/mno-hw-mul/libc.a(lib_a-closer.o)
                0x00102090                _close_r
 .text          0x00102100      0x124 /opt/altera/13.0sp1/nios2eds/bin/gnu/H-i686-pc-linux-gnu/bin/../lib/gcc/nios2-elf/4.1.2/../../../../nios2-elf/lib/mno-hw-mul/libc.a(lib_a-fclose.o)
                0x00102100                _fclose_r
                0x00102210                fclose
 .text          0x00102224       0x74 /opt/altera/13.0sp1/nios2eds/bin/gnu/H-i686-pc-linux-gnu/bin/../lib/gcc/nios2-elf/4.1.2/../../../../nios2-elf/lib/mno-hw-mul/libc.a(lib_a-fstatr.o)
                0x00102224                _fstat_r
 .text          0x00102298        0x0 /opt/altera/13.0sp1/nios2eds/bin/gnu/H-i686-pc-linux-gnu/bin/../lib/gcc/nios2-elf/4.1.2/../../../../nios2-elf/lib/mno-hw-mul/libc.a(lib_a-int_errno.o)
 .text          0x00102298       0x70 /opt/altera/13.0sp1/nios2eds/bin/gnu/H-i686-pc-linux-gnu/bin/../lib/gcc/nios2-elf/4.1.2/../../../../nios2-elf/lib/mno-hw-mul/libc.a(lib_a-isattyr.o)
                0x00102298                _isatty_r
 .text          0x00102308       0x78 /opt/altera/13.0sp1/nios2eds/bin/gnu/H-i686-pc-linux-gnu/bin/../lib/gcc/nios2-elf/4.1.2/../../../../nios2-elf/lib/mno-hw-mul/libc.a(lib_a-lseekr.o)
                0x00102308                _lseek_r
 .text          0x00102380       0x78 /opt/altera/13.0sp1/nios2eds/bin/gnu/H-i686-pc-linux-gnu/bin/../lib/gcc/nios2-elf/4.1.2/../../../../nios2-elf/lib/mno-hw-mul/libc.a(lib_a-readr.o)
                0x00102380                _read_r
 .text          0x001023f8       0x38 /opt/altera/13.0sp1/nios2eds/bin/gnu/H-i686-pc-linux-gnu/bin/../lib/gcc/nios2-elf/4.1.2/mno-hw-mul/libgcc.a(lib2-mul.o)
                0x001023f8                __mulsi3
 .text          0x00102430       0xbc ../bsp//libucosii_bsp.a(alt_close.o)
                0x00102450                close
 .text          0x001024ec        0x8 ../bsp//libucosii_bsp.a(alt_dev.o)
 .text          0x001024f4        0x0 ../bsp//libucosii_bsp.a(alt_errno.o)
 .text          0x001024f4       0x9c ../bsp//libucosii_bsp.a(alt_fstat.o)
                0x001024f4                fstat
 .text          0x00102590       0xa0 ../bsp//libucosii_bsp.a(alt_irq_register.o)
                0x00102590                alt_irq_register
 .text          0x00102630        0x0 ../bsp//libucosii_bsp.a(alt_irq_vars.o)
 .text          0x00102630       0x94 ../bsp//libucosii_bsp.a(alt_isatty.o)
                0x00102630                isatty
 .text          0x001026c4       0x8c ../bsp//libucosii_bsp.a(alt_load.o)
                0x001026e4                alt_load
 .text          0x00102750       0xb8 ../bsp//libucosii_bsp.a(alt_lseek.o)
                0x00102750                lseek
 .text          0x00102808       0xa8 ../bsp//libucosii_bsp.a(alt_main.o)
                0x00102808                alt_main
 .text          0x001028b0       0xd8 ../bsp//libucosii_bsp.a(alt_read.o)
                0x001028d0                read
 .text          0x00102988       0x5c ../bsp//libucosii_bsp.a(alt_release_fd.o)
                0x00102988                alt_release_fd
 .text          0x001029e4       0x50 ../bsp//libucosii_bsp.a(alt_sbrk.o)
                0x001029e4                sbrk
 .text          0x00102a34       0xd4 ../bsp//libucosii_bsp.a(alt_write.o)
                0x00102a54                write
 .text          0x00102b08       0xa8 ../bsp//libucosii_bsp.a(alt_env_lock.o)
                0x00102b08                __env_unlock
                0x00102b30                __env_lock
 .text          0x00102bb0      0x110 ../bsp//libucosii_bsp.a(alt_malloc_lock.o)
                0x00102bb0                __malloc_unlock
                0x00102c0c                __malloc_lock
 .text          0x00102cc0     0x1118 ../bsp//libucosii_bsp.a(os_core.o)
                0x00102cc0                OSVersion
                0x00102cc8                OS_Dummy
                0x00102ccc                OS_EventTaskWait
                0x00102d50                OS_EventTaskWaitMulti
                0x00102df0                OS_EventTaskRemove
                0x00102e3c                OS_EventTaskRemoveMulti
                0x00102e98                OS_EventTaskRdy
                0x00102f8c                OS_EventWaitListInit
                0x00102fa8                OS_MemClr
                0x00102fc4                OS_MemCopy
                0x00102fe8                OS_StrCopy
                0x00103014                OS_StrLen
                0x00103034                OS_TaskStatStkChk
                0x001030b8                OS_Sched
                0x00103170                OSStart
                0x001031dc                OSInit
                0x001033bc                OSEventNameGet
                0x00103474                OSEventPendMulti
                0x001037cc                OSIntEnter
                0x00103808                OSSchedLock
                0x0010384c                OSSchedUnlock
                0x001038a0                OSStatInit
                0x00103904                OSTimeTick
                0x00103a10                OS_TaskIdle
                0x00103a40                OS_TaskStat
                0x00103ac4                OS_TCBInit
                0x00103c48                OSIntExit
                0x00103d1c                OSEventNameSet
 .text          0x00103dd8        0x4 ../bsp//libucosii_bsp.a(os_dbg.o)
                0x00103dd8                OSDebugInit
 .text          0x00103ddc      0xc5c ../bsp//libucosii_bsp.a(os_flag.o)
                0x00103e94                OS_FlagUnlink
                0x00103f60                OS_FlagInit
                0x00103fd0                OSFlagQuery
                0x0010402c                OSFlagAccept
                0x0010419c                OSFlagCreate
                0x00104224                OSFlagDel
                0x00104384                OSFlagNameGet
                0x00104444                OSFlagNameSet
                0x00104518                OSFlagPend
                0x00104818                OSFlagPendGetFlagsRdy
                0x00104844                OSFlagPost
 .text          0x00104a38      0x3b8 ../bsp//libucosii_bsp.a(os_mem.o)
                0x00104a38                OS_MemInit
                0x00104aa0                OSMemQuery
                0x00104b04                OSMemCreate
                0x00104bd4                OSMemGet
                0x00104c40                OSMemNameGet
                0x00104cdc                OSMemNameSet
                0x00104d98                OSMemPut
 .text          0x00104df0      0x9c4 ../bsp//libucosii_bsp.a(os_q.o)
                0x00104df0                OS_QInit
                0x00104e40                OSQQuery
                0x00104ed8                OSQAccept
                0x00104f74                OSQCreate
                0x00105074                OSQDel
                0x001051f8                OSQFlush
                0x00105248                OSQPend
                0x00105408                OSQPendAbort
                0x001054f0                OSQPost
                0x001055ac                OSQPostFront
                0x00105670                OSQPostOpt
 .text          0x001057b4      0x5e0 ../bsp//libucosii_bsp.a(os_sem.o)
                0x001057b4                OSSemSet
                0x00105818                OSSemAccept
                0x0010585c                OSSemCreate
                0x001058e8                OSSemDel
                0x00105a3c                OSSemPend
                0x00105ba4                OSSemPendAbort
                0x00105c90                OSSemPost
                0x00105d2c                OSSemQuery
 .text          0x00105d94      0xe74 ../bsp//libucosii_bsp.a(os_task.o)
                0x00105d94                OS_TaskStkClr
                0x00105dc4                OSTaskQuery
                0x00105e8c                OSTaskChangePrio
                0x00106128                OSTaskCreate
                0x00106234                OSTaskCreateExt
                0x001063ac                OSTaskDel
                0x001065f8                OSTaskDelReq
                0x001066ac                OSTaskNameGet
                0x001067b4                OSTaskNameSet
                0x001068d0                OSTaskResume
                0x001069d4                OSTaskStkChk
                0x00106ac4                OSTaskSuspend
 .text          0x00106c08      0x378 ../bsp//libucosii_bsp.a(os_time.o)
                0x00106c08                OSTimeSet
                0x00106c2c                OSTimeDly
                0x00106cc4                OSTimeDlyHMSM
                0x00106e64                OSTimeDlyResume
                0x00106f5c                OSTimeGet
 .text          0x00106f80      0xb94 ../bsp//libucosii_bsp.a(os_tmr.o)
                0x001070ec                OSTmr_Init
                0x00107348                OSTmrStop
                0x001074a4                OSTmrStart
                0x001075a8                OSTmrStateGet
                0x00107650                OSTmrRemainGet
                0x00107768                OSTmrDel
                0x00107864                OSTmrSignal
                0x0010788c                OSTmrNameGet
                0x00107978                OSTmrCreate
 .text          0x00107b14       0x9c ../bsp//libucosii_bsp.a(alt_sys_init.o)
                0x00107b20                alt_sys_init
                0x00107b90                alt_irq_init
 .text          0x00107bb0       0x3c ../bsp//libucosii_bsp.a(altera_avalon_jtag_uart_fd.o)
                0x00107bb0                altera_avalon_jtag_uart_ioctl_fd
                0x00107bbc                altera_avalon_jtag_uart_close_fd
                0x00107bcc                altera_avalon_jtag_uart_write_fd
                0x00107bdc                altera_avalon_jtag_uart_read_fd
 .text          0x00107bec      0x2f4 ../bsp//libucosii_bsp.a(altera_avalon_jtag_uart_init.o)
                0x00107bec                altera_avalon_jtag_uart_close
                0x00107cac                altera_avalon_jtag_uart_init
 .text          0x00107ee0       0x7c ../bsp//libucosii_bsp.a(altera_avalon_jtag_uart_ioctl.o)
                0x00107ee0                altera_avalon_jtag_uart_ioctl
 .text          0x00107f5c      0x1ac ../bsp//libucosii_bsp.a(altera_avalon_jtag_uart_read.o)
                0x00107f5c                altera_avalon_jtag_uart_read
 .text          0x00108108      0x1b8 ../bsp//libucosii_bsp.a(altera_avalon_jtag_uart_write.o)
                0x00108108                altera_avalon_jtag_uart_write
 .text          0x001082c0       0x8c ../bsp//libucosii_bsp.a(altera_avalon_timer_sc.o)
                0x001082c0                alt_avalon_timer_sc_init
 .text          0x0010834c      0x250 ../bsp//libucosii_bsp.a(altera_up_avalon_character_lcd.o)
                0x0010834c                get_DDRAM_addr
                0x00108364                alt_up_character_lcd_string
                0x00108380                alt_up_character_lcd_write
                0x001083a4                alt_up_character_lcd_write_fd
                0x001083c4                alt_up_character_lcd_init
                0x001083d4                alt_up_character_lcd_send_cmd
                0x001083e4                alt_up_character_lcd_cursor_blink_on
                0x001083ec                alt_up_character_lcd_cursor_off
                0x001083f4                alt_up_character_lcd_erase_pos
                0x00108458                alt_up_character_lcd_shift_display
                0x001084c8                alt_up_character_lcd_shift_cursor
                0x00108538                alt_up_character_lcd_set_cursor_pos
                0x00108590                alt_up_character_lcd_open_dev
 .text          0x0010859c       0x90 ../bsp//libucosii_bsp.a(alt_alarm_start.o)
                0x0010859c                alt_alarm_start
 .text          0x0010862c        0x4 ../bsp//libucosii_bsp.a(alt_dcache_flush_all.o)
                0x0010862c                alt_dcache_flush_all
 .text          0x00108630       0x70 ../bsp//libucosii_bsp.a(alt_dev_llist_insert.o)
                0x00108630                alt_dev_llist_insert
 .text          0x001086a0       0x40 ../bsp//libucosii_bsp.a(alt_do_ctors.o)
                0x001086a0                _do_ctors
 .text          0x001086e0       0x40 ../bsp//libucosii_bsp.a(alt_do_dtors.o)
                0x001086e0                _do_dtors
 .text          0x00108720       0x70 ../bsp//libucosii_bsp.a(alt_find_dev.o)
                0x00108720                alt_find_dev
 .text          0x00108790        0x4 ../bsp//libucosii_bsp.a(alt_icache_flush_all.o)
                0x00108790                alt_icache_flush_all
 .text          0x00108794       0x9c ../bsp//libucosii_bsp.a(alt_iic.o)
                0x00108794                alt_ic_irq_enabled
                0x001087ac                alt_ic_irq_enable
                0x001087ec                alt_ic_irq_disable
                0x0010882c                alt_ic_isr_register
 .text          0x00108830       0x6c ../bsp//libucosii_bsp.a(alt_iic_isr_register.o)
                0x00108830                alt_iic_isr_register
 .text          0x0010889c      0x114 ../bsp//libucosii_bsp.a(alt_io_redirect.o)
                0x00108924                alt_io_redirect
 .text          0x001089b0        0x0 ../bsp//libucosii_bsp.a(alt_irq_entry.o)
 .text          0x001089b0        0x0 ../bsp//libucosii_bsp.a(alt_irq_handler.o)
 .text          0x001089b0      0x17c ../bsp//libucosii_bsp.a(alt_open.o)
                0x001089b0                open
 .text          0x00108b2c       0xe0 ../bsp//libucosii_bsp.a(alt_tick.o)
                0x00108b2c                alt_alarm_stop
                0x00108b60                alt_tick
 .text          0x00108c0c        0x8 ../bsp//libucosii_bsp.a(altera_nios2_qsys_irq.o)
                0x00108c0c                altera_nios2_qsys_irq_init
 .text          0x00108c14       0xd0 ../bsp//libucosii_bsp.a(os_cpu_a.o)
                0x00108c14                OSCtxSw
                0x00108c14                OSIntCtxSw
                0x00108ca0                OSStartHighRdy
                0x00108cc0                OSStartTsk
 .text          0x00108ce4      0x228 ../bsp//libucosii_bsp.a(os_cpu_c.o)
                0x00108ce4                OSTaskCreateHook
                0x00108ce8                OSTaskDelHook
                0x00108cec                OSTaskSwHook
                0x00108cf0                OSTaskStatHook
                0x00108cf4                OSInitHookBegin
                0x00108cfc                OSInitHookEnd
                0x00108d00                OSTaskIdleHook
                0x00108d04                OSTCBInitHook
                0x00108d08                OSTimeTickHook
                0x00108d60                OSTaskStkInit
 .text          0x00108f0c        0x0 ../bsp//libucosii_bsp.a(alt_exception_entry.o)
 .text          0x00108f0c       0x9c ../bsp//libucosii_bsp.a(alt_find_file.o)
                0x00108f0c                alt_find_file
 .text          0x00108fa8       0xa4 ../bsp//libucosii_bsp.a(alt_get_fd.o)
                0x00108fa8                alt_get_fd
 .text          0x0010904c       0x14 /opt/altera/13.0sp1/nios2eds/bin/gnu/H-i686-pc-linux-gnu/bin/../lib/gcc/nios2-elf/4.1.2/../../../../nios2-elf/lib/mno-hw-mul/libc.a(lib_a-atexit.o)
                0x0010904c                atexit
 .text          0x00109060       0x38 /opt/altera/13.0sp1/nios2eds/bin/gnu/H-i686-pc-linux-gnu/bin/../lib/gcc/nios2-elf/4.1.2/../../../../nios2-elf/lib/mno-hw-mul/libc.a(lib_a-exit.o)
                0x00109060                exit
 .text          0x00109098       0x74 /opt/altera/13.0sp1/nios2eds/bin/gnu/H-i686-pc-linux-gnu/bin/../lib/gcc/nios2-elf/4.1.2/../../../../nios2-elf/lib/mno-hw-mul/libc.a(lib_a-memcmp.o)
                0x00109098                memcmp
 .text          0x0010910c       0xa0 /opt/altera/13.0sp1/nios2eds/bin/gnu/H-i686-pc-linux-gnu/bin/../lib/gcc/nios2-elf/4.1.2/../../../../nios2-elf/lib/mno-hw-mul/libc.a(lib_a-memcpy.o)
                0x0010910c                memcpy
 .text          0x001091ac       0x74 /opt/altera/13.0sp1/nios2eds/bin/gnu/H-i686-pc-linux-gnu/bin/../lib/gcc/nios2-elf/4.1.2/../../../../nios2-elf/lib/mno-hw-mul/libc.a(lib_a-strlen.o)
                0x001091ac                strlen
 .text          0x00109220      0x134 /opt/altera/13.0sp1/nios2eds/bin/gnu/H-i686-pc-linux-gnu/bin/../lib/gcc/nios2-elf/4.1.2/../../../../nios2-elf/lib/mno-hw-mul/libc.a(lib_a-__atexit.o)
                0x00109220                __register_exitproc
 .text          0x00109354      0x1b4 /opt/altera/13.0sp1/nios2eds/bin/gnu/H-i686-pc-linux-gnu/bin/../lib/gcc/nios2-elf/4.1.2/../../../../nios2-elf/lib/mno-hw-mul/libc.a(lib_a-__call_atexit.o)
                0x00109358                __call_exitprocs
 .text          0x00109508       0xa4 /opt/altera/13.0sp1/nios2eds/bin/gnu/H-i686-pc-linux-gnu/bin/../lib/gcc/nios2-elf/4.1.2/mno-hw-mul/libgcc.a(_fixunsdfsi.o)
                0x00109508                __fixunsdfsi
 .text          0x001095ac      0x504 /opt/altera/13.0sp1/nios2eds/bin/gnu/H-i686-pc-linux-gnu/bin/../lib/gcc/nios2-elf/4.1.2/mno-hw-mul/libgcc.a(_addsub_df.o)
                0x001099bc                __subdf3
                0x00109a3c                __adddf3
 .text          0x00109ab0      0x3c4 /opt/altera/13.0sp1/nios2eds/bin/gnu/H-i686-pc-linux-gnu/bin/../lib/gcc/nios2-elf/4.1.2/mno-hw-mul/libgcc.a(_mul_df.o)
                0x00109ab0                __muldf3
 .text          0x00109e74      0x258 /opt/altera/13.0sp1/nios2eds/bin/gnu/H-i686-pc-linux-gnu/bin/../lib/gcc/nios2-elf/4.1.2/mno-hw-mul/libgcc.a(_div_df.o)
                0x00109e74                __divdf3
 .text          0x0010a0cc       0x88 /opt/altera/13.0sp1/nios2eds/bin/gnu/H-i686-pc-linux-gnu/bin/../lib/gcc/nios2-elf/4.1.2/mno-hw-mul/libgcc.a(_ge_df.o)
                0x0010a0cc                __gedf2
 .text          0x0010a154       0xf8 /opt/altera/13.0sp1/nios2eds/bin/gnu/H-i686-pc-linux-gnu/bin/../lib/gcc/nios2-elf/4.1.2/mno-hw-mul/libgcc.a(_si_to_df.o)
                0x0010a154                __floatsidf
 .text          0x0010a24c       0xd8 /opt/altera/13.0sp1/nios2eds/bin/gnu/H-i686-pc-linux-gnu/bin/../lib/gcc/nios2-elf/4.1.2/mno-hw-mul/libgcc.a(_df_to_si.o)
                0x0010a24c                __fixdfsi
 .text          0x0010a324        0x0 /opt/altera/13.0sp1/nios2eds/bin/gnu/H-i686-pc-linux-gnu/bin/../lib/gcc/nios2-elf/4.1.2/mno-hw-mul/libgcc.a(_thenan_df.o)
 .text          0x0010a324      0x194 /opt/altera/13.0sp1/nios2eds/bin/gnu/H-i686-pc-linux-gnu/bin/../lib/gcc/nios2-elf/4.1.2/mno-hw-mul/libgcc.a(_usi_to_df.o)
                0x0010a324                __floatunsidf
 .text          0x0010a4b8      0x14c /opt/altera/13.0sp1/nios2eds/bin/gnu/H-i686-pc-linux-gnu/bin/../lib/gcc/nios2-elf/4.1.2/mno-hw-mul/libgcc.a(lib2-divmod.o)
                0x0010a534                __divsi3
                0x0010a594                __modsi3
                0x0010a5f4                __udivsi3
                0x0010a5fc                __umodsi3
 .text          0x0010a604      0x124 /opt/altera/13.0sp1/nios2eds/bin/gnu/H-i686-pc-linux-gnu/bin/../lib/gcc/nios2-elf/4.1.2/mno-hw-mul/libgcc.a(_muldi3.o)
                0x0010a604                __muldi3
 .text          0x0010a728       0x80 /opt/altera/13.0sp1/nios2eds/bin/gnu/H-i686-pc-linux-gnu/bin/../lib/gcc/nios2-elf/4.1.2/mno-hw-mul/libgcc.a(_clzsi2.o)
                0x0010a728                __clzsi2
 .text          0x0010a7a8      0x314 /opt/altera/13.0sp1/nios2eds/bin/gnu/H-i686-pc-linux-gnu/bin/../lib/gcc/nios2-elf/4.1.2/mno-hw-mul/libgcc.a(_pack_df.o)
                0x0010a7a8                __pack_d
 .text          0x0010aabc      0x138 /opt/altera/13.0sp1/nios2eds/bin/gnu/H-i686-pc-linux-gnu/bin/../lib/gcc/nios2-elf/4.1.2/mno-hw-mul/libgcc.a(_unpack_df.o)
                0x0010aabc                __unpack_d
 .text          0x0010abf4       0xc8 /opt/altera/13.0sp1/nios2eds/bin/gnu/H-i686-pc-linux-gnu/bin/../lib/gcc/nios2-elf/4.1.2/mno-hw-mul/libgcc.a(_fpcmp_parts_df.o)
                0x0010abf4                __fpcmp_parts_d
 .text          0x0010acbc        0x0 /opt/altera/13.0sp1/nios2eds/bin/gnu/H-i686-pc-linux-gnu/bin/../lib/gcc/nios2-elf/4.1.2/mno-hw-mul/libgcc.a(_clz.o)
 .text          0x0010acbc       0x20 ../bsp//libucosii_bsp.a(alt_exit.o)
                0x0010acbc                _exit
 *(.gnu.warning.*)
 *(.fini)
                0x0010acdc                PROVIDE (__etext, ABSOLUTE (.))
                0x0010acdc                PROVIDE (_etext, ABSOLUTE (.))
                0x0010acdc                PROVIDE (etext, ABSOLUTE (.))
 *(.eh_frame_hdr)
                0x0010acdc                . = ALIGN (0x4)
                0x0010acdc                PROVIDE (__preinit_array_start, ABSOLUTE (.))
 *(.preinit_array)
                0x0010acdc                PROVIDE (__preinit_array_end, ABSOLUTE (.))
                0x0010acdc                PROVIDE (__init_array_start, ABSOLUTE (.))
 *(.init_array)
                0x0010acdc                PROVIDE (__init_array_end, ABSOLUTE (.))
                0x0010acdc                PROVIDE (__fini_array_start, ABSOLUTE (.))
 *(.fini_array)
                0x0010acdc                PROVIDE (__fini_array_end, ABSOLUTE (.))
 *(.eh_frame)
 *(.gcc_except_table)
 *(.dynamic)
                0x0010acdc                PROVIDE (__CTOR_LIST__, ABSOLUTE (.))
 *(.ctors)
 *(SORT(.ctors.*))
 .ctors.65535   0x0010acdc        0x4 /opt/altera/13.0sp1/nios2eds/bin/gnu/H-i686-pc-linux-gnu/bin/../lib/gcc/nios2-elf/4.1.2/../../../../nios2-elf/lib/mno-hw-mul/libc.a(lib_a-__call_atexit.o)
                0x0010ace0                PROVIDE (__CTOR_END__, ABSOLUTE (.))
                0x0010ace0                PROVIDE (__DTOR_LIST__, ABSOLUTE (.))
 *(.dtors)
 *(SORT(.dtors.*))
                0x0010ace0                PROVIDE (__DTOR_END__, ABSOLUTE (.))
 *(.jcr)
                0x0010ace0                . = ALIGN (0x4)

.rodata         0x0010ace0      0x2a0
                0x0010ace0                PROVIDE (__ram_rodata_start, ABSOLUTE (.))
                0x0010ace0                . = ALIGN (0x4)
 *(.rodata .rodata.* .gnu.linkonce.r.*)
 .rodata.str1.4
                0x0010ace0        0x2 /opt/altera/13.0sp1/nios2eds/bin/gnu/H-i686-pc-linux-gnu/bin/../lib/gcc/nios2-elf/4.1.2/../../../../nios2-elf/lib/mno-hw-mul/libc.a(lib_a-impure.o)
                                  0x4 (size before relaxing)
 *fill*         0x0010ace2        0x2 00
 .rodata.str1.4
                0x0010ace4        0xa ../bsp//libucosii_bsp.a(alt_dev.o)
                                  0xc (size before relaxing)
 *fill*         0x0010acee        0x2 00
 .rodata.str1.4
                0x0010acf0       0x11 ../bsp//libucosii_bsp.a(alt_main.o)
                                 0x14 (size before relaxing)
 *fill*         0x0010ad01        0x3 00
 .rodata.str1.4
                0x0010ad04       0x1e ../bsp//libucosii_bsp.a(os_core.o)
                                 0x20 (size before relaxing)
 .rodata        0x0010ad22      0x100 ../bsp//libucosii_bsp.a(os_core.o)
                0x0010ad22                OSUnMapTbl
 *fill*         0x0010ae22        0x2 00
 .rodata.str1.4
                0x0010ae24       0x35 ../bsp//libucosii_bsp.a(os_tmr.o)
                                 0x38 (size before relaxing)
 *fill*         0x0010ae59        0x3 00
 .rodata.str1.4
                0x0010ae5c       0x10 ../bsp//libucosii_bsp.a(alt_sys_init.o)
                                 0x24 (size before relaxing)
 .rodata.str1.4
                0x00000000        0x4 ../bsp//libucosii_bsp.a(os_cpu_c.o)
 .rodata        0x0010ae6c       0x14 /opt/altera/13.0sp1/nios2eds/bin/gnu/H-i686-pc-linux-gnu/bin/../lib/gcc/nios2-elf/4.1.2/mno-hw-mul/libgcc.a(_thenan_df.o)
                0x0010ae6c                __thenan_df
 .rodata        0x0010ae80      0x100 /opt/altera/13.0sp1/nios2eds/bin/gnu/H-i686-pc-linux-gnu/bin/../lib/gcc/nios2-elf/4.1.2/mno-hw-mul/libgcc.a(_clz.o)
                0x0010ae80                __clz_tab
 *(.rodata1)
                0x0010af80                . = ALIGN (0x4)
                0x0010af80                PROVIDE (__ram_rodata_end, ABSOLUTE (.))
                0x0010ace0                PROVIDE (__flash_rodata_start, LOADADDR (.rodata))

.rwdata         0x0010af80     0x1b44 load address 0x0010cac4
                0x0010af80                PROVIDE (__ram_rwdata_start, ABSOLUTE (.))
                0x0010af80                . = ALIGN (0x4)
 *(.got.plt)
 *(.got)
 *(.data1)
 *(.data .data.* .gnu.linkonce.d.*)
 .data          0x0010af80        0x0 ../bsp//obj/HAL/src/crt0.o
 .data          0x0010af80        0x0 obj/default/delay_asm.o
 .data          0x0010af80        0x0 obj/default/hexasc_asm.o
 .data          0x0010af80        0x0 obj/default/main.o
 .data          0x0010af80       0x40 obj/default/puthex.o
 .data          0x0010afc0        0x0 obj/default/puttime.o
 .data          0x0010afc0        0x0 obj/default/tick.o
 .data          0x0010afc0      0x400 /opt/altera/13.0sp1/nios2eds/bin/gnu/H-i686-pc-linux-gnu/bin/../lib/gcc/nios2-elf/4.1.2/../../../../nios2-elf/lib/mno-hw-mul/libc.a(lib_a-impure.o)
 .data          0x0010b3c0        0x0 /opt/altera/13.0sp1/nios2eds/bin/gnu/H-i686-pc-linux-gnu/bin/../lib/gcc/nios2-elf/4.1.2/../../../../nios2-elf/lib/mno-hw-mul/libc.a(lib_a-putc.o)
 .data          0x0010b3c0        0x0 /opt/altera/13.0sp1/nios2eds/bin/gnu/H-i686-pc-linux-gnu/bin/../lib/gcc/nios2-elf/4.1.2/../../../../nios2-elf/lib/mno-hw-mul/libc.a(lib_a-wbuf.o)
 .data          0x0010b3c0        0x0 /opt/altera/13.0sp1/nios2eds/bin/gnu/H-i686-pc-linux-gnu/bin/../lib/gcc/nios2-elf/4.1.2/../../../../nios2-elf/lib/mno-hw-mul/libc.a(lib_a-wsetup.o)
 .data          0x0010b3c0        0x0 /opt/altera/13.0sp1/nios2eds/bin/gnu/H-i686-pc-linux-gnu/bin/../lib/gcc/nios2-elf/4.1.2/../../../../nios2-elf/lib/mno-hw-mul/libc.a(lib_a-fflush.o)
 .data          0x0010b3c0        0x0 /opt/altera/13.0sp1/nios2eds/bin/gnu/H-i686-pc-linux-gnu/bin/../lib/gcc/nios2-elf/4.1.2/../../../../nios2-elf/lib/mno-hw-mul/libc.a(lib_a-findfp.o)
 .data          0x0010b3c0        0x0 /opt/altera/13.0sp1/nios2eds/bin/gnu/H-i686-pc-linux-gnu/bin/../lib/gcc/nios2-elf/4.1.2/../../../../nios2-elf/lib/mno-hw-mul/libc.a(lib_a-freer.o)
 .data          0x0010b3c0        0x0 /opt/altera/13.0sp1/nios2eds/bin/gnu/H-i686-pc-linux-gnu/bin/../lib/gcc/nios2-elf/4.1.2/../../../../nios2-elf/lib/mno-hw-mul/libc.a(lib_a-fwalk.o)
 .data          0x0010b3c0        0x0 /opt/altera/13.0sp1/nios2eds/bin/gnu/H-i686-pc-linux-gnu/bin/../lib/gcc/nios2-elf/4.1.2/../../../../nios2-elf/lib/mno-hw-mul/libc.a(lib_a-makebuf.o)
 .data          0x0010b3c0      0x408 /opt/altera/13.0sp1/nios2eds/bin/gnu/H-i686-pc-linux-gnu/bin/../lib/gcc/nios2-elf/4.1.2/../../../../nios2-elf/lib/mno-hw-mul/libc.a(lib_a-mallocr.o)
                0x0010b3c0                __malloc_av_
 .data          0x0010b7c8        0x0 /opt/altera/13.0sp1/nios2eds/bin/gnu/H-i686-pc-linux-gnu/bin/../lib/gcc/nios2-elf/4.1.2/../../../../nios2-elf/lib/mno-hw-mul/libc.a(lib_a-memset.o)
 .data          0x0010b7c8        0x0 /opt/altera/13.0sp1/nios2eds/bin/gnu/H-i686-pc-linux-gnu/bin/../lib/gcc/nios2-elf/4.1.2/../../../../nios2-elf/lib/mno-hw-mul/libc.a(lib_a-sbrkr.o)
 .data          0x0010b7c8        0x0 /opt/altera/13.0sp1/nios2eds/bin/gnu/H-i686-pc-linux-gnu/bin/../lib/gcc/nios2-elf/4.1.2/../../../../nios2-elf/lib/mno-hw-mul/libc.a(lib_a-stdio.o)
 .data          0x0010b7c8        0x0 /opt/altera/13.0sp1/nios2eds/bin/gnu/H-i686-pc-linux-gnu/bin/../lib/gcc/nios2-elf/4.1.2/../../../../nios2-elf/lib/mno-hw-mul/libc.a(lib_a-writer.o)
 .data          0x0010b7c8        0x0 /opt/altera/13.0sp1/nios2eds/bin/gnu/H-i686-pc-linux-gnu/bin/../lib/gcc/nios2-elf/4.1.2/../../../../nios2-elf/lib/mno-hw-mul/libc.a(lib_a-closer.o)
 .data          0x0010b7c8        0x0 /opt/altera/13.0sp1/nios2eds/bin/gnu/H-i686-pc-linux-gnu/bin/../lib/gcc/nios2-elf/4.1.2/../../../../nios2-elf/lib/mno-hw-mul/libc.a(lib_a-fclose.o)
 .data          0x0010b7c8        0x0 /opt/altera/13.0sp1/nios2eds/bin/gnu/H-i686-pc-linux-gnu/bin/../lib/gcc/nios2-elf/4.1.2/../../../../nios2-elf/lib/mno-hw-mul/libc.a(lib_a-fstatr.o)
 .data          0x0010b7c8        0x0 /opt/altera/13.0sp1/nios2eds/bin/gnu/H-i686-pc-linux-gnu/bin/../lib/gcc/nios2-elf/4.1.2/../../../../nios2-elf/lib/mno-hw-mul/libc.a(lib_a-int_errno.o)
 .data          0x0010b7c8        0x0 /opt/altera/13.0sp1/nios2eds/bin/gnu/H-i686-pc-linux-gnu/bin/../lib/gcc/nios2-elf/4.1.2/../../../../nios2-elf/lib/mno-hw-mul/libc.a(lib_a-isattyr.o)
 .data          0x0010b7c8        0x0 /opt/altera/13.0sp1/nios2eds/bin/gnu/H-i686-pc-linux-gnu/bin/../lib/gcc/nios2-elf/4.1.2/../../../../nios2-elf/lib/mno-hw-mul/libc.a(lib_a-lseekr.o)
 .data          0x0010b7c8        0x0 /opt/altera/13.0sp1/nios2eds/bin/gnu/H-i686-pc-linux-gnu/bin/../lib/gcc/nios2-elf/4.1.2/../../../../nios2-elf/lib/mno-hw-mul/libc.a(lib_a-readr.o)
 .data          0x0010b7c8        0x0 /opt/altera/13.0sp1/nios2eds/bin/gnu/H-i686-pc-linux-gnu/bin/../lib/gcc/nios2-elf/4.1.2/mno-hw-mul/libgcc.a(lib2-mul.o)
 .data          0x0010b7c8        0x0 ../bsp//libucosii_bsp.a(alt_close.o)
 .data          0x0010b7c8      0x1a8 ../bsp//libucosii_bsp.a(alt_dev.o)
                0x0010b7c8                alt_dev_null
                0x0010b7f0                alt_fd_list
 .data          0x0010b970        0x0 ../bsp//libucosii_bsp.a(alt_errno.o)
 .data          0x0010b970        0x0 ../bsp//libucosii_bsp.a(alt_fstat.o)
 .data          0x0010b970        0x0 ../bsp//libucosii_bsp.a(alt_irq_register.o)
 .data          0x0010b970        0x0 ../bsp//libucosii_bsp.a(alt_irq_vars.o)
 .data          0x0010b970        0x0 ../bsp//libucosii_bsp.a(alt_isatty.o)
 .data          0x0010b970        0x0 ../bsp//libucosii_bsp.a(alt_load.o)
 .data          0x0010b970        0x0 ../bsp//libucosii_bsp.a(alt_lseek.o)
 .data          0x0010b970        0x0 ../bsp//libucosii_bsp.a(alt_main.o)
 .data          0x0010b970        0x0 ../bsp//libucosii_bsp.a(alt_read.o)
 .data          0x0010b970        0x0 ../bsp//libucosii_bsp.a(alt_release_fd.o)
 .data          0x0010b970        0x0 ../bsp//libucosii_bsp.a(alt_sbrk.o)
 .data          0x0010b970        0x0 ../bsp//libucosii_bsp.a(alt_write.o)
 .data          0x0010b970        0x0 ../bsp//libucosii_bsp.a(alt_env_lock.o)
 .data          0x0010b970        0x0 ../bsp//libucosii_bsp.a(alt_malloc_lock.o)
 .data          0x0010b970        0x0 ../bsp//libucosii_bsp.a(os_core.o)
 .data          0x0010b970        0x0 ../bsp//libucosii_bsp.a(os_dbg.o)
 .data          0x0010b970        0x0 ../bsp//libucosii_bsp.a(os_flag.o)
 .data          0x0010b970        0x0 ../bsp//libucosii_bsp.a(os_mem.o)
 .data          0x0010b970        0x0 ../bsp//libucosii_bsp.a(os_q.o)
 .data          0x0010b970        0x0 ../bsp//libucosii_bsp.a(os_sem.o)
 .data          0x0010b970        0x0 ../bsp//libucosii_bsp.a(os_task.o)
 .data          0x0010b970        0x0 ../bsp//libucosii_bsp.a(os_time.o)
 .data          0x0010b970        0x0 ../bsp//libucosii_bsp.a(os_tmr.o)
 .data          0x0010b970     0x1098 ../bsp//libucosii_bsp.a(alt_sys_init.o)
 .data          0x0010ca08        0x0 ../bsp//libucosii_bsp.a(altera_avalon_jtag_uart_fd.o)
 .data          0x0010ca08        0x0 ../bsp//libucosii_bsp.a(altera_avalon_jtag_uart_init.o)
 .data          0x0010ca08        0x0 ../bsp//libucosii_bsp.a(altera_avalon_jtag_uart_ioctl.o)
 .data          0x0010ca08        0x0 ../bsp//libucosii_bsp.a(altera_avalon_jtag_uart_read.o)
 .data          0x0010ca08        0x0 ../bsp//libucosii_bsp.a(altera_avalon_jtag_uart_write.o)
 .data          0x0010ca08        0x0 ../bsp//libucosii_bsp.a(altera_avalon_timer_sc.o)
 .data          0x0010ca08        0x0 ../bsp//libucosii_bsp.a(altera_up_avalon_character_lcd.o)
 .data          0x0010ca08        0x0 ../bsp//libucosii_bsp.a(alt_alarm_start.o)
 .data          0x0010ca08        0x0 ../bsp//libucosii_bsp.a(alt_dcache_flush_all.o)
 .data          0x0010ca08        0x0 ../bsp//libucosii_bsp.a(alt_dev_llist_insert.o)
 .data          0x0010ca08        0x0 ../bsp//libucosii_bsp.a(alt_do_ctors.o)
 .data          0x0010ca08        0x0 ../bsp//libucosii_bsp.a(alt_do_dtors.o)
 .data          0x0010ca08        0x0 ../bsp//libucosii_bsp.a(alt_find_dev.o)
 .data          0x0010ca08        0x0 ../bsp//libucosii_bsp.a(alt_icache_flush_all.o)
 .data          0x0010ca08        0x0 ../bsp//libucosii_bsp.a(alt_iic.o)
 .data          0x0010ca08        0x0 ../bsp//libucosii_bsp.a(alt_iic_isr_register.o)
 .data          0x0010ca08        0x0 ../bsp//libucosii_bsp.a(alt_io_redirect.o)
 .data          0x0010ca08        0x0 ../bsp//libucosii_bsp.a(alt_irq_entry.o)
 .data          0x0010ca08        0x0 ../bsp//libucosii_bsp.a(alt_irq_handler.o)
 .data          0x0010ca08        0x0 ../bsp//libucosii_bsp.a(alt_open.o)
 .data          0x0010ca08        0x0 ../bsp//libucosii_bsp.a(alt_tick.o)
 .data          0x0010ca08        0x0 ../bsp//libucosii_bsp.a(altera_nios2_qsys_irq.o)
 .data          0x0010ca08        0x0 ../bsp//libucosii_bsp.a(os_cpu_a.o)
 .data          0x0010ca08        0x0 ../bsp//libucosii_bsp.a(os_cpu_c.o)
 .data          0x0010ca08        0x0 ../bsp//libucosii_bsp.a(alt_exception_entry.o)
 .data          0x0010ca08        0x0 ../bsp//libucosii_bsp.a(alt_find_file.o)
 .data          0x0010ca08        0x0 ../bsp//libucosii_bsp.a(alt_get_fd.o)
 .data          0x0010ca08        0x0 /opt/altera/13.0sp1/nios2eds/bin/gnu/H-i686-pc-linux-gnu/bin/../lib/gcc/nios2-elf/4.1.2/../../../../nios2-elf/lib/mno-hw-mul/libc.a(lib_a-atexit.o)
 .data          0x0010ca08        0x0 /opt/altera/13.0sp1/nios2eds/bin/gnu/H-i686-pc-linux-gnu/bin/../lib/gcc/nios2-elf/4.1.2/../../../../nios2-elf/lib/mno-hw-mul/libc.a(lib_a-exit.o)
 .data          0x0010ca08        0x0 /opt/altera/13.0sp1/nios2eds/bin/gnu/H-i686-pc-linux-gnu/bin/../lib/gcc/nios2-elf/4.1.2/../../../../nios2-elf/lib/mno-hw-mul/libc.a(lib_a-memcmp.o)
 .data          0x0010ca08        0x0 /opt/altera/13.0sp1/nios2eds/bin/gnu/H-i686-pc-linux-gnu/bin/../lib/gcc/nios2-elf/4.1.2/../../../../nios2-elf/lib/mno-hw-mul/libc.a(lib_a-memcpy.o)
 .data          0x0010ca08        0x0 /opt/altera/13.0sp1/nios2eds/bin/gnu/H-i686-pc-linux-gnu/bin/../lib/gcc/nios2-elf/4.1.2/../../../../nios2-elf/lib/mno-hw-mul/libc.a(lib_a-strlen.o)
 .data          0x0010ca08        0x0 /opt/altera/13.0sp1/nios2eds/bin/gnu/H-i686-pc-linux-gnu/bin/../lib/gcc/nios2-elf/4.1.2/../../../../nios2-elf/lib/mno-hw-mul/libc.a(lib_a-__atexit.o)
 .data          0x0010ca08        0x0 /opt/altera/13.0sp1/nios2eds/bin/gnu/H-i686-pc-linux-gnu/bin/../lib/gcc/nios2-elf/4.1.2/../../../../nios2-elf/lib/mno-hw-mul/libc.a(lib_a-__call_atexit.o)
 .data          0x0010ca08        0x0 /opt/altera/13.0sp1/nios2eds/bin/gnu/H-i686-pc-linux-gnu/bin/../lib/gcc/nios2-elf/4.1.2/mno-hw-mul/libgcc.a(_fixunsdfsi.o)
 .data          0x0010ca08        0x0 /opt/altera/13.0sp1/nios2eds/bin/gnu/H-i686-pc-linux-gnu/bin/../lib/gcc/nios2-elf/4.1.2/mno-hw-mul/libgcc.a(_addsub_df.o)
 .data          0x0010ca08        0x0 /opt/altera/13.0sp1/nios2eds/bin/gnu/H-i686-pc-linux-gnu/bin/../lib/gcc/nios2-elf/4.1.2/mno-hw-mul/libgcc.a(_mul_df.o)
 .data          0x0010ca08        0x0 /opt/altera/13.0sp1/nios2eds/bin/gnu/H-i686-pc-linux-gnu/bin/../lib/gcc/nios2-elf/4.1.2/mno-hw-mul/libgcc.a(_div_df.o)
 .data          0x0010ca08        0x0 /opt/altera/13.0sp1/nios2eds/bin/gnu/H-i686-pc-linux-gnu/bin/../lib/gcc/nios2-elf/4.1.2/mno-hw-mul/libgcc.a(_ge_df.o)
 .data          0x0010ca08        0x0 /opt/altera/13.0sp1/nios2eds/bin/gnu/H-i686-pc-linux-gnu/bin/../lib/gcc/nios2-elf/4.1.2/mno-hw-mul/libgcc.a(_si_to_df.o)
 .data          0x0010ca08        0x0 /opt/altera/13.0sp1/nios2eds/bin/gnu/H-i686-pc-linux-gnu/bin/../lib/gcc/nios2-elf/4.1.2/mno-hw-mul/libgcc.a(_df_to_si.o)
 .data          0x0010ca08        0x0 /opt/altera/13.0sp1/nios2eds/bin/gnu/H-i686-pc-linux-gnu/bin/../lib/gcc/nios2-elf/4.1.2/mno-hw-mul/libgcc.a(_thenan_df.o)
 .data          0x0010ca08        0x0 /opt/altera/13.0sp1/nios2eds/bin/gnu/H-i686-pc-linux-gnu/bin/../lib/gcc/nios2-elf/4.1.2/mno-hw-mul/libgcc.a(_usi_to_df.o)
 .data          0x0010ca08        0x0 /opt/altera/13.0sp1/nios2eds/bin/gnu/H-i686-pc-linux-gnu/bin/../lib/gcc/nios2-elf/4.1.2/mno-hw-mul/libgcc.a(lib2-divmod.o)
 .data          0x0010ca08        0x0 /opt/altera/13.0sp1/nios2eds/bin/gnu/H-i686-pc-linux-gnu/bin/../lib/gcc/nios2-elf/4.1.2/mno-hw-mul/libgcc.a(_muldi3.o)
 .data          0x0010ca08        0x0 /opt/altera/13.0sp1/nios2eds/bin/gnu/H-i686-pc-linux-gnu/bin/../lib/gcc/nios2-elf/4.1.2/mno-hw-mul/libgcc.a(_clzsi2.o)
 .data          0x0010ca08        0x0 /opt/altera/13.0sp1/nios2eds/bin/gnu/H-i686-pc-linux-gnu/bin/../lib/gcc/nios2-elf/4.1.2/mno-hw-mul/libgcc.a(_pack_df.o)
 .data          0x0010ca08        0x0 /opt/altera/13.0sp1/nios2eds/bin/gnu/H-i686-pc-linux-gnu/bin/../lib/gcc/nios2-elf/4.1.2/mno-hw-mul/libgcc.a(_unpack_df.o)
 .data          0x0010ca08        0x0 /opt/altera/13.0sp1/nios2eds/bin/gnu/H-i686-pc-linux-gnu/bin/../lib/gcc/nios2-elf/4.1.2/mno-hw-mul/libgcc.a(_fpcmp_parts_df.o)
 .data          0x0010ca08        0x0 /opt/altera/13.0sp1/nios2eds/bin/gnu/H-i686-pc-linux-gnu/bin/../lib/gcc/nios2-elf/4.1.2/mno-hw-mul/libgcc.a(_clz.o)
 .data          0x0010ca08        0x0 ../bsp//libucosii_bsp.a(alt_exit.o)
                0x00114a08                _gp = ABSOLUTE ((. + 0x8000))
                0x00114a08                PROVIDE (gp, _gp)
 *(.rwdata .rwdata.*)
 *(.sdata .sdata.* .gnu.linkonce.s.*)
 .sdata         0x0010ca08        0x8 obj/default/main.o
                0x0010ca08                timeloc
                0x0010ca0c                run
 .sdata         0x0010ca10        0x8 /opt/altera/13.0sp1/nios2eds/bin/gnu/H-i686-pc-linux-gnu/bin/../lib/gcc/nios2-elf/4.1.2/../../../../nios2-elf/lib/mno-hw-mul/libc.a(lib_a-impure.o)
                0x0010ca10                _impure_ptr
                0x0010ca14                _global_impure_ptr
 .sdata         0x0010ca18        0x8 /opt/altera/13.0sp1/nios2eds/bin/gnu/H-i686-pc-linux-gnu/bin/../lib/gcc/nios2-elf/4.1.2/../../../../nios2-elf/lib/mno-hw-mul/libc.a(lib_a-mallocr.o)
                0x0010ca18                __malloc_trim_threshold
                0x0010ca1c                __malloc_sbrk_base
 .sdata         0x0010ca20       0x14 ../bsp//libucosii_bsp.a(alt_dev.o)
                0x0010ca20                alt_fs_list
                0x0010ca28                alt_dev_list
                0x0010ca30                alt_max_fd
 .sdata         0x0010ca34        0x4 ../bsp//libucosii_bsp.a(alt_errno.o)
                0x0010ca34                alt_errno
 .sdata         0x0010ca38        0x4 ../bsp//libucosii_bsp.a(alt_irq_vars.o)
                0x0010ca38                alt_priority_mask
 .sdata         0x0010ca3c        0x4 ../bsp//libucosii_bsp.a(alt_sbrk.o)
 .sdata         0x0010ca40        0x4 ../bsp//libucosii_bsp.a(alt_env_lock.o)
 .sdata         0x0010ca44        0x4 ../bsp//libucosii_bsp.a(alt_malloc_lock.o)
 .sdata         0x0010ca48       0x74 ../bsp//libucosii_bsp.a(os_dbg.o)
                0x0010ca48                OSDebugEn
                0x0010ca4c                OSEndiannessTest
                0x0010ca50                OSEventEn
                0x0010ca52                OSEventMax
                0x0010ca54                OSEventNameSize
                0x0010ca56                OSEventSize
                0x0010ca58                OSEventTblSize
                0x0010ca5a                OSEventMultiEn
                0x0010ca5c                OSFlagEn
                0x0010ca5e                OSFlagGrpSize
                0x0010ca60                OSFlagNodeSize
                0x0010ca62                OSFlagWidth
                0x0010ca64                OSFlagMax
                0x0010ca66                OSFlagNameSize
                0x0010ca68                OSLowestPrio
                0x0010ca6a                OSMboxEn
                0x0010ca6c                OSMemEn
                0x0010ca6e                OSMemMax
                0x0010ca70                OSMemNameSize
                0x0010ca72                OSMemSize
                0x0010ca74                OSMemTblSize
                0x0010ca76                OSMutexEn
                0x0010ca78                OSPtrSize
                0x0010ca7a                OSQEn
                0x0010ca7c                OSQMax
                0x0010ca7e                OSQSize
                0x0010ca80                OSRdyTblSize
                0x0010ca82                OSSemEn
                0x0010ca84                OSStkWidth
                0x0010ca86                OSTaskCreateEn
                0x0010ca88                OSTaskCreateExtEn
                0x0010ca8a                OSTaskDelEn
                0x0010ca8c                OSTaskIdleStkSize
                0x0010ca8e                OSTaskProfileEn
                0x0010ca90                OSTaskMax
                0x0010ca92                OSTaskNameSize
                0x0010ca94                OSTaskStatEn
                0x0010ca96                OSTaskStatStkSize
                0x0010ca98                OSTaskStatStkChkEn
                0x0010ca9a                OSTaskSwHookEn
                0x0010ca9c                OSTCBPrioTblMax
                0x0010ca9e                OSTCBSize
                0x0010caa0                OSTicksPerSec
                0x0010caa2                OSTimeTickHookEn
                0x0010caa4                OSVersionNbr
                0x0010caa6                OSTmrEn
                0x0010caa8                OSTmrCfgMax
                0x0010caaa                OSTmrCfgNameSize
                0x0010caac                OSTmrCfgWheelSize
                0x0010caae                OSTmrCfgTicksPerSec
                0x0010cab0                OSTmrSize
                0x0010cab2                OSTmrTblSize
                0x0010cab4                OSTmrWheelSize
                0x0010cab6                OSTmrWheelTblSize
                0x0010cab8                OSDataSize
 .sdata         0x0010cabc        0x8 ../bsp//libucosii_bsp.a(alt_tick.o)
                0x0010cabc                alt_alarm_list
 *(.sdata2 .sdata2.* .gnu.linkonce.s2.*)
                0x0010cac4                . = ALIGN (0x4)
                0x0010cac4                _edata = ABSOLUTE (.)
                0x0010cac4                PROVIDE (edata, ABSOLUTE (.))
                0x0010cac4                PROVIDE (__ram_rwdata_end, ABSOLUTE (.))
                0x0010cac4                PROVIDE (__flash_rwdata_start, LOADADDR (.rwdata))

.bss            0x0010e608     0x40d4
                0x0010e608                __bss_start = ABSOLUTE (.)
                0x0010e608                PROVIDE (__sbss_start, ABSOLUTE (.))
                0x0010e608                PROVIDE (___sbss_start, ABSOLUTE (.))
 *(.dynsbss)
 *(.sbss .sbss.* .gnu.linkonce.sb.*)
 .sbss          0x0010e608        0xc /opt/altera/13.0sp1/nios2eds/bin/gnu/H-i686-pc-linux-gnu/bin/../lib/gcc/nios2-elf/4.1.2/../../../../nios2-elf/lib/mno-hw-mul/libc.a(lib_a-mallocr.o)
                0x0010e608                __malloc_top_pad
                0x0010e60c                __malloc_max_sbrked_mem
                0x0010e610                __malloc_max_total_mem
 .sbss          0x0010e614        0x4 /opt/altera/13.0sp1/nios2eds/bin/gnu/H-i686-pc-linux-gnu/bin/../lib/gcc/nios2-elf/4.1.2/../../../../nios2-elf/lib/mno-hw-mul/libc.a(lib_a-int_errno.o)
                0x0010e614                errno
 .sbss          0x0010e618        0x4 ../bsp//libucosii_bsp.a(alt_dev.o)
                0x0010e618                alt_fd_list_lock
 .sbss          0x0010e61c        0x4 ../bsp//libucosii_bsp.a(alt_irq_vars.o)
                0x0010e61c                alt_irq_active
 .sbss          0x0010e620        0xc ../bsp//libucosii_bsp.a(alt_main.o)
                0x0010e620                alt_argc
                0x0010e624                alt_argv
                0x0010e628                alt_envp
 .sbss          0x0010e62c        0x8 ../bsp//libucosii_bsp.a(alt_env_lock.o)
                0x0010e630                alt_envsem
 .sbss          0x0010e634        0x8 ../bsp//libucosii_bsp.a(alt_malloc_lock.o)
                0x0010e638                alt_heapsem
 .sbss          0x0010e63c       0x68 ../bsp//libucosii_bsp.a(os_core.o)
                0x0010e63c                OSTmrFreeList
                0x0010e640                OSLockNesting
                0x0010e644                OSTmrSemSignal
                0x0010e648                OSRunning
                0x0010e64c                OSIdleCtr
                0x0010e650                OSTmrUsed
                0x0010e652                OSPrioHighRdy
                0x0010e653                OSPrioCur
                0x0010e654                OSTCBList
                0x0010e658                OSTickStepState
                0x0010e65c                OSCtxSwCtr
                0x0010e660                OSTmrFree
                0x0010e664                OSIdleCtrMax
                0x0010e668                OSTCBFreeList
                0x0010e66c                OSCPUUsage
                0x0010e66d                OSTaskCtr
                0x0010e670                OSMemFreeList
                0x0010e674                OSTCBHighRdy
                0x0010e678                OSQFreeList
                0x0010e67c                OSRdyGrp
                0x0010e67d                OSRdyTbl
                0x0010e680                OSEventFreeList
                0x0010e684                OSIntNesting
                0x0010e688                OSTCBCur
                0x0010e68c                OSTmrTime
                0x0010e690                OSTime
                0x0010e694                OSTmrSem
                0x0010e698                OSFlagFreeList
                0x0010e69c                OSStatRdy
                0x0010e6a0                OSIdleCtrRun
 .sbss          0x0010e6a4        0x8 ../bsp//libucosii_bsp.a(alt_tick.o)
                0x0010e6a4                _alt_tick_rate
                0x0010e6a8                _alt_nticks
 .sbss          0x0010e6ac        0x2 ../bsp//libucosii_bsp.a(os_cpu_c.o)
 *(.sbss2 .sbss2.* .gnu.linkonce.sb2.*)
 *(.scommon)
                0x0010e6ae                PROVIDE (__sbss_end, ABSOLUTE (.))
                0x0010e6ae                PROVIDE (___sbss_end, ABSOLUTE (.))
 *(.dynbss)
 *(.bss .bss.* .gnu.linkonce.b.*)
 .bss           0x0010e6ae        0x0 ../bsp//obj/HAL/src/crt0.o
 .bss           0x0010e6ae        0x0 obj/default/delay_asm.o
 .bss           0x0010e6ae        0x0 obj/default/hexasc_asm.o
 .bss           0x0010e6ae        0x0 obj/default/main.o
 .bss           0x0010e6ae        0x0 obj/default/puthex.o
 .bss           0x0010e6ae        0x0 obj/default/puttime.o
 .bss           0x0010e6ae        0x0 obj/default/tick.o
 .bss           0x0010e6ae        0x0 /opt/altera/13.0sp1/nios2eds/bin/gnu/H-i686-pc-linux-gnu/bin/../lib/gcc/nios2-elf/4.1.2/../../../../nios2-elf/lib/mno-hw-mul/libc.a(lib_a-impure.o)
 .bss           0x0010e6ae        0x0 /opt/altera/13.0sp1/nios2eds/bin/gnu/H-i686-pc-linux-gnu/bin/../lib/gcc/nios2-elf/4.1.2/../../../../nios2-elf/lib/mno-hw-mul/libc.a(lib_a-putc.o)
 .bss           0x0010e6ae        0x0 /opt/altera/13.0sp1/nios2eds/bin/gnu/H-i686-pc-linux-gnu/bin/../lib/gcc/nios2-elf/4.1.2/../../../../nios2-elf/lib/mno-hw-mul/libc.a(lib_a-wbuf.o)
 .bss           0x0010e6ae        0x0 /opt/altera/13.0sp1/nios2eds/bin/gnu/H-i686-pc-linux-gnu/bin/../lib/gcc/nios2-elf/4.1.2/../../../../nios2-elf/lib/mno-hw-mul/libc.a(lib_a-wsetup.o)
 .bss           0x0010e6ae        0x0 /opt/altera/13.0sp1/nios2eds/bin/gnu/H-i686-pc-linux-gnu/bin/../lib/gcc/nios2-elf/4.1.2/../../../../nios2-elf/lib/mno-hw-mul/libc.a(lib_a-fflush.o)
 .bss           0x0010e6ae        0x0 /opt/altera/13.0sp1/nios2eds/bin/gnu/H-i686-pc-linux-gnu/bin/../lib/gcc/nios2-elf/4.1.2/../../../../nios2-elf/lib/mno-hw-mul/libc.a(lib_a-findfp.o)
 .bss           0x0010e6ae        0x0 /opt/altera/13.0sp1/nios2eds/bin/gnu/H-i686-pc-linux-gnu/bin/../lib/gcc/nios2-elf/4.1.2/../../../../nios2-elf/lib/mno-hw-mul/libc.a(lib_a-freer.o)
 .bss           0x0010e6ae        0x0 /opt/altera/13.0sp1/nios2eds/bin/gnu/H-i686-pc-linux-gnu/bin/../lib/gcc/nios2-elf/4.1.2/../../../../nios2-elf/lib/mno-hw-mul/libc.a(lib_a-fwalk.o)
 .bss           0x0010e6ae        0x0 /opt/altera/13.0sp1/nios2eds/bin/gnu/H-i686-pc-linux-gnu/bin/../lib/gcc/nios2-elf/4.1.2/../../../../nios2-elf/lib/mno-hw-mul/libc.a(lib_a-makebuf.o)
 *fill*         0x0010e6ae        0x2 00
 .bss           0x0010e6b0       0x28 /opt/altera/13.0sp1/nios2eds/bin/gnu/H-i686-pc-linux-gnu/bin/../lib/gcc/nios2-elf/4.1.2/../../../../nios2-elf/lib/mno-hw-mul/libc.a(lib_a-mallocr.o)
                0x0010e6b0                __malloc_current_mallinfo
 .bss           0x0010e6d8        0x0 /opt/altera/13.0sp1/nios2eds/bin/gnu/H-i686-pc-linux-gnu/bin/../lib/gcc/nios2-elf/4.1.2/../../../../nios2-elf/lib/mno-hw-mul/libc.a(lib_a-memset.o)
 .bss           0x0010e6d8        0x0 /opt/altera/13.0sp1/nios2eds/bin/gnu/H-i686-pc-linux-gnu/bin/../lib/gcc/nios2-elf/4.1.2/../../../../nios2-elf/lib/mno-hw-mul/libc.a(lib_a-sbrkr.o)
 .bss           0x0010e6d8        0x0 /opt/altera/13.0sp1/nios2eds/bin/gnu/H-i686-pc-linux-gnu/bin/../lib/gcc/nios2-elf/4.1.2/../../../../nios2-elf/lib/mno-hw-mul/libc.a(lib_a-stdio.o)
 .bss           0x0010e6d8        0x0 /opt/altera/13.0sp1/nios2eds/bin/gnu/H-i686-pc-linux-gnu/bin/../lib/gcc/nios2-elf/4.1.2/../../../../nios2-elf/lib/mno-hw-mul/libc.a(lib_a-writer.o)
 .bss           0x0010e6d8        0x0 /opt/altera/13.0sp1/nios2eds/bin/gnu/H-i686-pc-linux-gnu/bin/../lib/gcc/nios2-elf/4.1.2/../../../../nios2-elf/lib/mno-hw-mul/libc.a(lib_a-closer.o)
 .bss           0x0010e6d8        0x0 /opt/altera/13.0sp1/nios2eds/bin/gnu/H-i686-pc-linux-gnu/bin/../lib/gcc/nios2-elf/4.1.2/../../../../nios2-elf/lib/mno-hw-mul/libc.a(lib_a-fclose.o)
 .bss           0x0010e6d8        0x0 /opt/altera/13.0sp1/nios2eds/bin/gnu/H-i686-pc-linux-gnu/bin/../lib/gcc/nios2-elf/4.1.2/../../../../nios2-elf/lib/mno-hw-mul/libc.a(lib_a-fstatr.o)
 .bss           0x0010e6d8        0x0 /opt/altera/13.0sp1/nios2eds/bin/gnu/H-i686-pc-linux-gnu/bin/../lib/gcc/nios2-elf/4.1.2/../../../../nios2-elf/lib/mno-hw-mul/libc.a(lib_a-int_errno.o)
 .bss           0x0010e6d8        0x0 /opt/altera/13.0sp1/nios2eds/bin/gnu/H-i686-pc-linux-gnu/bin/../lib/gcc/nios2-elf/4.1.2/../../../../nios2-elf/lib/mno-hw-mul/libc.a(lib_a-isattyr.o)
 .bss           0x0010e6d8        0x0 /opt/altera/13.0sp1/nios2eds/bin/gnu/H-i686-pc-linux-gnu/bin/../lib/gcc/nios2-elf/4.1.2/../../../../nios2-elf/lib/mno-hw-mul/libc.a(lib_a-lseekr.o)
 .bss           0x0010e6d8        0x0 /opt/altera/13.0sp1/nios2eds/bin/gnu/H-i686-pc-linux-gnu/bin/../lib/gcc/nios2-elf/4.1.2/../../../../nios2-elf/lib/mno-hw-mul/libc.a(lib_a-readr.o)
 .bss           0x0010e6d8        0x0 /opt/altera/13.0sp1/nios2eds/bin/gnu/H-i686-pc-linux-gnu/bin/../lib/gcc/nios2-elf/4.1.2/mno-hw-mul/libgcc.a(lib2-mul.o)
 .bss           0x0010e6d8        0x0 ../bsp//libucosii_bsp.a(alt_close.o)
 .bss           0x0010e6d8        0x0 ../bsp//libucosii_bsp.a(alt_dev.o)
 .bss           0x0010e6d8        0x0 ../bsp//libucosii_bsp.a(alt_errno.o)
 .bss           0x0010e6d8        0x0 ../bsp//libucosii_bsp.a(alt_fstat.o)
 .bss           0x0010e6d8        0x0 ../bsp//libucosii_bsp.a(alt_irq_register.o)
 .bss           0x0010e6d8        0x0 ../bsp//libucosii_bsp.a(alt_irq_vars.o)
 .bss           0x0010e6d8        0x0 ../bsp//libucosii_bsp.a(alt_isatty.o)
 .bss           0x0010e6d8        0x0 ../bsp//libucosii_bsp.a(alt_load.o)
 .bss           0x0010e6d8        0x0 ../bsp//libucosii_bsp.a(alt_lseek.o)
 .bss           0x0010e6d8        0x0 ../bsp//libucosii_bsp.a(alt_main.o)
 .bss           0x0010e6d8        0x0 ../bsp//libucosii_bsp.a(alt_read.o)
 .bss           0x0010e6d8        0x0 ../bsp//libucosii_bsp.a(alt_release_fd.o)
 .bss           0x0010e6d8        0x0 ../bsp//libucosii_bsp.a(alt_sbrk.o)
 .bss           0x0010e6d8        0x0 ../bsp//libucosii_bsp.a(alt_write.o)
 .bss           0x0010e6d8        0x0 ../bsp//libucosii_bsp.a(alt_env_lock.o)
 .bss           0x0010e6d8        0x0 ../bsp//libucosii_bsp.a(alt_malloc_lock.o)
 .bss           0x0010e6d8        0x0 ../bsp//libucosii_bsp.a(os_core.o)
 .bss           0x0010e6d8        0x0 ../bsp//libucosii_bsp.a(os_dbg.o)
 .bss           0x0010e6d8        0x0 ../bsp//libucosii_bsp.a(os_flag.o)
 .bss           0x0010e6d8        0x0 ../bsp//libucosii_bsp.a(os_mem.o)
 .bss           0x0010e6d8        0x0 ../bsp//libucosii_bsp.a(os_q.o)
 .bss           0x0010e6d8        0x0 ../bsp//libucosii_bsp.a(os_sem.o)
 .bss           0x0010e6d8        0x0 ../bsp//libucosii_bsp.a(os_task.o)
 .bss           0x0010e6d8        0x0 ../bsp//libucosii_bsp.a(os_time.o)
 .bss           0x0010e6d8        0x0 ../bsp//libucosii_bsp.a(os_tmr.o)
 .bss           0x0010e6d8        0x0 ../bsp//libucosii_bsp.a(alt_sys_init.o)
 .bss           0x0010e6d8        0x0 ../bsp//libucosii_bsp.a(altera_avalon_jtag_uart_fd.o)
 .bss           0x0010e6d8        0x0 ../bsp//libucosii_bsp.a(altera_avalon_jtag_uart_init.o)
 .bss           0x0010e6d8        0x0 ../bsp//libucosii_bsp.a(altera_avalon_jtag_uart_ioctl.o)
 .bss           0x0010e6d8        0x0 ../bsp//libucosii_bsp.a(altera_avalon_jtag_uart_read.o)
 .bss           0x0010e6d8        0x0 ../bsp//libucosii_bsp.a(altera_avalon_jtag_uart_write.o)
 .bss           0x0010e6d8        0x0 ../bsp//libucosii_bsp.a(altera_avalon_timer_sc.o)
 .bss           0x0010e6d8        0x0 ../bsp//libucosii_bsp.a(altera_up_avalon_character_lcd.o)
 .bss           0x0010e6d8        0x0 ../bsp//libucosii_bsp.a(alt_alarm_start.o)
 .bss           0x0010e6d8        0x0 ../bsp//libucosii_bsp.a(alt_dcache_flush_all.o)
 .bss           0x0010e6d8        0x0 ../bsp//libucosii_bsp.a(alt_dev_llist_insert.o)
 .bss           0x0010e6d8        0x0 ../bsp//libucosii_bsp.a(alt_do_ctors.o)
 .bss           0x0010e6d8        0x0 ../bsp//libucosii_bsp.a(alt_do_dtors.o)
 .bss           0x0010e6d8        0x0 ../bsp//libucosii_bsp.a(alt_find_dev.o)
 .bss           0x0010e6d8        0x0 ../bsp//libucosii_bsp.a(alt_icache_flush_all.o)
 .bss           0x0010e6d8        0x0 ../bsp//libucosii_bsp.a(alt_iic.o)
 .bss           0x0010e6d8        0x0 ../bsp//libucosii_bsp.a(alt_iic_isr_register.o)
 .bss           0x0010e6d8        0x0 ../bsp//libucosii_bsp.a(alt_io_redirect.o)
 .bss           0x0010e6d8        0x0 ../bsp//libucosii_bsp.a(alt_irq_entry.o)
 .bss           0x0010e6d8        0x0 ../bsp//libucosii_bsp.a(alt_irq_handler.o)
 .bss           0x0010e6d8        0x0 ../bsp//libucosii_bsp.a(alt_open.o)
 .bss           0x0010e6d8        0x0 ../bsp//libucosii_bsp.a(alt_tick.o)
 .bss           0x0010e6d8        0x0 ../bsp//libucosii_bsp.a(altera_nios2_qsys_irq.o)
 .bss           0x0010e6d8        0x0 ../bsp//libucosii_bsp.a(os_cpu_a.o)
 .bss           0x0010e6d8        0x0 ../bsp//libucosii_bsp.a(os_cpu_c.o)
 .bss           0x0010e6d8        0x0 ../bsp//libucosii_bsp.a(alt_exception_entry.o)
 .bss           0x0010e6d8        0x0 ../bsp//libucosii_bsp.a(alt_find_file.o)
 .bss           0x0010e6d8        0x0 ../bsp//libucosii_bsp.a(alt_get_fd.o)
 .bss           0x0010e6d8        0x0 /opt/altera/13.0sp1/nios2eds/bin/gnu/H-i686-pc-linux-gnu/bin/../lib/gcc/nios2-elf/4.1.2/../../../../nios2-elf/lib/mno-hw-mul/libc.a(lib_a-atexit.o)
 .bss           0x0010e6d8        0x0 /opt/altera/13.0sp1/nios2eds/bin/gnu/H-i686-pc-linux-gnu/bin/../lib/gcc/nios2-elf/4.1.2/../../../../nios2-elf/lib/mno-hw-mul/libc.a(lib_a-exit.o)
 .bss           0x0010e6d8        0x0 /opt/altera/13.0sp1/nios2eds/bin/gnu/H-i686-pc-linux-gnu/bin/../lib/gcc/nios2-elf/4.1.2/../../../../nios2-elf/lib/mno-hw-mul/libc.a(lib_a-memcmp.o)
 .bss           0x0010e6d8        0x0 /opt/altera/13.0sp1/nios2eds/bin/gnu/H-i686-pc-linux-gnu/bin/../lib/gcc/nios2-elf/4.1.2/../../../../nios2-elf/lib/mno-hw-mul/libc.a(lib_a-memcpy.o)
 .bss           0x0010e6d8        0x0 /opt/altera/13.0sp1/nios2eds/bin/gnu/H-i686-pc-linux-gnu/bin/../lib/gcc/nios2-elf/4.1.2/../../../../nios2-elf/lib/mno-hw-mul/libc.a(lib_a-strlen.o)
 .bss           0x0010e6d8        0x0 /opt/altera/13.0sp1/nios2eds/bin/gnu/H-i686-pc-linux-gnu/bin/../lib/gcc/nios2-elf/4.1.2/../../../../nios2-elf/lib/mno-hw-mul/libc.a(lib_a-__atexit.o)
 .bss           0x0010e6d8        0x0 /opt/altera/13.0sp1/nios2eds/bin/gnu/H-i686-pc-linux-gnu/bin/../lib/gcc/nios2-elf/4.1.2/../../../../nios2-elf/lib/mno-hw-mul/libc.a(lib_a-__call_atexit.o)
 .bss           0x0010e6d8        0x0 /opt/altera/13.0sp1/nios2eds/bin/gnu/H-i686-pc-linux-gnu/bin/../lib/gcc/nios2-elf/4.1.2/mno-hw-mul/libgcc.a(_fixunsdfsi.o)
 .bss           0x0010e6d8        0x0 /opt/altera/13.0sp1/nios2eds/bin/gnu/H-i686-pc-linux-gnu/bin/../lib/gcc/nios2-elf/4.1.2/mno-hw-mul/libgcc.a(_addsub_df.o)
 .bss           0x0010e6d8        0x0 /opt/altera/13.0sp1/nios2eds/bin/gnu/H-i686-pc-linux-gnu/bin/../lib/gcc/nios2-elf/4.1.2/mno-hw-mul/libgcc.a(_mul_df.o)
 .bss           0x0010e6d8        0x0 /opt/altera/13.0sp1/nios2eds/bin/gnu/H-i686-pc-linux-gnu/bin/../lib/gcc/nios2-elf/4.1.2/mno-hw-mul/libgcc.a(_div_df.o)
 .bss           0x0010e6d8        0x0 /opt/altera/13.0sp1/nios2eds/bin/gnu/H-i686-pc-linux-gnu/bin/../lib/gcc/nios2-elf/4.1.2/mno-hw-mul/libgcc.a(_ge_df.o)
 .bss           0x0010e6d8        0x0 /opt/altera/13.0sp1/nios2eds/bin/gnu/H-i686-pc-linux-gnu/bin/../lib/gcc/nios2-elf/4.1.2/mno-hw-mul/libgcc.a(_si_to_df.o)
 .bss           0x0010e6d8        0x0 /opt/altera/13.0sp1/nios2eds/bin/gnu/H-i686-pc-linux-gnu/bin/../lib/gcc/nios2-elf/4.1.2/mno-hw-mul/libgcc.a(_df_to_si.o)
 .bss           0x0010e6d8        0x0 /opt/altera/13.0sp1/nios2eds/bin/gnu/H-i686-pc-linux-gnu/bin/../lib/gcc/nios2-elf/4.1.2/mno-hw-mul/libgcc.a(_thenan_df.o)
 .bss           0x0010e6d8        0x0 /opt/altera/13.0sp1/nios2eds/bin/gnu/H-i686-pc-linux-gnu/bin/../lib/gcc/nios2-elf/4.1.2/mno-hw-mul/libgcc.a(_usi_to_df.o)
 .bss           0x0010e6d8        0x0 /opt/altera/13.0sp1/nios2eds/bin/gnu/H-i686-pc-linux-gnu/bin/../lib/gcc/nios2-elf/4.1.2/mno-hw-mul/libgcc.a(lib2-divmod.o)
 .bss           0x0010e6d8        0x0 /opt/altera/13.0sp1/nios2eds/bin/gnu/H-i686-pc-linux-gnu/bin/../lib/gcc/nios2-elf/4.1.2/mno-hw-mul/libgcc.a(_muldi3.o)
 .bss           0x0010e6d8        0x0 /opt/altera/13.0sp1/nios2eds/bin/gnu/H-i686-pc-linux-gnu/bin/../lib/gcc/nios2-elf/4.1.2/mno-hw-mul/libgcc.a(_clzsi2.o)
 .bss           0x0010e6d8        0x0 /opt/altera/13.0sp1/nios2eds/bin/gnu/H-i686-pc-linux-gnu/bin/../lib/gcc/nios2-elf/4.1.2/mno-hw-mul/libgcc.a(_pack_df.o)
 .bss           0x0010e6d8        0x0 /opt/altera/13.0sp1/nios2eds/bin/gnu/H-i686-pc-linux-gnu/bin/../lib/gcc/nios2-elf/4.1.2/mno-hw-mul/libgcc.a(_unpack_df.o)
 .bss           0x0010e6d8        0x0 /opt/altera/13.0sp1/nios2eds/bin/gnu/H-i686-pc-linux-gnu/bin/../lib/gcc/nios2-elf/4.1.2/mno-hw-mul/libgcc.a(_fpcmp_parts_df.o)
 .bss           0x0010e6d8        0x0 /opt/altera/13.0sp1/nios2eds/bin/gnu/H-i686-pc-linux-gnu/bin/../lib/gcc/nios2-elf/4.1.2/mno-hw-mul/libgcc.a(_clz.o)
 .bss           0x0010e6d8        0x0 ../bsp//libucosii_bsp.a(alt_exit.o)
 *(COMMON)
 COMMON         0x0010e6d8     0x3d74 ../bsp//libucosii_bsp.a(os_core.o)
                0x0010e6d8                OSTmrWheelTbl
                0x0010e6e8                OSFlagTbl
                0x0010ea58                OSTmrTbl
                0x0010ed98                OSMemTbl
                0x0010f9c8                OSTaskStatStk
                0x001101c8                OSQTbl
                0x001103a8                OSTmrTaskStk
                0x00110ba8                OSTaskIdleStk
                0x001113a8                OSEventTbl
                0x00111ee8                OSTCBTbl
                0x001123f8                OSTCBPrioTbl
 COMMON         0x0011244c      0x100 ../bsp//libucosii_bsp.a(alt_irq_handler.o)
                0x0011244c                alt_irq
 COMMON         0x0011254c      0x190 /opt/altera/13.0sp1/nios2eds/bin/gnu/H-i686-pc-linux-gnu/bin/../lib/gcc/nios2-elf/4.1.2/../../../../nios2-elf/lib/mno-hw-mul/libc.a(lib_a-atexit.o)
                0x0011254c                _atexit0
                0x001126dc                . = ALIGN (0x4)
                0x001126dc                __bss_end = ABSOLUTE (.)

.onchip_memory  0x00000000        0x0 load address 0x001126dc
                0x00000000                PROVIDE (_alt_partition_onchip_memory_start, ABSOLUTE (.))
 *(.onchip_memory. onchip_memory.*)
                0x00000000                . = ALIGN (0x4)
                0x00000000                PROVIDE (_alt_partition_onchip_memory_end, ABSOLUTE (.))
                0x001126dc                PROVIDE (_alt_partition_onchip_memory_load_addr, LOADADDR (.onchip_memory))

.sram           0x001126dc        0x0
                0x001126dc                PROVIDE (_alt_partition_sram_start, ABSOLUTE (.))
 *(.sram. sram.*)
                0x001126dc                . = ALIGN (0x4)
                0x001126dc                PROVIDE (_alt_partition_sram_end, ABSOLUTE (.))
                0x001126dc                _end = ABSOLUTE (.)
                0x001126dc                end = ABSOLUTE (.)
                0x001126dc                __alt_stack_base = ABSOLUTE (.)
                0x001126dc                PROVIDE (_alt_partition_sram_load_addr, LOADADDR (.sram))

.sdram          0x01000144        0x0 load address 0x001126dc
                0x01000144                PROVIDE (_alt_partition_sdram_start, ABSOLUTE (.))
 *(.sdram. sdram.*)
                0x01000144                . = ALIGN (0x4)
                0x01000144                PROVIDE (_alt_partition_sdram_end, ABSOLUTE (.))
                0x001126dc                PROVIDE (_alt_partition_sdram_load_addr, LOADADDR (.sdram))

.stab
 *(.stab)

.stabstr
 *(.stabstr)

.stab.excl
 *(.stab.excl)

.stab.exclstr
 *(.stab.exclstr)

.stab.index
 *(.stab.index)

.stab.indexstr
 *(.stab.indexstr)

.comment        0x00000000       0x26
 *(.comment)
 .comment       0x00000000       0x26 obj/default/main.o
                                 0x27 (size before relaxing)
 .comment       0x00000000       0x27 obj/default/puthex.o
 .comment       0x00000000       0x27 obj/default/puttime.o
 .comment       0x00000000       0x27 obj/default/tick.o
 .comment       0x00000000       0x27 /opt/altera/13.0sp1/nios2eds/bin/gnu/H-i686-pc-linux-gnu/bin/../lib/gcc/nios2-elf/4.1.2/../../../../nios2-elf/lib/mno-hw-mul/libc.a(lib_a-impure.o)
 .comment       0x00000000       0x27 /opt/altera/13.0sp1/nios2eds/bin/gnu/H-i686-pc-linux-gnu/bin/../lib/gcc/nios2-elf/4.1.2/../../../../nios2-elf/lib/mno-hw-mul/libc.a(lib_a-putc.o)
 .comment       0x00000000       0x27 /opt/altera/13.0sp1/nios2eds/bin/gnu/H-i686-pc-linux-gnu/bin/../lib/gcc/nios2-elf/4.1.2/../../../../nios2-elf/lib/mno-hw-mul/libc.a(lib_a-wbuf.o)
 .comment       0x00000000       0x27 /opt/altera/13.0sp1/nios2eds/bin/gnu/H-i686-pc-linux-gnu/bin/../lib/gcc/nios2-elf/4.1.2/../../../../nios2-elf/lib/mno-hw-mul/libc.a(lib_a-wsetup.o)
 .comment       0x00000000       0x27 /opt/altera/13.0sp1/nios2eds/bin/gnu/H-i686-pc-linux-gnu/bin/../lib/gcc/nios2-elf/4.1.2/../../../../nios2-elf/lib/mno-hw-mul/libc.a(lib_a-fflush.o)
 .comment       0x00000000       0x27 /opt/altera/13.0sp1/nios2eds/bin/gnu/H-i686-pc-linux-gnu/bin/../lib/gcc/nios2-elf/4.1.2/../../../../nios2-elf/lib/mno-hw-mul/libc.a(lib_a-findfp.o)
 .comment       0x00000000       0x27 /opt/altera/13.0sp1/nios2eds/bin/gnu/H-i686-pc-linux-gnu/bin/../lib/gcc/nios2-elf/4.1.2/../../../../nios2-elf/lib/mno-hw-mul/libc.a(lib_a-freer.o)
 .comment       0x00000000       0x27 /opt/altera/13.0sp1/nios2eds/bin/gnu/H-i686-pc-linux-gnu/bin/../lib/gcc/nios2-elf/4.1.2/../../../../nios2-elf/lib/mno-hw-mul/libc.a(lib_a-fwalk.o)
 .comment       0x00000000       0x27 /opt/altera/13.0sp1/nios2eds/bin/gnu/H-i686-pc-linux-gnu/bin/../lib/gcc/nios2-elf/4.1.2/../../../../nios2-elf/lib/mno-hw-mul/libc.a(lib_a-makebuf.o)
 .comment       0x00000000       0x27 /opt/altera/13.0sp1/nios2eds/bin/gnu/H-i686-pc-linux-gnu/bin/../lib/gcc/nios2-elf/4.1.2/../../../../nios2-elf/lib/mno-hw-mul/libc.a(lib_a-mallocr.o)
 .comment       0x00000000       0x27 /opt/altera/13.0sp1/nios2eds/bin/gnu/H-i686-pc-linux-gnu/bin/../lib/gcc/nios2-elf/4.1.2/../../../../nios2-elf/lib/mno-hw-mul/libc.a(lib_a-memset.o)
 .comment       0x00000000       0x27 /opt/altera/13.0sp1/nios2eds/bin/gnu/H-i686-pc-linux-gnu/bin/../lib/gcc/nios2-elf/4.1.2/../../../../nios2-elf/lib/mno-hw-mul/libc.a(lib_a-sbrkr.o)
 .comment       0x00000000       0x27 /opt/altera/13.0sp1/nios2eds/bin/gnu/H-i686-pc-linux-gnu/bin/../lib/gcc/nios2-elf/4.1.2/../../../../nios2-elf/lib/mno-hw-mul/libc.a(lib_a-stdio.o)
 .comment       0x00000000       0x27 /opt/altera/13.0sp1/nios2eds/bin/gnu/H-i686-pc-linux-gnu/bin/../lib/gcc/nios2-elf/4.1.2/../../../../nios2-elf/lib/mno-hw-mul/libc.a(lib_a-writer.o)
 .comment       0x00000000       0x27 /opt/altera/13.0sp1/nios2eds/bin/gnu/H-i686-pc-linux-gnu/bin/../lib/gcc/nios2-elf/4.1.2/../../../../nios2-elf/lib/mno-hw-mul/libc.a(lib_a-closer.o)
 .comment       0x00000000       0x27 /opt/altera/13.0sp1/nios2eds/bin/gnu/H-i686-pc-linux-gnu/bin/../lib/gcc/nios2-elf/4.1.2/../../../../nios2-elf/lib/mno-hw-mul/libc.a(lib_a-fclose.o)
 .comment       0x00000000       0x27 /opt/altera/13.0sp1/nios2eds/bin/gnu/H-i686-pc-linux-gnu/bin/../lib/gcc/nios2-elf/4.1.2/../../../../nios2-elf/lib/mno-hw-mul/libc.a(lib_a-fstatr.o)
 .comment       0x00000000       0x27 /opt/altera/13.0sp1/nios2eds/bin/gnu/H-i686-pc-linux-gnu/bin/../lib/gcc/nios2-elf/4.1.2/../../../../nios2-elf/lib/mno-hw-mul/libc.a(lib_a-int_errno.o)
 .comment       0x00000000       0x27 /opt/altera/13.0sp1/nios2eds/bin/gnu/H-i686-pc-linux-gnu/bin/../lib/gcc/nios2-elf/4.1.2/../../../../nios2-elf/lib/mno-hw-mul/libc.a(lib_a-isattyr.o)
 .comment       0x00000000       0x27 /opt/altera/13.0sp1/nios2eds/bin/gnu/H-i686-pc-linux-gnu/bin/../lib/gcc/nios2-elf/4.1.2/../../../../nios2-elf/lib/mno-hw-mul/libc.a(lib_a-lseekr.o)
 .comment       0x00000000       0x27 /opt/altera/13.0sp1/nios2eds/bin/gnu/H-i686-pc-linux-gnu/bin/../lib/gcc/nios2-elf/4.1.2/../../../../nios2-elf/lib/mno-hw-mul/libc.a(lib_a-readr.o)
 .comment       0x00000000       0x27 /opt/altera/13.0sp1/nios2eds/bin/gnu/H-i686-pc-linux-gnu/bin/../lib/gcc/nios2-elf/4.1.2/mno-hw-mul/libgcc.a(lib2-mul.o)
 .comment       0x00000000       0x27 ../bsp//libucosii_bsp.a(alt_close.o)
 .comment       0x00000000       0x27 ../bsp//libucosii_bsp.a(alt_dev.o)
 .comment       0x00000000       0x27 ../bsp//libucosii_bsp.a(alt_errno.o)
 .comment       0x00000000       0x27 ../bsp//libucosii_bsp.a(alt_fstat.o)
 .comment       0x00000000       0x27 ../bsp//libucosii_bsp.a(alt_irq_register.o)
 .comment       0x00000000       0x27 ../bsp//libucosii_bsp.a(alt_irq_vars.o)
 .comment       0x00000000       0x27 ../bsp//libucosii_bsp.a(alt_isatty.o)
 .comment       0x00000000       0x27 ../bsp//libucosii_bsp.a(alt_load.o)
 .comment       0x00000000       0x27 ../bsp//libucosii_bsp.a(alt_lseek.o)
 .comment       0x00000000       0x27 ../bsp//libucosii_bsp.a(alt_main.o)
 .comment       0x00000000       0x27 ../bsp//libucosii_bsp.a(alt_read.o)
 .comment       0x00000000       0x27 ../bsp//libucosii_bsp.a(alt_release_fd.o)
 .comment       0x00000000       0x27 ../bsp//libucosii_bsp.a(alt_sbrk.o)
 .comment       0x00000000       0x27 ../bsp//libucosii_bsp.a(alt_write.o)
 .comment       0x00000000       0x27 ../bsp//libucosii_bsp.a(alt_env_lock.o)
 .comment       0x00000000       0x27 ../bsp//libucosii_bsp.a(alt_malloc_lock.o)
 .comment       0x00000000       0x27 ../bsp//libucosii_bsp.a(os_core.o)
 .comment       0x00000000       0x27 ../bsp//libucosii_bsp.a(os_dbg.o)
 .comment       0x00000000       0x27 ../bsp//libucosii_bsp.a(os_flag.o)
 .comment       0x00000000       0x27 ../bsp//libucosii_bsp.a(os_mem.o)
 .comment       0x00000000       0x27 ../bsp//libucosii_bsp.a(os_q.o)
 .comment       0x00000000       0x27 ../bsp//libucosii_bsp.a(os_sem.o)
 .comment       0x00000000       0x27 ../bsp//libucosii_bsp.a(os_task.o)
 .comment       0x00000000       0x27 ../bsp//libucosii_bsp.a(os_time.o)
 .comment       0x00000000       0x27 ../bsp//libucosii_bsp.a(os_tmr.o)
 .comment       0x00000000       0x27 ../bsp//libucosii_bsp.a(alt_sys_init.o)
 .comment       0x00000000       0x27 ../bsp//libucosii_bsp.a(altera_avalon_jtag_uart_fd.o)
 .comment       0x00000000       0x27 ../bsp//libucosii_bsp.a(altera_avalon_jtag_uart_init.o)
 .comment       0x00000000       0x27 ../bsp//libucosii_bsp.a(altera_avalon_jtag_uart_ioctl.o)
 .comment       0x00000000       0x27 ../bsp//libucosii_bsp.a(altera_avalon_jtag_uart_read.o)
 .comment       0x00000000       0x27 ../bsp//libucosii_bsp.a(altera_avalon_jtag_uart_write.o)
 .comment       0x00000000       0x27 ../bsp//libucosii_bsp.a(altera_avalon_timer_sc.o)
 .comment       0x00000000       0x27 ../bsp//libucosii_bsp.a(altera_up_avalon_character_lcd.o)
 .comment       0x00000000       0x27 ../bsp//libucosii_bsp.a(alt_alarm_start.o)
 .comment       0x00000000       0x27 ../bsp//libucosii_bsp.a(alt_dcache_flush_all.o)
 .comment       0x00000000       0x27 ../bsp//libucosii_bsp.a(alt_dev_llist_insert.o)
 .comment       0x00000000       0x27 ../bsp//libucosii_bsp.a(alt_do_ctors.o)
 .comment       0x00000000       0x27 ../bsp//libucosii_bsp.a(alt_do_dtors.o)
 .comment       0x00000000       0x27 ../bsp//libucosii_bsp.a(alt_find_dev.o)
 .comment       0x00000000       0x27 ../bsp//libucosii_bsp.a(alt_icache_flush_all.o)
 .comment       0x00000000       0x27 ../bsp//libucosii_bsp.a(alt_iic.o)
 .comment       0x00000000       0x27 ../bsp//libucosii_bsp.a(alt_iic_isr_register.o)
 .comment       0x00000000       0x27 ../bsp//libucosii_bsp.a(alt_io_redirect.o)
 .comment       0x00000000       0x27 ../bsp//libucosii_bsp.a(alt_irq_handler.o)
 .comment       0x00000000       0x27 ../bsp//libucosii_bsp.a(alt_open.o)
 .comment       0x00000000       0x27 ../bsp//libucosii_bsp.a(alt_tick.o)
 .comment       0x00000000       0x27 ../bsp//libucosii_bsp.a(altera_nios2_qsys_irq.o)
 .comment       0x00000000       0x27 ../bsp//libucosii_bsp.a(os_cpu_c.o)
 .comment       0x00000000       0x27 ../bsp//libucosii_bsp.a(alt_find_file.o)
 .comment       0x00000000       0x27 ../bsp//libucosii_bsp.a(alt_get_fd.o)
 .comment       0x00000000       0x27 /opt/altera/13.0sp1/nios2eds/bin/gnu/H-i686-pc-linux-gnu/bin/../lib/gcc/nios2-elf/4.1.2/../../../../nios2-elf/lib/mno-hw-mul/libc.a(lib_a-atexit.o)
 .comment       0x00000000       0x27 /opt/altera/13.0sp1/nios2eds/bin/gnu/H-i686-pc-linux-gnu/bin/../lib/gcc/nios2-elf/4.1.2/../../../../nios2-elf/lib/mno-hw-mul/libc.a(lib_a-exit.o)
 .comment       0x00000000       0x27 /opt/altera/13.0sp1/nios2eds/bin/gnu/H-i686-pc-linux-gnu/bin/../lib/gcc/nios2-elf/4.1.2/../../../../nios2-elf/lib/mno-hw-mul/libc.a(lib_a-memcmp.o)
 .comment       0x00000000       0x27 /opt/altera/13.0sp1/nios2eds/bin/gnu/H-i686-pc-linux-gnu/bin/../lib/gcc/nios2-elf/4.1.2/../../../../nios2-elf/lib/mno-hw-mul/libc.a(lib_a-memcpy.o)
 .comment       0x00000000       0x27 /opt/altera/13.0sp1/nios2eds/bin/gnu/H-i686-pc-linux-gnu/bin/../lib/gcc/nios2-elf/4.1.2/../../../../nios2-elf/lib/mno-hw-mul/libc.a(lib_a-strlen.o)
 .comment       0x00000000       0x27 /opt/altera/13.0sp1/nios2eds/bin/gnu/H-i686-pc-linux-gnu/bin/../lib/gcc/nios2-elf/4.1.2/../../../../nios2-elf/lib/mno-hw-mul/libc.a(lib_a-__atexit.o)
 .comment       0x00000000       0x27 /opt/altera/13.0sp1/nios2eds/bin/gnu/H-i686-pc-linux-gnu/bin/../lib/gcc/nios2-elf/4.1.2/../../../../nios2-elf/lib/mno-hw-mul/libc.a(lib_a-__call_atexit.o)
 .comment       0x00000000       0x27 /opt/altera/13.0sp1/nios2eds/bin/gnu/H-i686-pc-linux-gnu/bin/../lib/gcc/nios2-elf/4.1.2/mno-hw-mul/libgcc.a(_fixunsdfsi.o)
 .comment       0x00000000       0x27 /opt/altera/13.0sp1/nios2eds/bin/gnu/H-i686-pc-linux-gnu/bin/../lib/gcc/nios2-elf/4.1.2/mno-hw-mul/libgcc.a(_addsub_df.o)
 .comment       0x00000000       0x27 /opt/altera/13.0sp1/nios2eds/bin/gnu/H-i686-pc-linux-gnu/bin/../lib/gcc/nios2-elf/4.1.2/mno-hw-mul/libgcc.a(_mul_df.o)
 .comment       0x00000000       0x27 /opt/altera/13.0sp1/nios2eds/bin/gnu/H-i686-pc-linux-gnu/bin/../lib/gcc/nios2-elf/4.1.2/mno-hw-mul/libgcc.a(_div_df.o)
 .comment       0x00000000       0x27 /opt/altera/13.0sp1/nios2eds/bin/gnu/H-i686-pc-linux-gnu/bin/../lib/gcc/nios2-elf/4.1.2/mno-hw-mul/libgcc.a(_ge_df.o)
 .comment       0x00000000       0x27 /opt/altera/13.0sp1/nios2eds/bin/gnu/H-i686-pc-linux-gnu/bin/../lib/gcc/nios2-elf/4.1.2/mno-hw-mul/libgcc.a(_si_to_df.o)
 .comment       0x00000000       0x27 /opt/altera/13.0sp1/nios2eds/bin/gnu/H-i686-pc-linux-gnu/bin/../lib/gcc/nios2-elf/4.1.2/mno-hw-mul/libgcc.a(_df_to_si.o)
 .comment       0x00000000       0x27 /opt/altera/13.0sp1/nios2eds/bin/gnu/H-i686-pc-linux-gnu/bin/../lib/gcc/nios2-elf/4.1.2/mno-hw-mul/libgcc.a(_thenan_df.o)
 .comment       0x00000000       0x27 /opt/altera/13.0sp1/nios2eds/bin/gnu/H-i686-pc-linux-gnu/bin/../lib/gcc/nios2-elf/4.1.2/mno-hw-mul/libgcc.a(_usi_to_df.o)
 .comment       0x00000000       0x27 /opt/altera/13.0sp1/nios2eds/bin/gnu/H-i686-pc-linux-gnu/bin/../lib/gcc/nios2-elf/4.1.2/mno-hw-mul/libgcc.a(lib2-divmod.o)
 .comment       0x00000000       0x27 /opt/altera/13.0sp1/nios2eds/bin/gnu/H-i686-pc-linux-gnu/bin/../lib/gcc/nios2-elf/4.1.2/mno-hw-mul/libgcc.a(_muldi3.o)
 .comment       0x00000000       0x27 /opt/altera/13.0sp1/nios2eds/bin/gnu/H-i686-pc-linux-gnu/bin/../lib/gcc/nios2-elf/4.1.2/mno-hw-mul/libgcc.a(_clzsi2.o)
 .comment       0x00000000       0x27 /opt/altera/13.0sp1/nios2eds/bin/gnu/H-i686-pc-linux-gnu/bin/../lib/gcc/nios2-elf/4.1.2/mno-hw-mul/libgcc.a(_pack_df.o)
 .comment       0x00000000       0x27 /opt/altera/13.0sp1/nios2eds/bin/gnu/H-i686-pc-linux-gnu/bin/../lib/gcc/nios2-elf/4.1.2/mno-hw-mul/libgcc.a(_unpack_df.o)
 .comment       0x00000000       0x27 /opt/altera/13.0sp1/nios2eds/bin/gnu/H-i686-pc-linux-gnu/bin/../lib/gcc/nios2-elf/4.1.2/mno-hw-mul/libgcc.a(_fpcmp_parts_df.o)
 .comment       0x00000000       0x27 /opt/altera/13.0sp1/nios2eds/bin/gnu/H-i686-pc-linux-gnu/bin/../lib/gcc/nios2-elf/4.1.2/mno-hw-mul/libgcc.a(_clz.o)
 .comment       0x00000000       0x27 ../bsp//libucosii_bsp.a(alt_exit.o)

.debug
 *(.debug)

.line
 *(.line)

.debug_srcinfo
 *(.debug_srcinfo)

.debug_sfnames
 *(.debug_sfnames)

.debug_aranges  0x00000000      0xcb8
 *(.debug_aranges)
 .debug_aranges
                0x00000000       0x28 ../bsp//obj/HAL/src/crt0.o
 .debug_aranges
                0x00000028       0x20 obj/default/delay_asm.o
 .debug_aranges
                0x00000048       0x20 obj/default/hexasc_asm.o
 .debug_aranges
                0x00000068       0x20 obj/default/main.o
 .debug_aranges
                0x00000088       0x20 obj/default/puthex.o
 .debug_aranges
                0x000000a8       0x20 obj/default/puttime.o
 .debug_aranges
                0x000000c8       0x20 obj/default/tick.o
 .debug_aranges
                0x000000e8       0x20 /opt/altera/13.0sp1/nios2eds/bin/gnu/H-i686-pc-linux-gnu/bin/../lib/gcc/nios2-elf/4.1.2/../../../../nios2-elf/lib/mno-hw-mul/libc.a(lib_a-putc.o)
 .debug_aranges
                0x00000108       0x20 /opt/altera/13.0sp1/nios2eds/bin/gnu/H-i686-pc-linux-gnu/bin/../lib/gcc/nios2-elf/4.1.2/../../../../nios2-elf/lib/mno-hw-mul/libc.a(lib_a-wbuf.o)
 .debug_aranges
                0x00000128       0x20 /opt/altera/13.0sp1/nios2eds/bin/gnu/H-i686-pc-linux-gnu/bin/../lib/gcc/nios2-elf/4.1.2/../../../../nios2-elf/lib/mno-hw-mul/libc.a(lib_a-wsetup.o)
 .debug_aranges
                0x00000148       0x20 /opt/altera/13.0sp1/nios2eds/bin/gnu/H-i686-pc-linux-gnu/bin/../lib/gcc/nios2-elf/4.1.2/../../../../nios2-elf/lib/mno-hw-mul/libc.a(lib_a-fflush.o)
 .debug_aranges
                0x00000168       0x20 /opt/altera/13.0sp1/nios2eds/bin/gnu/H-i686-pc-linux-gnu/bin/../lib/gcc/nios2-elf/4.1.2/../../../../nios2-elf/lib/mno-hw-mul/libc.a(lib_a-findfp.o)
 .debug_aranges
                0x00000188       0x20 /opt/altera/13.0sp1/nios2eds/bin/gnu/H-i686-pc-linux-gnu/bin/../lib/gcc/nios2-elf/4.1.2/../../../../nios2-elf/lib/mno-hw-mul/libc.a(lib_a-freer.o)
 .debug_aranges
                0x000001a8       0x20 /opt/altera/13.0sp1/nios2eds/bin/gnu/H-i686-pc-linux-gnu/bin/../lib/gcc/nios2-elf/4.1.2/../../../../nios2-elf/lib/mno-hw-mul/libc.a(lib_a-fwalk.o)
 .debug_aranges
                0x000001c8       0x20 /opt/altera/13.0sp1/nios2eds/bin/gnu/H-i686-pc-linux-gnu/bin/../lib/gcc/nios2-elf/4.1.2/../../../../nios2-elf/lib/mno-hw-mul/libc.a(lib_a-makebuf.o)
 .debug_aranges
                0x000001e8       0x20 /opt/altera/13.0sp1/nios2eds/bin/gnu/H-i686-pc-linux-gnu/bin/../lib/gcc/nios2-elf/4.1.2/../../../../nios2-elf/lib/mno-hw-mul/libc.a(lib_a-mallocr.o)
 .debug_aranges
                0x00000208       0x20 /opt/altera/13.0sp1/nios2eds/bin/gnu/H-i686-pc-linux-gnu/bin/../lib/gcc/nios2-elf/4.1.2/../../../../nios2-elf/lib/mno-hw-mul/libc.a(lib_a-memset.o)
 .debug_aranges
                0x00000228       0x20 /opt/altera/13.0sp1/nios2eds/bin/gnu/H-i686-pc-linux-gnu/bin/../lib/gcc/nios2-elf/4.1.2/../../../../nios2-elf/lib/mno-hw-mul/libc.a(lib_a-sbrkr.o)
 .debug_aranges
                0x00000248       0x20 /opt/altera/13.0sp1/nios2eds/bin/gnu/H-i686-pc-linux-gnu/bin/../lib/gcc/nios2-elf/4.1.2/../../../../nios2-elf/lib/mno-hw-mul/libc.a(lib_a-stdio.o)
 .debug_aranges
                0x00000268       0x20 /opt/altera/13.0sp1/nios2eds/bin/gnu/H-i686-pc-linux-gnu/bin/../lib/gcc/nios2-elf/4.1.2/../../../../nios2-elf/lib/mno-hw-mul/libc.a(lib_a-writer.o)
 .debug_aranges
                0x00000288       0x20 /opt/altera/13.0sp1/nios2eds/bin/gnu/H-i686-pc-linux-gnu/bin/../lib/gcc/nios2-elf/4.1.2/../../../../nios2-elf/lib/mno-hw-mul/libc.a(lib_a-closer.o)
 .debug_aranges
                0x000002a8       0x20 /opt/altera/13.0sp1/nios2eds/bin/gnu/H-i686-pc-linux-gnu/bin/../lib/gcc/nios2-elf/4.1.2/../../../../nios2-elf/lib/mno-hw-mul/libc.a(lib_a-fclose.o)
 .debug_aranges
                0x000002c8       0x20 /opt/altera/13.0sp1/nios2eds/bin/gnu/H-i686-pc-linux-gnu/bin/../lib/gcc/nios2-elf/4.1.2/../../../../nios2-elf/lib/mno-hw-mul/libc.a(lib_a-fstatr.o)
 .debug_aranges
                0x000002e8       0x20 /opt/altera/13.0sp1/nios2eds/bin/gnu/H-i686-pc-linux-gnu/bin/../lib/gcc/nios2-elf/4.1.2/../../../../nios2-elf/lib/mno-hw-mul/libc.a(lib_a-isattyr.o)
 .debug_aranges
                0x00000308       0x20 /opt/altera/13.0sp1/nios2eds/bin/gnu/H-i686-pc-linux-gnu/bin/../lib/gcc/nios2-elf/4.1.2/../../../../nios2-elf/lib/mno-hw-mul/libc.a(lib_a-lseekr.o)
 .debug_aranges
                0x00000328       0x20 /opt/altera/13.0sp1/nios2eds/bin/gnu/H-i686-pc-linux-gnu/bin/../lib/gcc/nios2-elf/4.1.2/../../../../nios2-elf/lib/mno-hw-mul/libc.a(lib_a-readr.o)
 .debug_aranges
                0x00000348       0x20 /opt/altera/13.0sp1/nios2eds/bin/gnu/H-i686-pc-linux-gnu/bin/../lib/gcc/nios2-elf/4.1.2/mno-hw-mul/libgcc.a(lib2-mul.o)
 .debug_aranges
                0x00000368       0x20 ../bsp//libucosii_bsp.a(alt_close.o)
 .debug_aranges
                0x00000388       0x20 ../bsp//libucosii_bsp.a(alt_dev.o)
 .debug_aranges
                0x000003a8       0x20 ../bsp//libucosii_bsp.a(alt_fstat.o)
 .debug_aranges
                0x000003c8       0x20 ../bsp//libucosii_bsp.a(alt_irq_register.o)
 .debug_aranges
                0x000003e8       0x20 ../bsp//libucosii_bsp.a(alt_isatty.o)
 .debug_aranges
                0x00000408       0x20 ../bsp//libucosii_bsp.a(alt_load.o)
 .debug_aranges
                0x00000428       0x20 ../bsp//libucosii_bsp.a(alt_lseek.o)
 .debug_aranges
                0x00000448       0x20 ../bsp//libucosii_bsp.a(alt_main.o)
 .debug_aranges
                0x00000468       0x20 ../bsp//libucosii_bsp.a(alt_read.o)
 .debug_aranges
                0x00000488       0x20 ../bsp//libucosii_bsp.a(alt_release_fd.o)
 .debug_aranges
                0x000004a8       0x20 ../bsp//libucosii_bsp.a(alt_sbrk.o)
 .debug_aranges
                0x000004c8       0x20 ../bsp//libucosii_bsp.a(alt_write.o)
 .debug_aranges
                0x000004e8       0x20 ../bsp//libucosii_bsp.a(alt_env_lock.o)
 .debug_aranges
                0x00000508       0x20 ../bsp//libucosii_bsp.a(alt_malloc_lock.o)
 .debug_aranges
                0x00000528       0x20 ../bsp//libucosii_bsp.a(os_core.o)
 .debug_aranges
                0x00000548       0x20 ../bsp//libucosii_bsp.a(os_dbg.o)
 .debug_aranges
                0x00000568       0x20 ../bsp//libucosii_bsp.a(os_flag.o)
 .debug_aranges
                0x00000588       0x20 ../bsp//libucosii_bsp.a(os_mem.o)
 .debug_aranges
                0x000005a8       0x20 ../bsp//libucosii_bsp.a(os_q.o)
 .debug_aranges
                0x000005c8       0x20 ../bsp//libucosii_bsp.a(os_sem.o)
 .debug_aranges
                0x000005e8       0x20 ../bsp//libucosii_bsp.a(os_task.o)
 .debug_aranges
                0x00000608       0x20 ../bsp//libucosii_bsp.a(os_time.o)
 .debug_aranges
                0x00000628       0x20 ../bsp//libucosii_bsp.a(os_tmr.o)
 .debug_aranges
                0x00000648       0x20 ../bsp//libucosii_bsp.a(alt_sys_init.o)
 .debug_aranges
                0x00000668       0x20 ../bsp//libucosii_bsp.a(altera_avalon_jtag_uart_fd.o)
 .debug_aranges
                0x00000688       0x20 ../bsp//libucosii_bsp.a(altera_avalon_jtag_uart_init.o)
 .debug_aranges
                0x000006a8       0x20 ../bsp//libucosii_bsp.a(altera_avalon_jtag_uart_ioctl.o)
 .debug_aranges
                0x000006c8       0x20 ../bsp//libucosii_bsp.a(altera_avalon_jtag_uart_read.o)
 .debug_aranges
                0x000006e8       0x20 ../bsp//libucosii_bsp.a(altera_avalon_jtag_uart_write.o)
 .debug_aranges
                0x00000708       0x20 ../bsp//libucosii_bsp.a(altera_avalon_timer_sc.o)
 .debug_aranges
                0x00000728       0x20 ../bsp//libucosii_bsp.a(altera_up_avalon_character_lcd.o)
 .debug_aranges
                0x00000748       0x20 ../bsp//libucosii_bsp.a(alt_alarm_start.o)
 .debug_aranges
                0x00000768       0x20 ../bsp//libucosii_bsp.a(alt_dcache_flush_all.o)
 .debug_aranges
                0x00000788       0x20 ../bsp//libucosii_bsp.a(alt_dev_llist_insert.o)
 .debug_aranges
                0x000007a8       0x20 ../bsp//libucosii_bsp.a(alt_do_ctors.o)
 .debug_aranges
                0x000007c8       0x20 ../bsp//libucosii_bsp.a(alt_do_dtors.o)
 .debug_aranges
                0x000007e8       0x20 ../bsp//libucosii_bsp.a(alt_find_dev.o)
 .debug_aranges
                0x00000808       0x20 ../bsp//libucosii_bsp.a(alt_icache_flush_all.o)
 .debug_aranges
                0x00000828       0x20 ../bsp//libucosii_bsp.a(alt_iic.o)
 .debug_aranges
                0x00000848       0x20 ../bsp//libucosii_bsp.a(alt_iic_isr_register.o)
 .debug_aranges
                0x00000868       0x20 ../bsp//libucosii_bsp.a(alt_io_redirect.o)
 .debug_aranges
                0x00000888       0x30 ../bsp//libucosii_bsp.a(alt_irq_entry.o)
 .debug_aranges
                0x000008b8       0x28 ../bsp//libucosii_bsp.a(alt_irq_handler.o)
 .debug_aranges
                0x000008e0       0x20 ../bsp//libucosii_bsp.a(alt_open.o)
 .debug_aranges
                0x00000900       0x20 ../bsp//libucosii_bsp.a(alt_tick.o)
 .debug_aranges
                0x00000920       0x20 ../bsp//libucosii_bsp.a(altera_nios2_qsys_irq.o)
 .debug_aranges
                0x00000940       0x20 ../bsp//libucosii_bsp.a(os_cpu_a.o)
 .debug_aranges
                0x00000960       0x20 ../bsp//libucosii_bsp.a(os_cpu_c.o)
 .debug_aranges
                0x00000980       0x38 ../bsp//libucosii_bsp.a(alt_exception_entry.o)
 .debug_aranges
                0x000009b8       0x20 ../bsp//libucosii_bsp.a(alt_find_file.o)
 .debug_aranges