Archive member included because of file (symbol)

/opt/altera/13.0sp1/nios2eds/bin/gnu/H-i686-pc-linux-gnu/bin/../lib/gcc/nios2-elf/4.1.2/mno-hw-mul/libgcc.a(_addsub_df.o)
                              obj/default/cruise_skeleton.o (__adddf3)
/opt/altera/13.0sp1/nios2eds/bin/gnu/H-i686-pc-linux-gnu/bin/../lib/gcc/nios2-elf/4.1.2/mno-hw-mul/libgcc.a(_mul_df.o)
                              obj/default/cruise_skeleton.o (__muldf3)
/opt/altera/13.0sp1/nios2eds/bin/gnu/H-i686-pc-linux-gnu/bin/../lib/gcc/nios2-elf/4.1.2/mno-hw-mul/libgcc.a(_div_df.o)
                              obj/default/cruise_skeleton.o (__divdf3)
/opt/altera/13.0sp1/nios2eds/bin/gnu/H-i686-pc-linux-gnu/bin/../lib/gcc/nios2-elf/4.1.2/mno-hw-mul/libgcc.a(_si_to_df.o)
                              obj/default/cruise_skeleton.o (__floatsidf)
/opt/altera/13.0sp1/nios2eds/bin/gnu/H-i686-pc-linux-gnu/bin/../lib/gcc/nios2-elf/4.1.2/mno-hw-mul/libgcc.a(_df_to_si.o)
                              obj/default/cruise_skeleton.o (__fixdfsi)
/opt/altera/13.0sp1/nios2eds/bin/gnu/H-i686-pc-linux-gnu/bin/../lib/gcc/nios2-elf/4.1.2/mno-hw-mul/libgcc.a(_thenan_df.o)
                              /opt/altera/13.0sp1/nios2eds/bin/gnu/H-i686-pc-linux-gnu/bin/../lib/gcc/nios2-elf/4.1.2/mno-hw-mul/libgcc.a(_addsub_df.o) (__thenan_df)
/opt/altera/13.0sp1/nios2eds/bin/gnu/H-i686-pc-linux-gnu/bin/../lib/gcc/nios2-elf/4.1.2/mno-hw-mul/libgcc.a(lib2-divmod.o)
                              obj/default/cruise_skeleton.o (__divsi3)
/opt/altera/13.0sp1/nios2eds/bin/gnu/H-i686-pc-linux-gnu/bin/../lib/gcc/nios2-elf/4.1.2/mno-hw-mul/libgcc.a(lib2-mul.o)
                              obj/default/cruise_skeleton.o (__mulsi3)
/opt/altera/13.0sp1/nios2eds/bin/gnu/H-i686-pc-linux-gnu/bin/../lib/gcc/nios2-elf/4.1.2/mno-hw-mul/libgcc.a(_muldi3.o)
                              /opt/altera/13.0sp1/nios2eds/bin/gnu/H-i686-pc-linux-gnu/bin/../lib/gcc/nios2-elf/4.1.2/mno-hw-mul/libgcc.a(_mul_df.o) (__muldi3)
/opt/altera/13.0sp1/nios2eds/bin/gnu/H-i686-pc-linux-gnu/bin/../lib/gcc/nios2-elf/4.1.2/mno-hw-mul/libgcc.a(_clzsi2.o)
                              /opt/altera/13.0sp1/nios2eds/bin/gnu/H-i686-pc-linux-gnu/bin/../lib/gcc/nios2-elf/4.1.2/mno-hw-mul/libgcc.a(_si_to_df.o) (__clzsi2)
/opt/altera/13.0sp1/nios2eds/bin/gnu/H-i686-pc-linux-gnu/bin/../lib/gcc/nios2-elf/4.1.2/mno-hw-mul/libgcc.a(_pack_df.o)
                              /opt/altera/13.0sp1/nios2eds/bin/gnu/H-i686-pc-linux-gnu/bin/../lib/gcc/nios2-elf/4.1.2/mno-hw-mul/libgcc.a(_addsub_df.o) (__pack_d)
/opt/altera/13.0sp1/nios2eds/bin/gnu/H-i686-pc-linux-gnu/bin/../lib/gcc/nios2-elf/4.1.2/mno-hw-mul/libgcc.a(_unpack_df.o)
                              /opt/altera/13.0sp1/nios2eds/bin/gnu/H-i686-pc-linux-gnu/bin/../lib/gcc/nios2-elf/4.1.2/mno-hw-mul/libgcc.a(_addsub_df.o) (__unpack_d)
/opt/altera/13.0sp1/nios2eds/bin/gnu/H-i686-pc-linux-gnu/bin/../lib/gcc/nios2-elf/4.1.2/mno-hw-mul/libgcc.a(_clz.o)
                              /opt/altera/13.0sp1/nios2eds/bin/gnu/H-i686-pc-linux-gnu/bin/../lib/gcc/nios2-elf/4.1.2/mno-hw-mul/libgcc.a(_clzsi2.o) (__clz_tab)
/opt/altera/13.0sp1/nios2eds/bin/gnu/H-i686-pc-linux-gnu/bin/../lib/gcc/nios2-elf/4.1.2/../../../../nios2-elf/lib/mno-hw-mul/libc.a(lib_a-printf.o)
                              obj/default/cruise_skeleton.o (printf)
/opt/altera/13.0sp1/nios2eds/bin/gnu/H-i686-pc-linux-gnu/bin/../lib/gcc/nios2-elf/4.1.2/../../../../nios2-elf/lib/mno-hw-mul/libc.a(lib_a-puts.o)
                              obj/default/cruise_skeleton.o (puts)
/opt/altera/13.0sp1/nios2eds/bin/gnu/H-i686-pc-linux-gnu/bin/../lib/gcc/nios2-elf/4.1.2/../../../../nios2-elf/lib/mno-hw-mul/libc.a(lib_a-strlen.o)
                              /opt/altera/13.0sp1/nios2eds/bin/gnu/H-i686-pc-linux-gnu/bin/../lib/gcc/nios2-elf/4.1.2/../../../../nios2-elf/lib/mno-hw-mul/libc.a(lib_a-puts.o) (strlen)
/opt/altera/13.0sp1/nios2eds/bin/gnu/H-i686-pc-linux-gnu/bin/../lib/gcc/nios2-elf/4.1.2/../../../../nios2-elf/lib/mno-hw-mul/libc.a(lib_a-vfprintf.o)
                              /opt/altera/13.0sp1/nios2eds/bin/gnu/H-i686-pc-linux-gnu/bin/../lib/gcc/nios2-elf/4.1.2/../../../../nios2-elf/lib/mno-hw-mul/libc.a(lib_a-printf.o) (___vfprintf_internal_r)
/opt/altera/13.0sp1/nios2eds/bin/gnu/H-i686-pc-linux-gnu/bin/../lib/gcc/nios2-elf/4.1.2/../../../../nios2-elf/lib/mno-hw-mul/libc.a(lib_a-wsetup.o)
                              /opt/altera/13.0sp1/nios2eds/bin/gnu/H-i686-pc-linux-gnu/bin/../lib/gcc/nios2-elf/4.1.2/../../../../nios2-elf/lib/mno-hw-mul/libc.a(lib_a-vfprintf.o) (__swsetup_r)
/opt/altera/13.0sp1/nios2eds/bin/gnu/H-i686-pc-linux-gnu/bin/../lib/gcc/nios2-elf/4.1.2/../../../../nios2-elf/lib/mno-hw-mul/libc.a(lib_a-dtoa.o)
                              /opt/altera/13.0sp1/nios2eds/bin/gnu/H-i686-pc-linux-gnu/bin/../lib/gcc/nios2-elf/4.1.2/../../../../nios2-elf/lib/mno-hw-mul/libc.a(lib_a-vfprintf.o) (_dtoa_r)
[...]
Memory Configuration

Name             Origin             Length             Attributes
onchip_memory    0x00000000         0x00006400
sram             0x00100000         0x00080000
reset            0x01000000         0x00000020
sdram            0x01000020         0x007fffe0
*default*        0x00000000         0xffffffff

Linker script and memory map

LOAD ../bsp//obj/HAL/src/crt0.o
LOAD obj/default/cruise_skeleton.o
LOAD /opt/altera/13.0sp1/nios2eds/bin/gnu/H-i686-pc-linux-gnu/bin/../lib/gcc/nios2-elf/4.1.2/../../../../nios2-elf/lib/mno-hw-mul/libstdc++.a
LOAD /opt/altera/13.0sp1/nios2eds/bin/gnu/H-i686-pc-linux-gnu/bin/../lib/gcc/nios2-elf/4.1.2/../../../../nios2-elf/lib/mno-hw-mul/libm.a
LOAD /opt/altera/13.0sp1/nios2eds/bin/gnu/H-i686-pc-linux-gnu/bin/../lib/gcc/nios2-elf/4.1.2/mno-hw-mul/libgcc.a
START GROUP
LOAD /opt/altera/13.0sp1/nios2eds/bin/gnu/H-i686-pc-linux-gnu/bin/../lib/gcc/nios2-elf/4.1.2/../../../../nios2-elf/lib/mno-hw-mul/libc.a
LOAD /opt/altera/13.0sp1/nios2eds/bin/gnu/H-i686-pc-linux-gnu/bin/../lib/gcc/nios2-elf/4.1.2/mno-hw-mul/libgcc.a
LOAD ../bsp//libucosii_bsp.a
END GROUP
LOAD /opt/altera/13.0sp1/nios2eds/bin/gnu/H-i686-pc-linux-gnu/bin/../lib/gcc/nios2-elf/4.1.2/mno-hw-mul/libgcc.a
                0x00000000                __alt_mem_onchip_memory = 0x0
                0x00100000                __alt_mem_sram = 0x100000
                0x01000000                __alt_mem_sdram = 0x1000000

.entry          0x01000000       0x20
 *(.entry)
 .entry         0x01000000       0x20 ../bsp//obj/HAL/src/crt0.o
                0x01000000                __reset

.exceptions     0x01000020      0x124 load address 0x00100000
                0x01000020                PROVIDE (__ram_exceptions_start, ABSOLUTE (.))
                0x01000020                . = ALIGN (0x20)
 *(.irq)
 *(.exceptions.entry.label)
 .exceptions.entry.label
                0x01000020        0x0 ../bsp//libucosii_bsp.a(alt_irq_entry.o)
                0x01000020                alt_irq_entry
 .exceptions.entry.label
                0x01000020        0x0 ../bsp//libucosii_bsp.a(alt_exception_entry.o)
                0x01000020                alt_exception
 *(.exceptions.entry.user)
 *(.exceptions.entry)
 .exceptions.entry
                0x01000020       0x54 ../bsp//libucosii_bsp.a(alt_exception_entry.o)
 *(.exceptions.irqtest.user)
 *(.exceptions.irqtest)
 .exceptions.irqtest
                0x01000074       0x10 ../bsp//libucosii_bsp.a(alt_irq_entry.o)
 *(.exceptions.irqhandler.user)
 *(.exceptions.irqhandler)
 .exceptions.irqhandler
                0x01000084        0x4 ../bsp//libucosii_bsp.a(alt_irq_entry.o)
 *(.exceptions.irqreturn.user)
 *(.exceptions.irqreturn)
 .exceptions.irqreturn
                0x01000088        0x4 ../bsp//libucosii_bsp.a(alt_irq_entry.o)
 *(.exceptions.notirq.label)
 .exceptions.notirq.label
                0x0100008c        0x0 ../bsp//libucosii_bsp.a(alt_irq_entry.o)
 *(.exceptions.notirq.user)
 *(.exceptions.notirq)
 .exceptions.notirq
                0x0100008c        0x8 ../bsp//libucosii_bsp.a(alt_exception_entry.o)
 *(.exceptions.soft.user)
 *(.exceptions.soft)
 *(.exceptions.unknown.user)
 *(.exceptions.unknown)
 .exceptions.unknown
                0x01000094        0x4 ../bsp//libucosii_bsp.a(alt_exception_entry.o)
 *(.exceptions.exit.label)
 .exceptions.exit.label
                0x01000098        0x0 ../bsp//libucosii_bsp.a(alt_irq_entry.o)
 .exceptions.exit.label
                0x01000098        0x0 ../bsp//libucosii_bsp.a(alt_exception_entry.o)
 *(.exceptions.exit.user)
 *(.exceptions.exit)
 .exceptions.exit
                0x01000098       0x54 ../bsp//libucosii_bsp.a(alt_exception_entry.o)
 *(.exceptions)
 .exceptions    0x010000ec       0x58 ../bsp//libucosii_bsp.a(alt_irq_handler.o)
                0x010000ec                alt_irq_handler
                0x01000144                PROVIDE (__ram_exceptions_end, ABSOLUTE (.))
                0x00100000                PROVIDE (__flash_exceptions_start, LOADADDR (.exceptions))

.text           0x00100124    0x127fc
                0x00100124                PROVIDE (stext, ABSOLUTE (.))
 *(.interp)
 *(.hash)
 *(.dynsym)
 *(.dynstr)
 *(.gnu.version)
 *(.gnu.version_d)
 *(.gnu.version_r)
 *(.rel.init)
 *(.rela.init)
 *(.rel.text .rel.text.* .rel.gnu.linkonce.t.*)
 *(.rela.text .rela.text.* .rela.gnu.linkonce.t.*)
 *(.rel.fini)
 *(.rela.fini)
 *(.rel.rodata .rel.rodata.* .rel.gnu.linkonce.r.*)
 *(.rela.rodata .rela.rodata.* .rela.gnu.linkonce.r.*)
 *(.rel.data .rel.data.* .rel.gnu.linkonce.d.*)
 *(.rela.data .rela.data.* .rela.gnu.linkonce.d.*)
 *(.rel.tdata .rel.tdata.* .rel.gnu.linkonce.td.*)
 *(.rela.tdata .rela.tdata.* .rela.gnu.linkonce.td.*)
 *(.rel.tbss .rel.tbss.* .rel.gnu.linkonce.tb.*)
 *(.rela.tbss .rela.tbss.* .rela.gnu.linkonce.tb.*)
 *(.rel.ctors)
 *(.rela.ctors)
 *(.rel.dtors)
 *(.rela.dtors)
 *(.rel.got)
 *(.rela.got)
 *(.rel.sdata .rel.sdata.* .rel.gnu.linkonce.s.*)
 *(.rela.sdata .rela.sdata.* .rela.gnu.linkonce.s.*)
 *(.rel.sbss .rel.sbss.* .rel.gnu.linkonce.sb.*)
 *(.rela.sbss .rela.sbss.* .rela.gnu.linkonce.sb.*)
 *(.rel.sdata2 .rel.sdata2.* .rel.gnu.linkonce.s2.*)
 *(.rela.sdata2 .rela.sdata2.* .rela.gnu.linkonce.s2.*)
 *(.rel.sbss2 .rel.sbss2.* .rel.gnu.linkonce.sb2.*)
 *(.rela.sbss2 .rela.sbss2.* .rela.gnu.linkonce.sb2.*)
 *(.rel.bss .rel.bss.* .rel.gnu.linkonce.b.*)
 *(.rela.bss .rela.bss.* .rela.gnu.linkonce.b.*)
 *(.rel.plt)
 *(.rela.plt)
 *(.rel.dyn)
 *(.init)
 *(.plt)
 *(.text .stub .text.* .gnu.linkonce.t.*)
 .text          0x00100124       0x3c ../bsp//obj/HAL/src/crt0.o
                0x00100124                _start
 .text          0x00100160     0x16ec obj/default/cruise_skeleton.o
                0x00100160                buttons_pressed
                0x00100188                switches_pressed
                0x001001ac                alarm_handler
                0x001001dc                VehicleTimerCallback
                0x00100210                ControlTimerCallback
                0x00100244                ButtonIOTimerCallback
                0x00100278                SwitchIOTimerCallback
                0x001002ac                OverloadDetectionTimerCallback
                0x001002e0                ExtraloadTimerCallback
                0x00100314                int2seven
                0x00100350                show_velocity_on_sevenseg
                0x00100440                show_target_velocity
                0x00100504                show_position
                0x0010061c                VehicleTask
                0x001009d0                ControlTask
                0x00100c5c                ButtonIOTask
                0x00100e74                SwitchIOTask
                0x00101058                WatchdogTask
                0x001010b0                OverloadDetectionTask
                0x001010ec                simulate_load
                0x00101150                ExtraLoadTask
                0x001011c0                StartTask
                0x001017d0                main
 .text          0x0010184c      0x504 /opt/altera/13.0sp1/nios2eds/bin/gnu/H-i686-pc-linux-gnu/bin/../lib/gcc/nios2-elf/4.1.2/mno-hw-mul/libgcc.a(_addsub_df.o)
                0x00101c5c                __subdf3
                0x00101cdc                __adddf3
 .text          0x00101d50      0x3c4 /opt/altera/13.0sp1/nios2eds/bin/gnu/H-i686-pc-linux-gnu/bin/../lib/gcc/nios2-elf/4.1.2/mno-hw-mul/libgcc.a(_mul_df.o)
                0x00101d50                __muldf3
 .text          0x00102114      0x258 /opt/altera/13.0sp1/nios2eds/bin/gnu/H-i686-pc-linux-gnu/bin/../lib/gcc/nios2-elf/4.1.2/mno-hw-mul/libgcc.a(_div_df.o)
                0x00102114                __divdf3
 .text          0x0010236c       0xf8 /opt/altera/13.0sp1/nios2eds/bin/gnu/H-i686-pc-linux-gnu/bin/../lib/gcc/nios2-elf/4.1.2/mno-hw-mul/libgcc.a(_si_to_df.o)
                0x0010236c                __floatsidf
 .text          0x00102464       0xd8 /opt/altera/13.0sp1/nios2eds/bin/gnu/H-i686-pc-linux-gnu/bin/../lib/gcc/nios2-elf/4.1.2/mno-hw-mul/libgcc.a(_df_to_si.o)
                0x00102464                __fixdfsi
 .text          0x0010253c        0x0 /opt/altera/13.0sp1/nios2eds/bin/gnu/H-i686-pc-linux-gnu/bin/../lib/gcc/nios2-elf/4.1.2/mno-hw-mul/libgcc.a(_thenan_df.o)
 .text          0x0010253c      0x14c /opt/altera/13.0sp1/nios2eds/bin/gnu/H-i686-pc-linux-gnu/bin/../lib/gcc/nios2-elf/4.1.2/mno-hw-mul/libgcc.a(lib2-divmod.o)
                0x001025b8                __divsi3
                0x00102618                __modsi3
                0x00102678                __udivsi3
                0x00102680                __umodsi3
 .text          0x00102688       0x38 /opt/altera/13.0sp1/nios2eds/bin/gnu/H-i686-pc-linux-gnu/bin/../lib/gcc/nios2-elf/4.1.2/mno-hw-mul/libgcc.a(lib2-mul.o)
                0x00102688                __mulsi3
 .text          0x001026c0      0x124 /opt/altera/13.0sp1/nios2eds/bin/gnu/H-i686-pc-linux-gnu/bin/../lib/gcc/nios2-elf/4.1.2/mno-hw-mul/libgcc.a(_muldi3.o)
                0x001026c0                __muldi3
 .text          0x001027e4       0x80 /opt/altera/13.0sp1/nios2eds/bin/gnu/H-i686-pc-linux-gnu/bin/../lib/gcc/nios2-elf/4.1.2/mno-hw-mul/libgcc.a(_clzsi2.o)
                0x001027e4                __clzsi2
 .text          0x00102864      0x314 /opt/altera/13.0sp1/nios2eds/bin/gnu/H-i686-pc-linux-gnu/bin/../lib/gcc/nios2-elf/4.1.2/mno-hw-mul/libgcc.a(_pack_df.o)
                0x00102864                __pack_d
 .text          0x00102b78      0x138 /opt/altera/13.0sp1/nios2eds/bin/gnu/H-i686-pc-linux-gnu/bin/../lib/gcc/nios2-elf/4.1.2/mno-hw-mul/libgcc.a(_unpack_df.o)
                0x00102b78                __unpack_d
 .text          0x00102cb0        0x0 /opt/altera/13.0sp1/nios2eds/bin/gnu/H-i686-pc-linux-gnu/bin/../lib/gcc/nios2-elf/4.1.2/mno-hw-mul/libgcc.a(_clz.o)
 .text          0x00102cb0       0x78 /opt/altera/13.0sp1/nios2eds/bin/gnu/H-i686-pc-linux-gnu/bin/../lib/gcc/nios2-elf/4.1.2/../../../../nios2-elf/lib/mno-hw-mul/libc.a(lib_a-printf.o)
                0x00102cb0                printf
                0x00102cf4                _printf_r
 .text          0x00102d28       0xb4 /opt/altera/13.0sp1/nios2eds/bin/gnu/H-i686-pc-linux-gnu/bin/../lib/gcc/nios2-elf/4.1.2/../../../../nios2-elf/lib/mno-hw-mul/libc.a(lib_a-puts.o)
                0x00102d28                _puts_r
                0x00102dc8                puts
 .text          0x00102ddc       0x74 /opt/altera/13.0sp1/nios2eds/bin/gnu/H-i686-pc-linux-gnu/bin/../lib/gcc/nios2-elf/4.1.2/../../../../nios2-elf/lib/mno-hw-mul/libc.a(lib_a-strlen.o)
                0x00102ddc                strlen
 .text          0x00102e50     0x1f40 /opt/altera/13.0sp1/nios2eds/bin/gnu/H-i686-pc-linux-gnu/bin/../lib/gcc/nios2-elf/4.1.2/../../../../nios2-elf/lib/mno-hw-mul/libc.a(lib_a-vfprintf.o)
                0x00102ea8                ___vfprintf_internal_r
                0x00104d6c                __vfprintf_internal
 .text          0x00104d90      0x13c /opt/altera/13.0sp1/nios2eds/bin/gnu/H-i686-pc-linux-gnu/bin/../lib/gcc/nios2-elf/4.1.2/../../../../nios2-elf/lib/mno-hw-mul/libc.a(lib_a-wsetup.o)
                0x00104d90                __swsetup_r
 .text          0x00104ecc     0x17f8 /opt/altera/13.0sp1/nios2eds/bin/gnu/H-i686-pc-linux-gnu/bin/../lib/gcc/nios2-elf/4.1.2/../../../../nios2-elf/lib/mno-hw-mul/libc.a(lib_a-dtoa.o)
                0x00105110                _dtoa_r
 .text          0x001066c4      0x230 /opt/altera/13.0sp1/nios2eds/bin/gnu/H-i686-pc-linux-gnu/bin/../lib/gcc/nios2-elf/4.1.2/../../../../nios2-elf/lib/mno-hw-mul/libc.a(lib_a-fflush.o)
                0x001066c4                _fflush_r
                0x001068c0                fflush
 .text          0x001068f4      0x2f4 /opt/altera/13.0sp1/nios2eds/bin/gnu/H-i686-pc-linux-gnu/bin/../lib/gcc/nios2-elf/4.1.2/../../../../nios2-elf/lib/mno-hw-mul/libc.a(lib_a-findfp.o)
                0x0010694c                __sfp_lock_acquire
                0x00106950                __sfp_lock_release
                0x00106954                __sinit_lock_acquire
                0x00106958                __sinit_lock_release
                0x0010695c                __sinit
                0x00106a10                __fp_unlock_all
                0x00106a28                __fp_lock_all
                0x00106a40                _cleanup_r
                0x00106a4c                _cleanup
                0x00106a5c                __sfmoreglue
                0x00106af8                __sfp
 .text          0x00106be8      0x440 /opt/altera/13.0sp1/nios2eds/bin/gnu/H-i686-pc-linux-gnu/bin/../lib/gcc/nios2-elf/4.1.2/../../../../nios2-elf/lib/mno-hw-mul/libc.a(lib_a-freer.o)
                0x00106be8                _malloc_trim_r
                0x00106d14                _free_r
 .text          0x00107028      0x49c /opt/altera/13.0sp1/nios2eds/bin/gnu/H-i686-pc-linux-gnu/bin/../lib/gcc/nios2-elf/4.1.2/../../../../nios2-elf/lib/mno-hw-mul/libc.a(lib_a-fvwrite.o)
                0x00107028                __sfvwrite_r
 .text          0x001074c4      0x180 /opt/altera/13.0sp1/nios2eds/bin/gnu/H-i686-pc-linux-gnu/bin/../lib/gcc/nios2-elf/4.1.2/../../../../nios2-elf/lib/mno-hw-mul/libc.a(lib_a-fwalk.o)
                0x001074c4                _fwalk_reent
                0x0010758c                _fwalk
 .text          0x00107644        0x0 /opt/altera/13.0sp1/nios2eds/bin/gnu/H-i686-pc-linux-gnu/bin/../lib/gcc/nios2-elf/4.1.2/../../../../nios2-elf/lib/mno-hw-mul/libc.a(lib_a-impure.o)
 .text          0x00107644       0xc4 /opt/altera/13.0sp1/nios2eds/bin/gnu/H-i686-pc-linux-gnu/bin/../lib/gcc/nios2-elf/4.1.2/../../../../nios2-elf/lib/mno-hw-mul/libc.a(lib_a-locale.o)
                0x00107644                __locale_charset
                0x0010764c                _localeconv_r
                0x00107658                localeconv
                0x00107668                _setlocale_r
                0x001076ec                setlocale
 .text          0x00107708      0x194 /opt/altera/13.0sp1/nios2eds/bin/gnu/H-i686-pc-linux-gnu/bin/../lib/gcc/nios2-elf/4.1.2/../../../../nios2-elf/lib/mno-hw-mul/libc.a(lib_a-makebuf.o)
                0x00107708                __smakebuf_r
 .text          0x0010789c      0x740 /opt/altera/13.0sp1/nios2eds/bin/gnu/H-i686-pc-linux-gnu/bin/../lib/gcc/nios2-elf/4.1.2/../../../../nios2-elf/lib/mno-hw-mul/libc.a(lib_a-mallocr.o)
                0x0010789c                _malloc_r
 .text          0x00107fdc       0xe4 /opt/altera/13.0sp1/nios2eds/bin/gnu/H-i686-pc-linux-gnu/bin/../lib/gcc/nios2-elf/4.1.2/../../../../nios2-elf/lib/mno-hw-mul/libc.a(lib_a-memchr.o)
                0x00107fdc                memchr
 .text          0x001080c0       0xa0 /opt/altera/13.0sp1/nios2eds/bin/gnu/H-i686-pc-linux-gnu/bin/../lib/gcc/nios2-elf/4.1.2/../../../../nios2-elf/lib/mno-hw-mul/libc.a(lib_a-memcpy.o)
                0x001080c0                memcpy
 .text          0x00108160       0xe0 /opt/altera/13.0sp1/nios2eds/bin/gnu/H-i686-pc-linux-gnu/bin/../lib/gcc/nios2-elf/4.1.2/../../../../nios2-elf/lib/mno-hw-mul/libc.a(lib_a-memmove.o)
                0x00108160                memmove
 .text          0x00108240       0x98 /opt/altera/13.0sp1/nios2eds/bin/gnu/H-i686-pc-linux-gnu/bin/../lib/gcc/nios2-elf/4.1.2/../../../../nios2-elf/lib/mno-hw-mul/libc.a(lib_a-memset.o)
                0x00108240                memset
 .text          0x001082d8     0x108c /opt/altera/13.0sp1/nios2eds/bin/gnu/H-i686-pc-linux-gnu/bin/../lib/gcc/nios2-elf/4.1.2/../../../../nios2-elf/lib/mno-hw-mul/libc.a(lib_a-mprec.o)
                0x001082d8                _Bfree
                0x00108300                __hi0bits
                0x00108370                __lo0bits
                0x00108434                __mcmp
                0x00108494                __ulp
                0x00108514                __b2d
                0x00108634                __ratio
                0x001086e4                _mprec_log10
                0x00108778                __copybits
                0x001087d0                __any_on
                0x00108858                _Balloc
                0x00108914                __d2b
                0x00108a90                __mdiff
                0x00108c1c                __lshift
                0x00108d68                __multiply
                0x00108fbc                __i2b
                0x00108ff8                __multadd
                0x00109124                __pow5mult
                0x00109244                __s2b
 .text          0x00109364      0x5f4 /opt/altera/13.0sp1/nios2eds/bin/gnu/H-i686-pc-linux-gnu/bin/../lib/gcc/nios2-elf/4.1.2/../../../../nios2-elf/lib/mno-hw-mul/libc.a(lib_a-reallocr.o)
                0x00109364                _realloc_r
 .text          0x00109958       0x40 /opt/altera/13.0sp1/nios2eds/bin/gnu/H-i686-pc-linux-gnu/bin/../lib/gcc/nios2-elf/4.1.2/../../../../nios2-elf/lib/mno-hw-mul/libc.a(lib_a-s_isinfd.o)
                0x00109958                __isinfd
 .text          0x00109998       0x30 /opt/altera/13.0sp1/nios2eds/bin/gnu/H-i686-pc-linux-gnu/bin/../lib/gcc/nios2-elf/4.1.2/../../../../nios2-elf/lib/mno-hw-mul/libc.a(lib_a-s_isnand.o)
                0x00109998                __isnand
 .text          0x001099c8       0x70 /opt/altera/13.0sp1/nios2eds/bin/gnu/H-i686-pc-linux-gnu/bin/../lib/gcc/nios2-elf/4.1.2/../../../../nios2-elf/lib/mno-hw-mul/libc.a(lib_a-sbrkr.o)
                0x001099c8                _sbrk_r
 .text          0x00109a38      0x14c /opt/altera/13.0sp1/nios2eds/bin/gnu/H-i686-pc-linux-gnu/bin/../lib/gcc/nios2-elf/4.1.2/../../../../nios2-elf/lib/mno-hw-mul/libc.a(lib_a-stdio.o)
                0x00109a38                __sclose
                0x00109a40                __sseek
                0x00109aa8                __swrite
                0x00109b24                __sread
 .text          0x00109b84       0xbc /opt/altera/13.0sp1/nios2eds/bin/gnu/H-i686-pc-linux-gnu/bin/../lib/gcc/nios2-elf/4.1.2/../../../../nios2-elf/lib/mno-hw-mul/libc.a(lib_a-strcmp.o)
                0x00109b84                strcmp
 .text          0x00109c40       0x78 /opt/altera/13.0sp1/nios2eds/bin/gnu/H-i686-pc-linux-gnu/bin/../lib/gcc/nios2-elf/4.1.2/../../../../nios2-elf/lib/mno-hw-mul/libc.a(lib_a-writer.o)
                0x00109c40                _write_r
 .text          0x00109cb8       0xc8 /opt/altera/13.0sp1/nios2eds/bin/gnu/H-i686-pc-linux-gnu/bin/../lib/gcc/nios2-elf/4.1.2/../../../../nios2-elf/lib/mno-hw-mul/libc.a(lib_a-callocr.o)
                0x00109cb8                _calloc_r
 .text          0x00109d80       0x70 /opt/altera/13.0sp1/nios2eds/bin/gnu/H-i686-pc-linux-gnu/bin/../lib/gcc/nios2-elf/4.1.2/../../../../nios2-elf/lib/mno-hw-mul/libc.a(lib_a-closer.o)
                0x00109d80                _close_r
 .text          0x00109df0      0x124 /opt/altera/13.0sp1/nios2eds/bin/gnu/H-i686-pc-linux-gnu/bin/../lib/gcc/nios2-elf/4.1.2/../../../../nios2-elf/lib/mno-hw-mul/libc.a(lib_a-fclose.o)
                0x00109df0                _fclose_r
                0x00109f00                fclose
 .text          0x00109f14       0x74 /opt/altera/13.0sp1/nios2eds/bin/gnu/H-i686-pc-linux-gnu/bin/../lib/gcc/nios2-elf/4.1.2/../../../../nios2-elf/lib/mno-hw-mul/libc.a(lib_a-fstatr.o)
                0x00109f14                _fstat_r
 .text          0x00109f88        0x0 /opt/altera/13.0sp1/nios2eds/bin/gnu/H-i686-pc-linux-gnu/bin/../lib/gcc/nios2-elf/4.1.2/../../../../nios2-elf/lib/mno-hw-mul/libc.a(lib_a-int_errno.o)
 .text          0x00109f88       0x70 /opt/altera/13.0sp1/nios2eds/bin/gnu/H-i686-pc-linux-gnu/bin/../lib/gcc/nios2-elf/4.1.2/../../../../nios2-elf/lib/mno-hw-mul/libc.a(lib_a-isattyr.o)
                0x00109f88                _isatty_r
 .text          0x00109ff8       0x78 /opt/altera/13.0sp1/nios2eds/bin/gnu/H-i686-pc-linux-gnu/bin/../lib/gcc/nios2-elf/4.1.2/../../../../nios2-elf/lib/mno-hw-mul/libc.a(lib_a-lseekr.o)
                0x00109ff8                _lseek_r
 .text          0x0010a070       0x78 /opt/altera/13.0sp1/nios2eds/bin/gnu/H-i686-pc-linux-gnu/bin/../lib/gcc/nios2-elf/4.1.2/../../../../nios2-elf/lib/mno-hw-mul/libc.a(lib_a-readr.o)
                0x0010a070                _read_r
 .text          0x0010a0e8      0x66c /opt/altera/13.0sp1/nios2eds/bin/gnu/H-i686-pc-linux-gnu/bin/../lib/gcc/nios2-elf/4.1.2/mno-hw-mul/libgcc.a(_udivdi3.o)
                0x0010a0e8                __udivdi3
 .text          0x0010a754      0x660 /opt/altera/13.0sp1/nios2eds/bin/gnu/H-i686-pc-linux-gnu/bin/../lib/gcc/nios2-elf/4.1.2/mno-hw-mul/libgcc.a(_umoddi3.o)
                0x0010a754                __umoddi3
 .text          0x0010adb4       0x88 /opt/altera/13.0sp1/nios2eds/bin/gnu/H-i686-pc-linux-gnu/bin/../lib/gcc/nios2-elf/4.1.2/mno-hw-mul/libgcc.a(_eq_df.o)
                0x0010adb4                __eqdf2
 .text          0x0010ae3c       0x88 /opt/altera/13.0sp1/nios2eds/bin/gnu/H-i686-pc-linux-gnu/bin/../lib/gcc/nios2-elf/4.1.2/mno-hw-mul/libgcc.a(_ne_df.o)
                0x0010ae3c                __nedf2
 .text          0x0010aec4       0x88 /opt/altera/13.0sp1/nios2eds/bin/gnu/H-i686-pc-linux-gnu/bin/../lib/gcc/nios2-elf/4.1.2/mno-hw-mul/libgcc.a(_gt_df.o)
                0x0010aec4                __gtdf2
 .text          0x0010af4c       0x88 /opt/altera/13.0sp1/nios2eds/bin/gnu/H-i686-pc-linux-gnu/bin/../lib/gcc/nios2-elf/4.1.2/mno-hw-mul/libgcc.a(_ge_df.o)
                0x0010af4c                __gedf2
 .text          0x0010afd4       0x88 /opt/altera/13.0sp1/nios2eds/bin/gnu/H-i686-pc-linux-gnu/bin/../lib/gcc/nios2-elf/4.1.2/mno-hw-mul/libgcc.a(_lt_df.o)
                0x0010afd4                __ltdf2
 .text          0x0010b05c      0x194 /opt/altera/13.0sp1/nios2eds/bin/gnu/H-i686-pc-linux-gnu/bin/../lib/gcc/nios2-elf/4.1.2/mno-hw-mul/libgcc.a(_usi_to_df.o)
                0x0010b05c                __floatunsidf
 .text          0x0010b1f0       0xc8 /opt/altera/13.0sp1/nios2eds/bin/gnu/H-i686-pc-linux-gnu/bin/../lib/gcc/nios2-elf/4.1.2/mno-hw-mul/libgcc.a(_fpcmp_parts_df.o)
                0x0010b1f0                __fpcmp_parts_d
 .text          0x0010b2b8       0x90 ../bsp//libucosii_bsp.a(alt_alarm_start.o)
                0x0010b2b8                alt_alarm_start
 .text          0x0010b348       0xbc ../bsp//libucosii_bsp.a(alt_close.o)
                0x0010b368                close
 .text          0x0010b404        0x8 ../bsp//libucosii_bsp.a(alt_dev.o)
 .text          0x0010b40c        0x0 ../bsp//libucosii_bsp.a(alt_errno.o)
 .text          0x0010b40c       0x9c ../bsp//libucosii_bsp.a(alt_fstat.o)
                0x0010b40c                fstat
 .text          0x0010b4a8       0x94 ../bsp//libucosii_bsp.a(alt_isatty.o)
                0x0010b4a8                isatty
 .text          0x0010b53c       0x8c ../bsp//libucosii_bsp.a(alt_load.o)
                0x0010b55c                alt_load
 .text          0x0010b5c8       0xb8 ../bsp//libucosii_bsp.a(alt_lseek.o)
                0x0010b5c8                lseek
 .text          0x0010b680       0xa8 ../bsp//libucosii_bsp.a(alt_main.o)
                0x0010b680                alt_main
 .text          0x0010b728       0xd8 ../bsp//libucosii_bsp.a(alt_read.o)
                0x0010b748                read
 .text          0x0010b800       0x5c ../bsp//libucosii_bsp.a(alt_release_fd.o)
                0x0010b800                alt_release_fd
 .text          0x0010b85c       0x50 ../bsp//libucosii_bsp.a(alt_sbrk.o)
                0x0010b85c                sbrk
 .text          0x0010b8ac       0xe0 ../bsp//libucosii_bsp.a(alt_tick.o)
                0x0010b8ac                alt_alarm_stop
                0x0010b8e0                alt_tick
 .text          0x0010b98c       0xd4 ../bsp//libucosii_bsp.a(alt_write.o)
                0x0010b9ac                write
 .text          0x0010ba60       0xa8 ../bsp//libucosii_bsp.a(alt_env_lock.o)
                0x0010ba60                __env_unlock
                0x0010ba88                __env_lock
 .text          0x0010bb08      0x110 ../bsp//libucosii_bsp.a(alt_malloc_lock.o)
                0x0010bb08                __malloc_unlock
                0x0010bb64                __malloc_lock
 .text          0x0010bc18     0x1118 ../bsp//libucosii_bsp.a(os_core.o)
                0x0010bc18                OSVersion
                0x0010bc20                OS_Dummy
                0x0010bc24                OS_EventTaskWait
                0x0010bca8                OS_EventTaskWaitMulti
                0x0010bd48                OS_EventTaskRemove
                0x0010bd94                OS_EventTaskRemoveMulti
                0x0010bdf0                OS_EventTaskRdy
                0x0010bee4                OS_EventWaitListInit
                0x0010bf00                OS_MemClr
                0x0010bf1c                OS_MemCopy
                0x0010bf40                OS_StrCopy
                0x0010bf6c                OS_StrLen
                0x0010bf8c                OS_TaskStatStkChk
                0x0010c010                OS_Sched
                0x0010c0c8                OSStart
                0x0010c134                OSInit
                0x0010c314                OSEventNameGet
                0x0010c3cc                OSEventPendMulti
                0x0010c724                OSIntEnter
                0x0010c760                OSSchedLock
                0x0010c7a4                OSSchedUnlock
                0x0010c7f8                OSStatInit
                0x0010c85c                OSTimeTick
                0x0010c968                OS_TaskIdle
                0x0010c998                OS_TaskStat
                0x0010ca1c                OS_TCBInit
                0x0010cba0                OSIntExit
                0x0010cc74                OSEventNameSet
 .text          0x0010cd30        0x4 ../bsp//libucosii_bsp.a(os_dbg.o)
                0x0010cd30                OSDebugInit
 .text          0x0010cd34      0xc5c ../bsp//libucosii_bsp.a(os_flag.o)
                0x0010cdec                OS_FlagUnlink
                0x0010ceb8                OS_FlagInit
                0x0010cf28                OSFlagQuery
                0x0010cf84                OSFlagAccept
                0x0010d0f4                OSFlagCreate
                0x0010d17c                OSFlagDel
                0x0010d2dc                OSFlagNameGet
                0x0010d39c                OSFlagNameSet
                0x0010d470                OSFlagPend
                0x0010d770                OSFlagPendGetFlagsRdy
                0x0010d79c                OSFlagPost
 .text          0x0010d990      0x67c ../bsp//libucosii_bsp.a(os_mbox.o)
                0x0010d990                OSMboxQuery
                0x0010da0c                OSMboxAccept
                0x0010da44                OSMboxCreate
                0x0010dad0                OSMboxDel
                0x0010dc18                OSMboxPend
                0x0010dda8                OSMboxPendAbort
                0x0010de8c                OSMboxPost
                0x0010df28                OSMboxPostOpt
 .text          0x0010e00c      0x3b8 ../bsp//libucosii_bsp.a(os_mem.o)
                0x0010e00c                OS_MemInit
                0x0010e074                OSMemQuery
                0x0010e0d8                OSMemCreate
                0x0010e1a8                OSMemGet
                0x0010e214                OSMemNameGet
                0x0010e2b0                OSMemNameSet
                0x0010e36c                OSMemPut
 .text          0x0010e3c4      0x9c4 ../bsp//libucosii_bsp.a(os_q.o)
                0x0010e3c4                OS_QInit
                0x0010e414                OSQQuery
                0x0010e4ac                OSQAccept
                0x0010e548                OSQCreate
                0x0010e648                OSQDel
                0x0010e7cc                OSQFlush
                0x0010e81c                OSQPend
                0x0010e9dc                OSQPendAbort
                0x0010eac4                OSQPost
                0x0010eb80                OSQPostFront
                0x0010ec44                OSQPostOpt
 .text          0x0010ed88      0x5e0 ../bsp//libucosii_bsp.a(os_sem.o)
                0x0010ed88                OSSemSet
                0x0010edec                OSSemAccept
                0x0010ee30                OSSemCreate
                0x0010eebc                OSSemDel
                0x0010f010                OSSemPend
                0x0010f178                OSSemPendAbort
                0x0010f264                OSSemPost
                0x0010f300                OSSemQuery
 .text          0x0010f368      0xe74 ../bsp//libucosii_bsp.a(os_task.o)
                0x0010f368                OS_TaskStkClr
                0x0010f398                OSTaskQuery
                0x0010f460                OSTaskChangePrio
                0x0010f6fc                OSTaskCreate
                0x0010f808                OSTaskCreateExt
                0x0010f980                OSTaskDel
                0x0010fbcc                OSTaskDelReq
                0x0010fc80                OSTaskNameGet
                0x0010fd88                OSTaskNameSet
                0x0010fea4                OSTaskResume
                0x0010ffa8                OSTaskStkChk
                0x00110098                OSTaskSuspend
 .text          0x001101dc      0x378 ../bsp//libucosii_bsp.a(os_time.o)
                0x001101dc                OSTimeSet
                0x00110200                OSTimeDly
                0x00110298                OSTimeDlyHMSM
                0x00110438                OSTimeDlyResume
                0x00110530                OSTimeGet
 .text          0x00110554      0xb94 ../bsp//libucosii_bsp.a(os_tmr.o)
                0x001106c0                OSTmr_Init
                0x0011091c                OSTmrStop
                0x00110a78                OSTmrStart
                0x00110b7c                OSTmrStateGet
                0x00110c24                OSTmrRemainGet
                0x00110d3c                OSTmrDel
                0x00110e38                OSTmrSignal
                0x00110e60                OSTmrNameGet
                0x00110f4c                OSTmrCreate
 .text          0x001110e8       0x9c ../bsp//libucosii_bsp.a(alt_sys_init.o)
                0x001110f4                alt_sys_init
                0x00111164                alt_irq_init
 .text          0x00111184       0x3c ../bsp//libucosii_bsp.a(altera_avalon_jtag_uart_fd.o)
                0x00111184                altera_avalon_jtag_uart_ioctl_fd
                0x00111190                altera_avalon_jtag_uart_close_fd
                0x001111a0                altera_avalon_jtag_uart_write_fd
                0x001111b0                altera_avalon_jtag_uart_read_fd
 .text          0x001111c0      0x2f4 ../bsp//libucosii_bsp.a(altera_avalon_jtag_uart_init.o)
                0x001111c0                altera_avalon_jtag_uart_close
                0x00111280                altera_avalon_jtag_uart_init
 .text          0x001114b4       0x7c ../bsp//libucosii_bsp.a(altera_avalon_jtag_uart_ioctl.o)
                0x001114b4                altera_avalon_jtag_uart_ioctl
 .text          0x00111530      0x1ac ../bsp//libucosii_bsp.a(altera_avalon_jtag_uart_read.o)
                0x00111530                altera_avalon_jtag_uart_read
 .text          0x001116dc      0x1b8 ../bsp//libucosii_bsp.a(altera_avalon_jtag_uart_write.o)
                0x001116dc                altera_avalon_jtag_uart_write
 .text          0x00111894       0x8c ../bsp//libucosii_bsp.a(altera_avalon_timer_sc.o)
                0x00111894                alt_avalon_timer_sc_init
 .text          0x00111920      0x250 ../bsp//libucosii_bsp.a(altera_up_avalon_character_lcd.o)
                0x00111920                get_DDRAM_addr
                0x00111938                alt_up_character_lcd_string
                0x00111954                alt_up_character_lcd_write
                0x00111978                alt_up_character_lcd_write_fd
                0x00111998                alt_up_character_lcd_init
                0x001119a8                alt_up_character_lcd_send_cmd
                0x001119b8                alt_up_character_lcd_cursor_blink_on
                0x001119c0                alt_up_character_lcd_cursor_off
                0x001119c8                alt_up_character_lcd_erase_pos
                0x00111a2c                alt_up_character_lcd_shift_display
                0x00111a9c                alt_up_character_lcd_shift_cursor
                0x00111b0c                alt_up_character_lcd_set_cursor_pos
                0x00111b64                alt_up_character_lcd_open_dev
 .text          0x00111b70        0x4 ../bsp//libucosii_bsp.a(alt_dcache_flush_all.o)
                0x00111b70                alt_dcache_flush_all
 .text          0x00111b74       0x70 ../bsp//libucosii_bsp.a(alt_dev_llist_insert.o)
                0x00111b74                alt_dev_llist_insert
 .text          0x00111be4       0x40 ../bsp//libucosii_bsp.a(alt_do_ctors.o)
                0x00111be4                _do_ctors
 .text          0x00111c24       0x40 ../bsp//libucosii_bsp.a(alt_do_dtors.o)
                0x00111c24                _do_dtors
 .text          0x00111c64       0x70 ../bsp//libucosii_bsp.a(alt_find_dev.o)
                0x00111c64                alt_find_dev
 .text          0x00111cd4        0x4 ../bsp//libucosii_bsp.a(alt_icache_flush_all.o)
                0x00111cd4                alt_icache_flush_all
 .text          0x00111cd8       0x9c ../bsp//libucosii_bsp.a(alt_iic.o)
                0x00111cd8                alt_ic_irq_enabled
                0x00111cf0                alt_ic_irq_enable
                0x00111d30                alt_ic_irq_disable
                0x00111d70                alt_ic_isr_register
 .text          0x00111d74       0x6c ../bsp//libucosii_bsp.a(alt_iic_isr_register.o)
                0x00111d74                alt_iic_isr_register
 .text          0x00111de0      0x114 ../bsp//libucosii_bsp.a(alt_io_redirect.o)
                0x00111e68                alt_io_redirect
 .text          0x00111ef4        0x0 ../bsp//libucosii_bsp.a(alt_irq_entry.o)
 .text          0x00111ef4        0x0 ../bsp//libucosii_bsp.a(alt_irq_handler.o)
 .text          0x00111ef4        0x0 ../bsp//libucosii_bsp.a(alt_irq_vars.o)
 .text          0x00111ef4      0x17c ../bsp//libucosii_bsp.a(alt_open.o)
                0x00111ef4                open
 .text          0x00112070        0x8 ../bsp//libucosii_bsp.a(altera_nios2_qsys_irq.o)
                0x00112070                altera_nios2_qsys_irq_init
 .text          0x00112078       0xd0 ../bsp//libucosii_bsp.a(os_cpu_a.o)
                0x00112078                OSCtxSw
                0x00112078                OSIntCtxSw
                0x00112104                OSStartHighRdy
                0x00112124                OSStartTsk
 .text          0x00112148      0x228 ../bsp//libucosii_bsp.a(os_cpu_c.o)
                0x00112148                OSTaskCreateHook
                0x0011214c                OSTaskDelHook
                0x00112150                OSTaskSwHook
                0x00112154                OSTaskStatHook
                0x00112158                OSInitHookBegin
                0x00112160                OSInitHookEnd
                0x00112164                OSTaskIdleHook
                0x00112168                OSTCBInitHook
                0x0011216c                OSTimeTickHook
                0x001121c4                OSTaskStkInit
 .text          0x00112370        0x0 ../bsp//libucosii_bsp.a(alt_exception_entry.o)
 .text          0x00112370       0x9c ../bsp//libucosii_bsp.a(alt_find_file.o)
                0x00112370                alt_find_file
 .text          0x0011240c       0xa4 ../bsp//libucosii_bsp.a(alt_get_fd.o)
                0x0011240c                alt_get_fd
 .text          0x001124b0       0x14 /opt/altera/13.0sp1/nios2eds/bin/gnu/H-i686-pc-linux-gnu/bin/../lib/gcc/nios2-elf/4.1.2/../../../../nios2-elf/lib/mno-hw-mul/libc.a(lib_a-atexit.o)
                0x001124b0                atexit
 .text          0x001124c4       0x38 /opt/altera/13.0sp1/nios2eds/bin/gnu/H-i686-pc-linux-gnu/bin/../lib/gcc/nios2-elf/4.1.2/../../../../nios2-elf/lib/mno-hw-mul/libc.a(lib_a-exit.o)
                0x001124c4                exit
 .text          0x001124fc       0x74 /opt/altera/13.0sp1/nios2eds/bin/gnu/H-i686-pc-linux-gnu/bin/../lib/gcc/nios2-elf/4.1.2/../../../../nios2-elf/lib/mno-hw-mul/libc.a(lib_a-memcmp.o)
                0x001124fc                memcmp
 .text          0x00112570      0x134 /opt/altera/13.0sp1/nios2eds/bin/gnu/H-i686-pc-linux-gnu/bin/../lib/gcc/nios2-elf/4.1.2/../../../../nios2-elf/lib/mno-hw-mul/libc.a(lib_a-__atexit.o)
                0x00112570                __register_exitproc
 .text          0x001126a4      0x1b4 /opt/altera/13.0sp1/nios2eds/bin/gnu/H-i686-pc-linux-gnu/bin/../lib/gcc/nios2-elf/4.1.2/../../../../nios2-elf/lib/mno-hw-mul/libc.a(lib_a-__call_atexit.o)
                0x001126a8                __call_exitprocs
 .text          0x00112858       0xa4 /opt/altera/13.0sp1/nios2eds/bin/gnu/H-i686-pc-linux-gnu/bin/../lib/gcc/nios2-elf/4.1.2/mno-hw-mul/libgcc.a(_fixunsdfsi.o)
                0x00112858                __fixunsdfsi
 .text          0x001128fc       0x20 ../bsp//libucosii_bsp.a(alt_exit.o)
                0x001128fc                _exit
 *(.gnu.warning.*)
 *(.fini)
                0x0011291c                PROVIDE (__etext, ABSOLUTE (.))
                0x0011291c                PROVIDE (_etext, ABSOLUTE (.))
                0x0011291c                PROVIDE (etext, ABSOLUTE (.))
 *(.eh_frame_hdr)
                0x0011291c                . = ALIGN (0x4)
                0x0011291c                PROVIDE (__preinit_array_start, ABSOLUTE (.))
 *(.preinit_array)
                0x0011291c                PROVIDE (__preinit_array_end, ABSOLUTE (.))
                0x0011291c                PROVIDE (__init_array_start, ABSOLUTE (.))
 *(.init_array)
                0x0011291c                PROVIDE (__init_array_end, ABSOLUTE (.))
                0x0011291c                PROVIDE (__fini_array_start, ABSOLUTE (.))
 *(.fini_array)
                0x0011291c                PROVIDE (__fini_array_end, ABSOLUTE (.))
 *(.eh_frame)
 *(.gcc_except_table)
 *(.dynamic)
                0x0011291c                PROVIDE (__CTOR_LIST__, ABSOLUTE (.))
 *(.ctors)
 *(SORT(.ctors.*))
 .ctors.65535   0x0011291c        0x4 /opt/altera/13.0sp1/nios2eds/bin/gnu/H-i686-pc-linux-gnu/bin/../lib/gcc/nios2-elf/4.1.2/../../../../nios2-elf/lib/mno-hw-mul/libc.a(lib_a-__call_atexit.o)
                0x00112920                PROVIDE (__CTOR_END__, ABSOLUTE (.))
                0x00112920                PROVIDE (__DTOR_LIST__, ABSOLUTE (.))
 *(.dtors)
 *(SORT(.dtors.*))
                0x00112920                PROVIDE (__DTOR_END__, ABSOLUTE (.))
 *(.jcr)
                0x00112920                . = ALIGN (0x4)

.rodata         0x00112920      0x798
                0x00112920                PROVIDE (__ram_rodata_start, ABSOLUTE (.))
                0x00112920                . = ALIGN (0x4)
 *(.rodata .rodata.* .gnu.linkonce.r.*)
 .rodata        0x00112920      0x300 obj/default/cruise_skeleton.o
 .rodata        0x00112c20       0x14 /opt/altera/13.0sp1/nios2eds/bin/gnu/H-i686-pc-linux-gnu/bin/../lib/gcc/nios2-elf/4.1.2/mno-hw-mul/libgcc.a(_thenan_df.o)
                0x00112c20                __thenan_df
 .rodata        0x00112c34      0x100 /opt/altera/13.0sp1/nios2eds/bin/gnu/H-i686-pc-linux-gnu/bin/../lib/gcc/nios2-elf/4.1.2/mno-hw-mul/libgcc.a(_clz.o)
                0x00112c34                __clz_tab
 .rodata.str1.4
                0x00112d34        0x2 /opt/altera/13.0sp1/nios2eds/bin/gnu/H-i686-pc-linux-gnu/bin/../lib/gcc/nios2-elf/4.1.2/../../../../nios2-elf/lib/mno-hw-mul/libc.a(lib_a-puts.o)
                                  0x4 (size before relaxing)
 *fill*         0x00112d36        0x2 00
 .rodata.str1.4
                0x00112d38       0x5e /opt/altera/13.0sp1/nios2eds/bin/gnu/H-i686-pc-linux-gnu/bin/../lib/gcc/nios2-elf/4.1.2/../../../../nios2-elf/lib/mno-hw-mul/libc.a(lib_a-vfprintf.o)
                                 0x60 (size before relaxing)
 .rodata        0x00112d96       0x20 /opt/altera/13.0sp1/nios2eds/bin/gnu/H-i686-pc-linux-gnu/bin/../lib/gcc/nios2-elf/4.1.2/../../../../nios2-elf/lib/mno-hw-mul/libc.a(lib_a-vfprintf.o)
 *fill*         0x00112db6        0x2 00
 .rodata.str1.4
                0x00112db8       0x10 /opt/altera/13.0sp1/nios2eds/bin/gnu/H-i686-pc-linux-gnu/bin/../lib/gcc/nios2-elf/4.1.2/../../../../nios2-elf/lib/mno-hw-mul/libc.a(lib_a-dtoa.o)
                                 0x14 (size before relaxing)
 .rodata.str1.4
                0x00112dc8        0x2 /opt/altera/13.0sp1/nios2eds/bin/gnu/H-i686-pc-linux-gnu/bin/../lib/gcc/nios2-elf/4.1.2/../../../../nios2-elf/lib/mno-hw-mul/libc.a(lib_a-impure.o)
                                  0x4 (size before relaxing)
 *fill*         0x00112dca        0x2 00
 .rodata.str1.4
                0x00112dcc        0xf /opt/altera/13.0sp1/nios2eds/bin/gnu/H-i686-pc-linux-gnu/bin/../lib/gcc/nios2-elf/4.1.2/../../../../nios2-elf/lib/mno-hw-mul/libc.a(lib_a-locale.o)
                                 0x18 (size before relaxing)
 *fill*         0x00112ddb        0x1 00
 .rodata        0x00112ddc       0x30 /opt/altera/13.0sp1/nios2eds/bin/gnu/H-i686-pc-linux-gnu/bin/../lib/gcc/nios2-elf/4.1.2/../../../../nios2-elf/lib/mno-hw-mul/libc.a(lib_a-locale.o)
 .rodata        0x00112e0c      0x124 /opt/altera/13.0sp1/nios2eds/bin/gnu/H-i686-pc-linux-gnu/bin/../lib/gcc/nios2-elf/4.1.2/../../../../nios2-elf/lib/mno-hw-mul/libc.a(lib_a-mprec.o)
                0x00112e0c                __mprec_tens
                0x00112ed4                __mprec_bigtens
                0x00112efc                __mprec_tinytens
 .rodata.str1.4
                0x00112f30        0xa ../bsp//libucosii_bsp.a(alt_dev.o)
                                  0xc (size before relaxing)
 *fill*         0x00112f3a        0x2 00
 .rodata.str1.4
                0x00112f3c       0x11 ../bsp//libucosii_bsp.a(alt_main.o)
                                 0x14 (size before relaxing)
 *fill*         0x00112f4d        0x3 00
 .rodata.str1.4
                0x00112f50       0x1e ../bsp//libucosii_bsp.a(os_core.o)
                                 0x20 (size before relaxing)
 .rodata        0x00112f6e      0x100 ../bsp//libucosii_bsp.a(os_core.o)
                0x00112f6e                OSUnMapTbl
 *fill*         0x0011306e        0x2 00
 .rodata.str1.4
                0x00113070       0x35 ../bsp//libucosii_bsp.a(os_tmr.o)
                                 0x38 (size before relaxing)
 *fill*         0x001130a5        0x3 00
 .rodata.str1.4
                0x001130a8       0x10 ../bsp//libucosii_bsp.a(alt_sys_init.o)
                                 0x24 (size before relaxing)
 .rodata.str1.4
                0x00000000        0x4 ../bsp//libucosii_bsp.a(os_cpu_c.o)
 *(.rodata1)
                0x001130b8                . = ALIGN (0x4)
                0x001130b8                PROVIDE (__ram_rodata_end, ABSOLUTE (.))
                0x00112920                PROVIDE (__flash_rodata_start, LOADADDR (.rodata))

.rwdata         0x001130b8     0x1b50 load address 0x00114c08
                0x001130b8                PROVIDE (__ram_rwdata_start, ABSOLUTE (.))
                0x001130b8                . = ALIGN (0x4)
 *(.got.plt)
 *(.got)
 *(.data1)
 *(.data .data.* .gnu.linkonce.d.*)
 .data          0x001130b8        0x0 ../bsp//obj/HAL/src/crt0.o
 .data          0x001130b8       0x2c obj/default/cruise_skeleton.o
 .data          0x001130e4        0x0 /opt/altera/13.0sp1/nios2eds/bin/gnu/H-i686-pc-linux-gnu/bin/../lib/gcc/nios2-elf/4.1.2/mno-hw-mul/libgcc.a(_addsub_df.o)
 .data          0x001130e4        0x0 /opt/altera/13.0sp1/nios2eds/bin/gnu/H-i686-pc-linux-gnu/bin/../lib/gcc/nios2-elf/4.1.2/mno-hw-mul/libgcc.a(_mul_df.o)
 .data          0x001130e4        0x0 /opt/altera/13.0sp1/nios2eds/bin/gnu/H-i686-pc-linux-gnu/bin/../lib/gcc/nios2-elf/4.1.2/mno-hw-mul/libgcc.a(_div_df.o)
 .data          0x001130e4        0x0 /opt/altera/13.0sp1/nios2eds/bin/gnu/H-i686-pc-linux-gnu/bin/../lib/gcc/nios2-elf/4.1.2/mno-hw-mul/libgcc.a(_si_to_df.o)
 .data          0x001130e4        0x0 /opt/altera/13.0sp1/nios2eds/bin/gnu/H-i686-pc-linux-gnu/bin/../lib/gcc/nios2-elf/4.1.2/mno-hw-mul/libgcc.a(_df_to_si.o)
 .data          0x001130e4        0x0 /opt/altera/13.0sp1/nios2eds/bin/gnu/H-i686-pc-linux-gnu/bin/../lib/gcc/nios2-elf/4.1.2/mno-hw-mul/libgcc.a(_thenan_df.o)
 .data          0x001130e4        0x0 /opt/altera/13.0sp1/nios2eds/bin/gnu/H-i686-pc-linux-gnu/bin/../lib/gcc/nios2-elf/4.1.2/mno-hw-mul/libgcc.a(lib2-divmod.o)
 .data          0x001130e4        0x0 /opt/altera/13.0sp1/nios2eds/bin/gnu/H-i686-pc-linux-gnu/bin/../lib/gcc/nios2-elf/4.1.2/mno-hw-mul/libgcc.a(lib2-mul.o)
 .data          0x001130e4        0x0 /opt/altera/13.0sp1/nios2eds/bin/gnu/H-i686-pc-linux-gnu/bin/../lib/gcc/nios2-elf/4.1.2/mno-hw-mul/libgcc.a(_muldi3.o)
 .data          0x001130e4        0x0 /opt/altera/13.0sp1/nios2eds/bin/gnu/H-i686-pc-linux-gnu/bin/../lib/gcc/nios2-elf/4.1.2/mno-hw-mul/libgcc.a(_clzsi2.o)
 .data          0x001130e4        0x0 /opt/altera/13.0sp1/nios2eds/bin/gnu/H-i686-pc-linux-gnu/bin/../lib/gcc/nios2-elf/4.1.2/mno-hw-mul/libgcc.a(_pack_df.o)
 .data          0x001130e4        0x0 /opt/altera/13.0sp1/nios2eds/bin/gnu/H-i686-pc-linux-gnu/bin/../lib/gcc/nios2-elf/4.1.2/mno-hw-mul/libgcc.a(_unpack_df.o)
 .data          0x001130e4        0x0 /opt/altera/13.0sp1/nios2eds/bin/gnu/H-i686-pc-linux-gnu/bin/../lib/gcc/nios2-elf/4.1.2/mno-hw-mul/libgcc.a(_clz.o)
 .data          0x001130e4        0x0 /opt/altera/13.0sp1/nios2eds/bin/gnu/H-i686-pc-linux-gnu/bin/../lib/gcc/nios2-elf/4.1.2/../../../../nios2-elf/lib/mno-hw-mul/libc.a(lib_a-printf.o)
 .data          0x001130e4        0x0 /opt/altera/13.0sp1/nios2eds/bin/gnu/H-i686-pc-linux-gnu/bin/../lib/gcc/nios2-elf/4.1.2/../../../../nios2-elf/lib/mno-hw-mul/libc.a(lib_a-puts.o)
 .data          0x001130e4        0x0 /opt/altera/13.0sp1/nios2eds/bin/gnu/H-i686-pc-linux-gnu/bin/../lib/gcc/nios2-elf/4.1.2/../../../../nios2-elf/lib/mno-hw-mul/libc.a(lib_a-strlen.o)
 .data          0x001130e4        0x0 /opt/altera/13.0sp1/nios2eds/bin/gnu/H-i686-pc-linux-gnu/bin/../lib/gcc/nios2-elf/4.1.2/../../../../nios2-elf/lib/mno-hw-mul/libc.a(lib_a-vfprintf.o)
 .data          0x001130e4        0x0 /opt/altera/13.0sp1/nios2eds/bin/gnu/H-i686-pc-linux-gnu/bin/../lib/gcc/nios2-elf/4.1.2/../../../../nios2-elf/lib/mno-hw-mul/libc.a(lib_a-wsetup.o)
 .data          0x001130e4        0x0 /opt/altera/13.0sp1/nios2eds/bin/gnu/H-i686-pc-linux-gnu/bin/../lib/gcc/nios2-elf/4.1.2/../../../../nios2-elf/lib/mno-hw-mul/libc.a(lib_a-dtoa.o)
 .data          0x001130e4        0x0 /opt/altera/13.0sp1/nios2eds/bin/gnu/H-i686-pc-linux-gnu/bin/../lib/gcc/nios2-elf/4.1.2/../../../../nios2-elf/lib/mno-hw-mul/libc.a(lib_a-fflush.o)
 .data          0x001130e4        0x0 /opt/altera/13.0sp1/nios2eds/bin/gnu/H-i686-pc-linux-gnu/bin/../lib/gcc/nios2-elf/4.1.2/../../../../nios2-elf/lib/mno-hw-mul/libc.a(lib_a-findfp.o)
 .data          0x001130e4        0x0 /opt/altera/13.0sp1/nios2eds/bin/gnu/H-i686-pc-linux-gnu/bin/../lib/gcc/nios2-elf/4.1.2/../../../../nios2-elf/lib/mno-hw-mul/libc.a(lib_a-freer.o)
 .data          0x001130e4        0x0 /opt/altera/13.0sp1/nios2eds/bin/gnu/H-i686-pc-linux-gnu/bin/../lib/gcc/nios2-elf/4.1.2/../../../../nios2-elf/lib/mno-hw-mul/libc.a(lib_a-fvwrite.o)
 .data          0x001130e4        0x0 /opt/altera/13.0sp1/nios2eds/bin/gnu/H-i686-pc-linux-gnu/bin/../lib/gcc/nios2-elf/4.1.2/../../../../nios2-elf/lib/mno-hw-mul/libc.a(lib_a-fwalk.o)
 .data          0x001130e4      0x400 /opt/altera/13.0sp1/nios2eds/bin/gnu/H-i686-pc-linux-gnu/bin/../lib/gcc/nios2-elf/4.1.2/../../../../nios2-elf/lib/mno-hw-mul/libc.a(lib_a-impure.o)
 .data          0x001134e4        0xc /opt/altera/13.0sp1/nios2eds/bin/gnu/H-i686-pc-linux-gnu/bin/../lib/gcc/nios2-elf/4.1.2/../../../../nios2-elf/lib/mno-hw-mul/libc.a(lib_a-locale.o)
                0x001134e4                __lc_ctype
 .data          0x001134f0        0x0 /opt/altera/13.0sp1/nios2eds/bin/gnu/H-i686-pc-linux-gnu/bin/../lib/gcc/nios2-elf/4.1.2/../../../../nios2-elf/lib/mno-hw-mul/libc.a(lib_a-makebuf.o)
 .data          0x001134f0      0x408 /opt/altera/13.0sp1/nios2eds/bin/gnu/H-i686-pc-linux-gnu/bin/../lib/gcc/nios2-elf/4.1.2/../../../../nios2-elf/lib/mno-hw-mul/libc.a(lib_a-mallocr.o)
                0x001134f0                __malloc_av_
 .data          0x001138f8        0x0 /opt/altera/13.0sp1/nios2eds/bin/gnu/H-i686-pc-linux-gnu/bin/../lib/gcc/nios2-elf/4.1.2/../../../../nios2-elf/lib/mno-hw-mul/libc.a(lib_a-memchr.o)
 .data          0x001138f8        0x0 /opt/altera/13.0sp1/nios2eds/bin/gnu/H-i686-pc-linux-gnu/bin/../lib/gcc/nios2-elf/4.1.2/../../../../nios2-elf/lib/mno-hw-mul/libc.a(lib_a-memcpy.o)
 .data          0x001138f8        0x0 /opt/altera/13.0sp1/nios2eds/bin/gnu/H-i686-pc-linux-gnu/bin/../lib/gcc/nios2-elf/4.1.2/../../../../nios2-elf/lib/mno-hw-mul/libc.a(lib_a-memmove.o)
 .data          0x001138f8        0x0 /opt/altera/13.0sp1/nios2eds/bin/gnu/H-i686-pc-linux-gnu/bin/../lib/gcc/nios2-elf/4.1.2/../../../../nios2-elf/lib/mno-hw-mul/libc.a(lib_a-memset.o)
 .data          0x001138f8        0x0 /opt/altera/13.0sp1/nios2eds/bin/gnu/H-i686-pc-linux-gnu/bin/../lib/gcc/nios2-elf/4.1.2/../../../../nios2-elf/lib/mno-hw-mul/libc.a(lib_a-mprec.o)
 .data          0x001138f8        0x0 /opt/altera/13.0sp1/nios2eds/bin/gnu/H-i686-pc-linux-gnu/bin/../lib/gcc/nios2-elf/4.1.2/../../../../nios2-elf/lib/mno-hw-mul/libc.a(lib_a-reallocr.o)
 .data          0x001138f8        0x0 /opt/altera/13.0sp1/nios2eds/bin/gnu/H-i686-pc-linux-gnu/bin/../lib/gcc/nios2-elf/4.1.2/../../../../nios2-elf/lib/mno-hw-mul/libc.a(lib_a-s_isinfd.o)
 .data          0x001138f8        0x0 /opt/altera/13.0sp1/nios2eds/bin/gnu/H-i686-pc-linux-gnu/bin/../lib/gcc/nios2-elf/4.1.2/../../../../nios2-elf/lib/mno-hw-mul/libc.a(lib_a-s_isnand.o)
 .data          0x001138f8        0x0 /opt/altera/13.0sp1/nios2eds/bin/gnu/H-i686-pc-linux-gnu/bin/../lib/gcc/nios2-elf/4.1.2/../../../../nios2-elf/lib/mno-hw-mul/libc.a(lib_a-sbrkr.o)
 .data          0x001138f8        0x0 /opt/altera/13.0sp1/nios2eds/bin/gnu/H-i686-pc-linux-gnu/bin/../lib/gcc/nios2-elf/4.1.2/../../../../nios2-elf/lib/mno-hw-mul/libc.a(lib_a-stdio.o)
 .data          0x001138f8        0x0 /opt/altera/13.0sp1/nios2eds/bin/gnu/H-i686-pc-linux-gnu/bin/../lib/gcc/nios2-elf/4.1.2/../../../../nios2-elf/lib/mno-hw-mul/libc.a(lib_a-strcmp.o)
 .data          0x001138f8        0x0 /opt/altera/13.0sp1/nios2eds/bin/gnu/H-i686-pc-linux-gnu/bin/../lib/gcc/nios2-elf/4.1.2/../../../../nios2-elf/lib/mno-hw-mul/libc.a(lib_a-writer.o)
 .data          0x001138f8        0x0 /opt/altera/13.0sp1/nios2eds/bin/gnu/H-i686-pc-linux-gnu/bin/../lib/gcc/nios2-elf/4.1.2/../../../../nios2-elf/lib/mno-hw-mul/libc.a(lib_a-callocr.o)
 .data          0x001138f8        0x0 /opt/altera/13.0sp1/nios2eds/bin/gnu/H-i686-pc-linux-gnu/bin/../lib/gcc/nios2-elf/4.1.2/../../../../nios2-elf/lib/mno-hw-mul/libc.a(lib_a-closer.o)
 .data          0x001138f8        0x0 /opt/altera/13.0sp1/nios2eds/bin/gnu/H-i686-pc-linux-gnu/bin/../lib/gcc/nios2-elf/4.1.2/../../../../nios2-elf/lib/mno-hw-mul/libc.a(lib_a-fclose.o)
 .data          0x001138f8        0x0 /opt/altera/13.0sp1/nios2eds/bin/gnu/H-i686-pc-linux-gnu/bin/../lib/gcc/nios2-elf/4.1.2/../../../../nios2-elf/lib/mno-hw-mul/libc.a(lib_a-fstatr.o)
 .data          0x001138f8        0x0 /opt/altera/13.0sp1/nios2eds/bin/gnu/H-i686-pc-linux-gnu/bin/../lib/gcc/nios2-elf/4.1.2/../../../../nios2-elf/lib/mno-hw-mul/libc.a(lib_a-int_errno.o)
 .data          0x001138f8        0x0 /opt/altera/13.0sp1/nios2eds/bin/gnu/H-i686-pc-linux-gnu/bin/../lib/gcc/nios2-elf/4.1.2/../../../../nios2-elf/lib/mno-hw-mul/libc.a(lib_a-isattyr.o)
 .data          0x001138f8        0x0 /opt/altera/13.0sp1/nios2eds/bin/gnu/H-i686-pc-linux-gnu/bin/../lib/gcc/nios2-elf/4.1.2/../../../../nios2-elf/lib/mno-hw-mul/libc.a(lib_a-lseekr.o)
 .data          0x001138f8        0x0 /opt/altera/13.0sp1/nios2eds/bin/gnu/H-i686-pc-linux-gnu/bin/../lib/gcc/nios2-elf/4.1.2/../../../../nios2-elf/lib/mno-hw-mul/libc.a(lib_a-readr.o)
 .data          0x001138f8        0x0 /opt/altera/13.0sp1/nios2eds/bin/gnu/H-i686-pc-linux-gnu/bin/../lib/gcc/nios2-elf/4.1.2/mno-hw-mul/libgcc.a(_udivdi3.o)
 .data          0x001138f8        0x0 /opt/altera/13.0sp1/nios2eds/bin/gnu/H-i686-pc-linux-gnu/bin/../lib/gcc/nios2-elf/4.1.2/mno-hw-mul/libgcc.a(_umoddi3.o)
 .data          0x001138f8        0x0 /opt/altera/13.0sp1/nios2eds/bin/gnu/H-i686-pc-linux-gnu/bin/../lib/gcc/nios2-elf/4.1.2/mno-hw-mul/libgcc.a(_eq_df.o)
 .data          0x001138f8        0x0 /opt/altera/13.0sp1/nios2eds/bin/gnu/H-i686-pc-linux-gnu/bin/../lib/gcc/nios2-elf/4.1.2/mno-hw-mul/libgcc.a(_ne_df.o)
 .data          0x001138f8        0x0 /opt/altera/13.0sp1/nios2eds/bin/gnu/H-i686-pc-linux-gnu/bin/../lib/gcc/nios2-elf/4.1.2/mno-hw-mul/libgcc.a(_gt_df.o)
 .data          0x001138f8        0x0 /opt/altera/13.0sp1/nios2eds/bin/gnu/H-i686-pc-linux-gnu/bin/../lib/gcc/nios2-elf/4.1.2/mno-hw-mul/libgcc.a(_ge_df.o)
 .data          0x001138f8        0x0 /opt/altera/13.0sp1/nios2eds/bin/gnu/H-i686-pc-linux-gnu/bin/../lib/gcc/nios2-elf/4.1.2/mno-hw-mul/libgcc.a(_lt_df.o)
 .data          0x001138f8        0x0 /opt/altera/13.0sp1/nios2eds/bin/gnu/H-i686-pc-linux-gnu/bin/../lib/gcc/nios2-elf/4.1.2/mno-hw-mul/libgcc.a(_usi_to_df.o)
 .data          0x001138f8        0x0 /opt/altera/13.0sp1/nios2eds/bin/gnu/H-i686-pc-linux-gnu/bin/../lib/gcc/nios2-elf/4.1.2/mno-hw-mul/libgcc.a(_fpcmp_parts_df.o)
 .data          0x001138f8        0x0 ../bsp//libucosii_bsp.a(alt_alarm_start.o)
 .data          0x001138f8        0x0 ../bsp//libucosii_bsp.a(alt_close.o)
 .data          0x001138f8      0x1a8 ../bsp//libucosii_bsp.a(alt_dev.o)
                0x001138f8                alt_dev_null
                0x00113920                alt_fd_list
 .data          0x00113aa0        0x0 ../bsp//libucosii_bsp.a(alt_errno.o)
 .data          0x00113aa0        0x0 ../bsp//libucosii_bsp.a(alt_fstat.o)
 .data          0x00113aa0        0x0 ../bsp//libucosii_bsp.a(alt_isatty.o)
 .data          0x00113aa0        0x0 ../bsp//libucosii_bsp.a(alt_load.o)
 .data          0x00113aa0        0x0 ../bsp//libucosii_bsp.a(alt_lseek.o)
 .data          0x00113aa0        0x0 ../bsp//libucosii_bsp.a(alt_main.o)
 .data          0x00113aa0        0x0 ../bsp//libucosii_bsp.a(alt_read.o)
 .data          0x00113aa0        0x0 ../bsp//libucosii_bsp.a(alt_release_fd.o)
 .data          0x00113aa0        0x0 ../bsp//libucosii_bsp.a(alt_sbrk.o)
 .data          0x00113aa0        0x0 ../bsp//libucosii_bsp.a(alt_tick.o)
 .data          0x00113aa0        0x0 ../bsp//libucosii_bsp.a(alt_write.o)
 .data          0x00113aa0        0x0 ../bsp//libucosii_bsp.a(alt_env_lock.o)
 .data          0x00113aa0        0x0 ../bsp//libucosii_bsp.a(alt_malloc_lock.o)
 .data          0x00113aa0        0x0 ../bsp//libucosii_bsp.a(os_core.o)
 .data          0x00113aa0        0x0 ../bsp//libucosii_bsp.a(os_dbg.o)
 .data          0x00113aa0        0x0 ../bsp//libucosii_bsp.a(os_flag.o)
 .data          0x00113aa0        0x0 ../bsp//libucosii_bsp.a(os_mbox.o)
 .data          0x00113aa0        0x0 ../bsp//libucosii_bsp.a(os_mem.o)
 .data          0x00113aa0        0x0 ../bsp//libucosii_bsp.a(os_q.o)
 .data          0x00113aa0        0x0 ../bsp//libucosii_bsp.a(os_sem.o)
 .data          0x00113aa0        0x0 ../bsp//libucosii_bsp.a(os_task.o)
 .data          0x00113aa0        0x0 ../bsp//libucosii_bsp.a(os_time.o)
 .data          0x00113aa0        0x0 ../bsp//libucosii_bsp.a(os_tmr.o)
 .data          0x00113aa0     0x1098 ../bsp//libucosii_bsp.a(alt_sys_init.o)
 .data          0x00114b38        0x0 ../bsp//libucosii_bsp.a(altera_avalon_jtag_uart_fd.o)
 .data          0x00114b38        0x0 ../bsp//libucosii_bsp.a(altera_avalon_jtag_uart_init.o)
 .data          0x00114b38        0x0 ../bsp//libucosii_bsp.a(altera_avalon_jtag_uart_ioctl.o)
 .data          0x00114b38        0x0 ../bsp//libucosii_bsp.a(altera_avalon_jtag_uart_read.o)
 .data          0x00114b38        0x0 ../bsp//libucosii_bsp.a(altera_avalon_jtag_uart_write.o)
 .data          0x00114b38        0x0 ../bsp//libucosii_bsp.a(altera_avalon_timer_sc.o)
 .data          0x00114b38        0x0 ../bsp//libucosii_bsp.a(altera_up_avalon_character_lcd.o)
 .data          0x00114b38        0x0 ../bsp//libucosii_bsp.a(alt_dcache_flush_all.o)
 .data          0x00114b38        0x0 ../bsp//libucosii_bsp.a(alt_dev_llist_insert.o)
 .data          0x00114b38        0x0 ../bsp//libucosii_bsp.a(alt_do_ctors.o)
 .data          0x00114b38        0x0 ../bsp//libucosii_bsp.a(alt_do_dtors.o)
 .data          0x00114b38        0x0 ../bsp//libucosii_bsp.a(alt_find_dev.o)
 .data          0x00114b38        0x0 ../bsp//libucosii_bsp.a(alt_icache_flush_all.o)
 .data          0x00114b38        0x0 ../bsp//libucosii_bsp.a(alt_iic.o)
 .data          0x00114b38        0x0 ../bsp//libucosii_bsp.a(alt_iic_isr_register.o)
 .data          0x00114b38        0x0 ../bsp//libucosii_bsp.a(alt_io_redirect.o)
 .data          0x00114b38        0x0 ../bsp//libucosii_bsp.a(alt_irq_entry.o)
 .data          0x00114b38        0x0 ../bsp//libucosii_bsp.a(alt_irq_handler.o)
 .data          0x00114b38        0x0 ../bsp//libucosii_bsp.a(alt_irq_vars.o)
 .data          0x00114b38        0x0 ../bsp//libucosii_bsp.a(alt_open.o)
 .data          0x00114b38        0x0 ../bsp//libucosii_bsp.a(altera_nios2_qsys_irq.o)
 .data          0x00114b38        0x0 ../bsp//libucosii_bsp.a(os_cpu_a.o)
 .data          0x00114b38        0x0 ../bsp//libucosii_bsp.a(os_cpu_c.o)
 .data          0x00114b38        0x0 ../bsp//libucosii_bsp.a(alt_exception_entry.o)
 .data          0x00114b38        0x0 ../bsp//libucosii_bsp.a(alt_find_file.o)
 .data          0x00114b38        0x0 ../bsp//libucosii_bsp.a(alt_get_fd.o)
 .data          0x00114b38        0x0 /opt/altera/13.0sp1/nios2eds/bin/gnu/H-i686-pc-linux-gnu/bin/../lib/gcc/nios2-elf/4.1.2/../../../../nios2-elf/lib/mno-hw-mul/libc.a(lib_a-atexit.o)
 .data          0x00114b38        0x0 /opt/altera/13.0sp1/nios2eds/bin/gnu/H-i686-pc-linux-gnu/bin/../lib/gcc/nios2-elf/4.1.2/../../../../nios2-elf/lib/mno-hw-mul/libc.a(lib_a-exit.o)
 .data          0x00114b38        0x0 /opt/altera/13.0sp1/nios2eds/bin/gnu/H-i686-pc-linux-gnu/bin/../lib/gcc/nios2-elf/4.1.2/../../../../nios2-elf/lib/mno-hw-mul/libc.a(lib_a-memcmp.o)
 .data          0x00114b38        0x0 /opt/altera/13.0sp1/nios2eds/bin/gnu/H-i686-pc-linux-gnu/bin/../lib/gcc/nios2-elf/4.1.2/../../../../nios2-elf/lib/mno-hw-mul/libc.a(lib_a-__atexit.o)
 .data          0x00114b38        0x0 /opt/altera/13.0sp1/nios2eds/bin/gnu/H-i686-pc-linux-gnu/bin/../lib/gcc/nios2-elf/4.1.2/../../../../nios2-elf/lib/mno-hw-mul/libc.a(lib_a-__call_atexit.o)
 .data          0x00114b38        0x0 /opt/altera/13.0sp1/nios2eds/bin/gnu/H-i686-pc-linux-gnu/bin/../lib/gcc/nios2-elf/4.1.2/mno-hw-mul/libgcc.a(_fixunsdfsi.o)
 .data          0x00114b38        0x0 ../bsp//libucosii_bsp.a(alt_exit.o)
                0x0011cb38                _gp = ABSOLUTE ((. + 0x8000))
                0x0011cb38                PROVIDE (gp, _gp)
 *(.rwdata .rwdata.*)
 *(.sdata .sdata.* .gnu.linkonce.s.*)
 .sdata         0x00114b38       0x14 obj/default/cruise_skeleton.o
                0x00114b38                ENGINE
                0x00114b3c                TOP_GEAR
                0x00114b40                CRUISE_CONTROL
                0x00114b44                BRAKE_PEDAL
                0x00114b48                GAS_PEDAL
 .sdata         0x00114b4c        0x8 /opt/altera/13.0sp1/nios2eds/bin/gnu/H-i686-pc-linux-gnu/bin/../lib/gcc/nios2-elf/4.1.2/../../../../nios2-elf/lib/mno-hw-mul/libc.a(lib_a-impure.o)
                0x00114b4c                _impure_ptr
                0x00114b50                _global_impure_ptr
 .sdata         0x00114b54        0x8 /opt/altera/13.0sp1/nios2eds/bin/gnu/H-i686-pc-linux-gnu/bin/../lib/gcc/nios2-elf/4.1.2/../../../../nios2-elf/lib/mno-hw-mul/libc.a(lib_a-locale.o)
                0x00114b54                __mb_cur_max
 .sdata         0x00114b5c        0x8 /opt/altera/13.0sp1/nios2eds/bin/gnu/H-i686-pc-linux-gnu/bin/../lib/gcc/nios2-elf/4.1.2/../../../../nios2-elf/lib/mno-hw-mul/libc.a(lib_a-mallocr.o)
                0x00114b5c                __malloc_trim_threshold
                0x00114b60                __malloc_sbrk_base
 .sdata         0x00114b64       0x14 ../bsp//libucosii_bsp.a(alt_dev.o)
                0x00114b64                alt_fs_list
                0x00114b6c                alt_dev_list
                0x00114b74                alt_max_fd
 .sdata         0x00114b78        0x4 ../bsp//libucosii_bsp.a(alt_errno.o)
                0x00114b78                alt_errno
 .sdata         0x00114b7c        0x4 ../bsp//libucosii_bsp.a(alt_sbrk.o)
 .sdata         0x00114b80        0x8 ../bsp//libucosii_bsp.a(alt_tick.o)
                0x00114b80                alt_alarm_list
 .sdata         0x00114b88        0x4 ../bsp//libucosii_bsp.a(alt_env_lock.o)
 .sdata         0x00114b8c        0x4 ../bsp//libucosii_bsp.a(alt_malloc_lock.o)
 .sdata         0x00114b90       0x74 ../bsp//libucosii_bsp.a(os_dbg.o)
                0x00114b90                OSDebugEn
                0x00114b94                OSEndiannessTest
                0x00114b98                OSEventEn
                0x00114b9a                OSEventMax
                0x00114b9c                OSEventNameSize
                0x00114b9e                OSEventSize
                0x00114ba0                OSEventTblSize
                0x00114ba2                OSEventMultiEn
                0x00114ba4                OSFlagEn
                0x00114ba6                OSFlagGrpSize
                0x00114ba8                OSFlagNodeSize
                0x00114baa                OSFlagWidth
                0x00114bac                OSFlagMax
                0x00114bae                OSFlagNameSize
                0x00114bb0                OSLowestPrio
                0x00114bb2                OSMboxEn
                0x00114bb4                OSMemEn
                0x00114bb6                OSMemMax
                0x00114bb8                OSMemNameSize
                0x00114bba                OSMemSize
                0x00114bbc                OSMemTblSize
                0x00114bbe                OSMutexEn
                0x00114bc0                OSPtrSize
                0x00114bc2                OSQEn
                0x00114bc4                OSQMax
                0x00114bc6                OSQSize
                0x00114bc8                OSRdyTblSize
                0x00114bca                OSSemEn
                0x00114bcc                OSStkWidth
                0x00114bce                OSTaskCreateEn
                0x00114bd0                OSTaskCreateExtEn
                0x00114bd2                OSTaskDelEn
                0x00114bd4                OSTaskIdleStkSize
                0x00114bd6                OSTaskProfileEn
                0x00114bd8                OSTaskMax
                0x00114bda                OSTaskNameSize
                0x00114bdc                OSTaskStatEn
                0x00114bde                OSTaskStatStkSize
                0x00114be0                OSTaskStatStkChkEn
                0x00114be2                OSTaskSwHookEn
                0x00114be4                OSTCBPrioTblMax
                0x00114be6                OSTCBSize
                0x00114be8                OSTicksPerSec
                0x00114bea                OSTimeTickHookEn
                0x00114bec                OSVersionNbr
                0x00114bee                OSTmrEn
                0x00114bf0                OSTmrCfgMax
                0x00114bf2                OSTmrCfgNameSize
                0x00114bf4                OSTmrCfgWheelSize
                0x00114bf6                OSTmrCfgTicksPerSec
                0x00114bf8                OSTmrSize
                0x00114bfa                OSTmrTblSize
                0x00114bfc                OSTmrWheelSize
                0x00114bfe                OSTmrWheelTblSize
                0x00114c00                OSDataSize
 .sdata         0x00114c04        0x4 ../bsp//libucosii_bsp.a(alt_irq_vars.o)
                0x00114c04                alt_priority_mask
 *(.sdata2 .sdata2.* .gnu.linkonce.s2.*)
                0x00114c08                . = ALIGN (0x4)
                0x00114c08                _edata = ABSOLUTE (.)
                0x00114c08                PROVIDE (edata, ABSOLUTE (.))
                0x00114c08                PROVIDE (__ram_rwdata_end, ABSOLUTE (.))
                0x00114c08                PROVIDE (__flash_rwdata_start, LOADADDR (.rwdata))

.bss            0x00116758    0x14168
                0x00116758                __bss_start = ABSOLUTE (.)
                0x00116758                PROVIDE (__sbss_start, ABSOLUTE (.))
                0x00116758                PROVIDE (___sbss_start, ABSOLUTE (.))
 *(.dynsbss)
 *(.sbss .sbss.* .gnu.linkonce.sb.*)
 .sbss          0x00116758       0x10 obj/default/cruise_skeleton.o
                0x00116758                led_green
                0x0011675c                led_red
                0x00116760                ENABLE_ENGINEOFF
                0x00116764                system_utilization
 .sbss          0x00116768       0x5e obj/default/cruise_skeleton.o
                0x00116768                Mbox_Gas
                0x0011676c                FeedDog
                0x00116770                Mbox_Throttle
                0x00116774                WatchdogSem
                0x00116778                edge_capture
                0x0011677c                SwitchIOTimer
                0x00116780                SwitchIOSem
                0x00116784                Mbox_Velocity
                0x00116788                Mbox_Cruise
                0x0011678c                ButtonIOTimer
                0x00116790                ControlSem
                0x00116794                ControlTimer
                0x00116798                Mbox_Engine
                0x0011679c                OverloadDetectionTimer
                0x001167a0                Mbox_Gear
                0x001167a4                delay
                0x001167a8                ExtraloadSem
                0x001167ac                VehicleTimer
                0x001167b0                VehicleSem
                0x001167b4                ButtonIOSem
                0x001167b8                Mbox_Brake
                0x001167bc                OverloadDetectionSem
                0x001167c0                ExtraloadTimer
                0x001167c4                acceleration
 *fill*         0x001167c6        0x2 00
 .sbss          0x001167c8        0xc /opt/altera/13.0sp1/nios2eds/bin/gnu/H-i686-pc-linux-gnu/bin/../lib/gcc/nios2-elf/4.1.2/../../../../nios2-elf/lib/mno-hw-mul/libc.a(lib_a-locale.o)
                0x001167c8                __nlocale_changed
                0x001167cc                __mlocale_changed
                0x001167d0                _PathLocale
 .sbss          0x001167d4        0xc /opt/altera/13.0sp1/nios2eds/bin/gnu/H-i686-pc-linux-gnu/bin/../lib/gcc/nios2-elf/4.1.2/../../../../nios2-elf/lib/mno-hw-mul/libc.a(lib_a-mallocr.o)
                0x001167d4                __malloc_top_pad
                0x001167d8                __malloc_max_sbrked_mem
                0x001167dc                __malloc_max_total_mem
 .sbss          0x001167e0        0x4 /opt/altera/13.0sp1/nios2eds/bin/gnu/H-i686-pc-linux-gnu/bin/../lib/gcc/nios2-elf/4.1.2/../../../../nios2-elf/lib/mno-hw-mul/libc.a(lib_a-int_errno.o)
                0x001167e0                errno
 .sbss          0x001167e4        0x4 ../bsp//libucosii_bsp.a(alt_dev.o)
                0x001167e4                alt_fd_list_lock
 .sbss          0x001167e8        0xc ../bsp//libucosii_bsp.a(alt_main.o)
                0x001167e8                alt_argc
                0x001167ec                alt_argv
                0x001167f0                alt_envp
 .sbss          0x001167f4        0x8 ../bsp//libucosii_bsp.a(alt_tick.o)
                0x001167f4                _alt_tick_rate
                0x001167f8                _alt_nticks
 .sbss          0x001167fc        0x8 ../bsp//libucosii_bsp.a(alt_env_lock.o)
                0x00116800                alt_envsem
 .sbss          0x00116804        0x8 ../bsp//libucosii_bsp.a(alt_malloc_lock.o)
                0x00116808                alt_heapsem
 .sbss          0x0011680c       0x68 ../bsp//libucosii_bsp.a(os_core.o)
                0x0011680c                OSTmrFreeList
                0x00116810                OSLockNesting
                0x00116814                OSTmrSemSignal
                0x00116818                OSRunning
                0x0011681c                OSIdleCtr
                0x00116820                OSTmrUsed
                0x00116822                OSPrioHighRdy
                0x00116823                OSPrioCur
                0x00116824                OSTCBList
                0x00116828                OSTickStepState
                0x0011682c                OSCtxSwCtr
                0x00116830                OSTmrFree
                0x00116834                OSIdleCtrMax
                0x00116838                OSTCBFreeList
                0x0011683c                OSCPUUsage
                0x0011683d                OSTaskCtr
                0x00116840                OSMemFreeList
                0x00116844                OSTCBHighRdy
                0x00116848                OSQFreeList
                0x0011684c                OSRdyGrp
                0x0011684d                OSRdyTbl
                0x00116850                OSEventFreeList
                0x00116854                OSIntNesting
                0x00116858                OSTCBCur
                0x0011685c                OSTmrTime
                0x00116860                OSTime
                0x00116864                OSTmrSem
                0x00116868                OSFlagFreeList
                0x0011686c                OSStatRdy
                0x00116870                OSIdleCtrRun
 .sbss          0x00116874        0x4 ../bsp//libucosii_bsp.a(alt_irq_vars.o)
                0x00116874                alt_irq_active
 .sbss          0x00116878        0x2 ../bsp//libucosii_bsp.a(os_cpu_c.o)
 *(.sbss2 .sbss2.* .gnu.linkonce.sb2.*)
 *(.scommon)
                0x0011687a                PROVIDE (__sbss_end, ABSOLUTE (.))
                0x0011687a                PROVIDE (___sbss_end, ABSOLUTE (.))
 *(.dynbss)
 *(.bss .bss.* .gnu.linkonce.b.*)
 .bss           0x0011687a        0x0 ../bsp//obj/HAL/src/crt0.o
 *fill*         0x0011687a        0x2 00
 .bss           0x0011687c       0x18 obj/default/cruise_skeleton.o
 .bss           0x00116894        0x0 /opt/altera/13.0sp1/nios2eds/bin/gnu/H-i686-pc-linux-gnu/bin/../lib/gcc/nios2-elf/4.1.2/mno-hw-mul/libgcc.a(_addsub_df.o)
 .bss           0x00116894        0x0 /opt/altera/13.0sp1/nios2eds/bin/gnu/H-i686-pc-linux-gnu/bin/../lib/gcc/nios2-elf/4.1.2/mno-hw-mul/libgcc.a(_mul_df.o)
 .bss           0x00116894        0x0 /opt/altera/13.0sp1/nios2eds/bin/gnu/H-i686-pc-linux-gnu/bin/../lib/gcc/nios2-elf/4.1.2/mno-hw-mul/libgcc.a(_div_df.o)
 .bss           0x00116894        0x0 /opt/altera/13.0sp1/nios2eds/bin/gnu/H-i686-pc-linux-gnu/bin/../lib/gcc/nios2-elf/4.1.2/mno-hw-mul/libgcc.a(_si_to_df.o)
 .bss           0x00116894        0x0 /opt/altera/13.0sp1/nios2eds/bin/gnu/H-i686-pc-linux-gnu/bin/../lib/gcc/nios2-elf/4.1.2/mno-hw-mul/libgcc.a(_df_to_si.o)
 .bss           0x00116894        0x0 /opt/altera/13.0sp1/nios2eds/bin/gnu/H-i686-pc-linux-gnu/bin/../lib/gcc/nios2-elf/4.1.2/mno-hw-mul/libgcc.a(_thenan_df.o)
 .bss           0x00116894        0x0 /opt/altera/13.0sp1/nios2eds/bin/gnu/H-i686-pc-linux-gnu/bin/../lib/gcc/nios2-elf/4.1.2/mno-hw-mul/libgcc.a(lib2-divmod.o)
 .bss           0x00116894        0x0 /opt/altera/13.0sp1/nios2eds/bin/gnu/H-i686-pc-linux-gnu/bin/../lib/gcc/nios2-elf/4.1.2/mno-hw-mul/libgcc.a(lib2-mul.o)
 .bss           0x00116894        0x0 /opt/altera/13.0sp1/nios2eds/bin/gnu/H-i686-pc-linux-gnu/bin/../lib/gcc/nios2-elf/4.1.2/mno-hw-mul/libgcc.a(_muldi3.o)
 .bss           0x00116894        0x0 /opt/altera/13.0sp1/nios2eds/bin/gnu/H-i686-pc-linux-gnu/bin/../lib/gcc/nios2-elf/4.1.2/mno-hw-mul/libgcc.a(_clzsi2.o)
 .bss           0x00116894        0x0 /opt/altera/13.0sp1/nios2eds/bin/gnu/H-i686-pc-linux-gnu/bin/../lib/gcc/nios2-elf/4.1.2/mno-hw-mul/libgcc.a(_pack_df.o)
 .bss           0x00116894        0x0 /opt/altera/13.0sp1/nios2eds/bin/gnu/H-i686-pc-linux-gnu/bin/../lib/gcc/nios2-elf/4.1.2/mno-hw-mul/libgcc.a(_unpack_df.o)
 .bss           0x00116894        0x0 /opt/altera/13.0sp1/nios2eds/bin/gnu/H-i686-pc-linux-gnu/bin/../lib/gcc/nios2-elf/4.1.2/mno-hw-mul/libgcc.a(_clz.o)
 .bss           0x00116894        0x0 /opt/altera/13.0sp1/nios2eds/bin/gnu/H-i686-pc-linux-gnu/bin/../lib/gcc/nios2-elf/4.1.2/../../../../nios2-elf/lib/mno-hw-mul/libc.a(lib_a-printf.o)
 .bss           0x00116894        0x0 /opt/altera/13.0sp1/nios2eds/bin/gnu/H-i686-pc-linux-gnu/bin/../lib/gcc/nios2-elf/4.1.2/../../../../nios2-elf/lib/mno-hw-mul/libc.a(lib_a-puts.o)
 .bss           0x00116894        0x0 /opt/altera/13.0sp1/nios2eds/bin/gnu/H-i686-pc-linux-gnu/bin/../lib/gcc/nios2-elf/4.1.2/../../../../nios2-elf/lib/mno-hw-mul/libc.a(lib_a-strlen.o)
 .bss           0x00116894        0x0 /opt/altera/13.0sp1/nios2eds/bin/gnu/H-i686-pc-linux-gnu/bin/../lib/gcc/nios2-elf/4.1.2/../../../../nios2-elf/lib/mno-hw-mul/libc.a(lib_a-vfprintf.o)
 .bss           0x00116894        0x0 /opt/altera/13.0sp1/nios2eds/bin/gnu/H-i686-pc-linux-gnu/bin/../lib/gcc/nios2-elf/4.1.2/../../../../nios2-elf/lib/mno-hw-mul/libc.a(lib_a-wsetup.o)
 .bss           0x00116894        0x0 /opt/altera/13.0sp1/nios2eds/bin/gnu/H-i686-pc-linux-gnu/bin/../lib/gcc/nios2-elf/4.1.2/../../../../nios2-elf/lib/mno-hw-mul/libc.a(lib_a-dtoa.o)
 .bss           0x00116894        0x0 /opt/altera/13.0sp1/nios2eds/bin/gnu/H-i686-pc-linux-gnu/bin/../lib/gcc/nios2-elf/4.1.2/../../../../nios2-elf/lib/mno-hw-mul/libc.a(lib_a-fflush.o)
 .bss           0x00116894        0x0 /opt/altera/13.0sp1/nios2eds/bin/gnu/H-i686-pc-linux-gnu/bin/../lib/gcc/nios2-elf/4.1.2/../../../../nios2-elf/lib/mno-hw-mul/libc.a(lib_a-findfp.o)
 .bss           0x00116894        0x0 /opt/altera/13.0sp1/nios2eds/bin/gnu/H-i686-pc-linux-gnu/bin/../lib/gcc/nios2-elf/4.1.2/../../../../nios2-elf/lib/mno-hw-mul/libc.a(lib_a-freer.o)
 .bss           0x00116894        0x0 /opt/altera/13.0sp1/nios2eds/bin/gnu/H-i686-pc-linux-gnu/bin/../lib/gcc/nios2-elf/4.1.2/../../../../nios2-elf/lib/mno-hw-mul/libc.a(lib_a-fvwrite.o)
 .bss           0x00116894        0x0 /opt/altera/13.0sp1/nios2eds/bin/gnu/H-i686-pc-linux-gnu/bin/../lib/gcc/nios2-elf/4.1.2/../../../../nios2-elf/lib/mno-hw-mul/libc.a(lib_a-fwalk.o)
 .bss           0x00116894        0x0 /opt/altera/13.0sp1/nios2eds/bin/gnu/H-i686-pc-linux-gnu/bin/../lib/gcc/nios2-elf/4.1.2/../../../../nios2-elf/lib/mno-hw-mul/libc.a(lib_a-impure.o)
 .bss           0x00116894        0x0 /opt/altera/13.0sp1/nios2eds/bin/gnu/H-i686-pc-linux-gnu/bin/../lib/gcc/nios2-elf/4.1.2/../../../../nios2-elf/lib/mno-hw-mul/libc.a(lib_a-locale.o)
 .bss           0x00116894        0x0 /opt/altera/13.0sp1/nios2eds/bin/gnu/H-i686-pc-linux-gnu/bin/../lib/gcc/nios2-elf/4.1.2/../../../../nios2-elf/lib/mno-hw-mul/libc.a(lib_a-makebuf.o)
 .bss           0x00116894       0x28 /opt/altera/13.0sp1/nios2eds/bin/gnu/H-i686-pc-linux-gnu/bin/../lib/gcc/nios2-elf/4.1.2/../../../../nios2-elf/lib/mno-hw-mul/libc.a(lib_a-mallocr.o)
                0x00116894                __malloc_current_mallinfo
 .bss           0x001168bc        0x0 /opt/altera/13.0sp1/nios2eds/bin/gnu/H-i686-pc-linux-gnu/bin/../lib/gcc/nios2-elf/4.1.2/../../../../nios2-elf/lib/mno-hw-mul/libc.a(lib_a-memchr.o)
 .bss           0x001168bc        0x0 /opt/altera/13.0sp1/nios2eds/bin/gnu/H-i686-pc-linux-gnu/bin/../lib/gcc/nios2-elf/4.1.2/../../../../nios2-elf/lib/mno-hw-mul/libc.a(lib_a-memcpy.o)
 .bss           0x001168bc        0x0 /opt/altera/13.0sp1/nios2eds/bin/gnu/H-i686-pc-linux-gnu/bin/../lib/gcc/nios2-elf/4.1.2/../../../../nios2-elf/lib/mno-hw-mul/libc.a(lib_a-memmove.o)
 .bss           0x001168bc        0x0 /opt/altera/13.0sp1/nios2eds/bin/gnu/H-i686-pc-linux-gnu/bin/../lib/gcc/nios2-elf/4.1.2/../../../../nios2-elf/lib/mno-hw-mul/libc.a(lib_a-memset.o)
 .bss           0x001168bc        0x0 /opt/altera/13.0sp1/nios2eds/bin/gnu/H-i686-pc-linux-gnu/bin/../lib/gcc/nios2-elf/4.1.2/../../../../nios2-elf/lib/mno-hw-mul/libc.a(lib_a-mprec.o)
 .bss           0x001168bc        0x0 /opt/altera/13.0sp1/nios2eds/bin/gnu/H-i686-pc-linux-gnu/bin/../lib/gcc/nios2-elf/4.1.2/../../../../nios2-elf/lib/mno-hw-mul/libc.a(lib_a-reallocr.o)
 .bss           0x001168bc        0x0 /opt/altera/13.0sp1/nios2eds/bin/gnu/H-i686-pc-linux-gnu/bin/../lib/gcc/nios2-elf/4.1.2/../../../../nios2-elf/lib/mno-hw-mul/libc.a(lib_a-s_isinfd.o)
 .bss           0x001168bc        0x0 /opt/altera/13.0sp1/nios2eds/bin/gnu/H-i686-pc-linux-gnu/bin/../lib/gcc/nios2-elf/4.1.2/../../../../nios2-elf/lib/mno-hw-mul/libc.a(lib_a-s_isnand.o)
 .bss           0x001168bc        0x0 /opt/altera/13.0sp1/nios2eds/bin/gnu/H-i686-pc-linux-gnu/bin/../lib/gcc/nios2-elf/4.1.2/../../../../nios2-elf/lib/mno-hw-mul/libc.a(lib_a-sbrkr.o)
 .bss           0x001168bc        0x0 /opt/altera/13.0sp1/nios2eds/bin/gnu/H-i686-pc-linux-gnu/bin/../lib/gcc/nios2-elf/4.1.2/../../../../nios2-elf/lib/mno-hw-mul/libc.a(lib_a-stdio.o)
 .bss           0x001168bc        0x0 /opt/altera/13.0sp1/nios2eds/bin/gnu/H-i686-pc-linux-gnu/bin/../lib/gcc/nios2-elf/4.1.2/../../../../nios2-elf/lib/mno-hw-mul/libc.a(lib_a-strcmp.o)
 .bss           0x001168bc        0x0 /opt/altera/13.0sp1/nios2eds/bin/gnu/H-i686-pc-linux-gnu/bin/../lib/gcc/nios2-elf/4.1.2/../../../../nios2-elf/lib/mno-hw-mul/libc.a(lib_a-writer.o)
 .bss           0x001168bc        0x0 /opt/altera/13.0sp1/nios2eds/bin/gnu/H-i686-pc-linux-gnu/bin/../lib/gcc/nios2-elf/4.1.2/../../../../nios2-elf/lib/mno-hw-mul/libc.a(lib_a-callocr.o)
 .bss           0x001168bc        0x0 /opt/altera/13.0sp1/nios2eds/bin/gnu/H-i686-pc-linux-gnu/bin/../lib/gcc/nios2-elf/4.1.2/../../../../nios2-elf/lib/mno-hw-mul/libc.a(lib_a-closer.o)
 .bss           0x001168bc        0x0 /opt/altera/13.0sp1/nios2eds/bin/gnu/H-i686-pc-linux-gnu/bin/../lib/gcc/nios2-elf/4.1.2/../../../../nios2-elf/lib/mno-hw-mul/libc.a(lib_a-fclose.o)
 .bss           0x001168bc        0x0 /opt/altera/13.0sp1/nios2eds/bin/gnu/H-i686-pc-linux-gnu/bin/../lib/gcc/nios2-elf/4.1.2/../../../../nios2-elf/lib/mno-hw-mul/libc.a(lib_a-fstatr.o)
 .bss           0x001168bc        0x0 /opt/altera/13.0sp1/nios2eds/bin/gnu/H-i686-pc-linux-gnu/bin/../lib/gcc/nios2-elf/4.1.2/../../../../nios2-elf/lib/mno-hw-mul/libc.a(lib_a-int_errno.o)
 .bss           0x001168bc        0x0 /opt/altera/13.0sp1/nios2eds/bin/gnu/H-i686-pc-linux-gnu/bin/../lib/gcc/nios2-elf/4.1.2/../../../../nios2-elf/lib/mno-hw-mul/libc.a(lib_a-isattyr.o)
 .bss           0x001168bc        0x0 /opt/altera/13.0sp1/nios2eds/bin/gnu/H-i686-pc-linux-gnu/bin/../lib/gcc/nios2-elf/4.1.2/../../../../nios2-elf/lib/mno-hw-mul/libc.a(lib_a-lseekr.o)
 .bss           0x001168bc        0x0 /opt/altera/13.0sp1/nios2eds/bin/gnu/H-i686-pc-linux-gnu/bin/../lib/gcc/nios2-elf/4.1.2/../../../../nios2-elf/lib/mno-hw-mul/libc.a(lib_a-readr.o)
 .bss           0x001168bc        0x0 /opt/altera/13.0sp1/nios2eds/bin/gnu/H-i686-pc-linux-gnu/bin/../lib/gcc/nios2-elf/4.1.2/mno-hw-mul/libgcc.a(_udivdi3.o)
 .bss           0x001168bc        0x0 /opt/altera/13.0sp1/nios2eds/bin/gnu/H-i686-pc-linux-gnu/bin/../lib/gcc/nios2-elf/4.1.2/mno-hw-mul/libgcc.a(_umoddi3.o)
 .bss           0x001168bc        0x0 /opt/altera/13.0sp1/nios2eds/bin/gnu/H-i686-pc-linux-gnu/bin/../lib/gcc/nios2-elf/4.1.2/mno-hw-mul/libgcc.a(_eq_df.o)
 .bss           0x001168bc        0x0 /opt/altera/13.0sp1/nios2eds/bin/gnu/H-i686-pc-linux-gnu/bin/../lib/gcc/nios2-elf/4.1.2/mno-hw-mul/libgcc.a(_ne_df.o)
 .bss           0x001168bc        0x0 /opt/altera/13.0sp1/nios2eds/bin/gnu/H-i686-pc-linux-gnu/bin/../lib/gcc/nios2-elf/4.1.2/mno-hw-mul/libgcc.a(_gt_df.o)
 .bss           0x001168bc        0x0 /opt/altera/13.0sp1/nios2eds/bin/gnu/H-i686-pc-linux-gnu/bin/../lib/gcc/nios2-elf/4.1.2/mno-hw-mul/libgcc.a(_ge_df.o)
 .bss           0x001168bc        0x0 /opt/altera/13.0sp1/nios2eds/bin/gnu/H-i686-pc-linux-gnu/bin/../lib/gcc/nios2-elf/4.1.2/mno-hw-mul/libgcc.a(_lt_df.o)
 .bss           0x001168bc        0x0 /opt/altera/13.0sp1/nios2eds/bin/gnu/H-i686-pc-linux-gnu/bin/../lib/gcc/nios2-elf/4.1.2/mno-hw-mul/libgcc.a(_usi_to_df.o)
 .bss           0x001168bc        0x0 /opt/altera/13.0sp1/nios2eds/bin/gnu/H-i686-pc-linux-gnu/bin/../lib/gcc/nios2-elf/4.1.2/mno-hw-mul/libgcc.a(_fpcmp_parts_df.o)
 .bss           0x001168bc        0x0 ../bsp//libucosii_bsp.a(alt_alarm_start.o)
 .bss           0x001168bc        0x0 ../bsp//libucosii_bsp.a(alt_close.o)
 .bss           0x001168bc        0x0 ../bsp//libucosii_bsp.a(alt_dev.o)
 .bss           0x001168bc        0x0 ../bsp//libucosii_bsp.a(alt_errno.o)
 .bss           0x001168bc        0x0 ../bsp//libucosii_bsp.a(alt_fstat.o)
 .bss           0x001168bc        0x0 ../bsp//libucosii_bsp.a(alt_isatty.o)
 .bss           0x001168bc        0x0 ../bsp//libucosii_bsp.a(alt_load.o)
 .bss           0x001168bc        0x0 ../bsp//libucosii_bsp.a(alt_lseek.o)
 .bss           0x001168bc        0x0 ../bsp//libucosii_bsp.a(alt_main.o)
 .bss           0x001168bc        0x0 ../bsp//libucosii_bsp.a(alt_read.o)
 .bss           0x001168bc        0x0 ../bsp//libucosii_bsp.a(alt_release_fd.o)
 .bss           0x001168bc        0x0 ../bsp//libucosii_bsp.a(alt_sbrk.o)
 .bss           0x001168bc        0x0 ../bsp//libucosii_bsp.a(alt_tick.o)
 .bss           0x001168bc        0x0 ../bsp//libucosii_bsp.a(alt_write.o)
 .bss           0x001168bc        0x0 ../bsp//libucosii_bsp.a(alt_env_lock.o)
 .bss           0x001168bc        0x0 ../bsp//libucosii_bsp.a(alt_malloc_lock.o)
 .bss           0x001168bc        0x0 ../bsp//libucosii_bsp.a(os_core.o)
 .bss           0x001168bc        0x0 ../bsp//libucosii_bsp.a(os_dbg.o)
 .bss           0x001168bc        0x0 ../bsp//libucosii_bsp.a(os_flag.o)
 .bss           0x001168bc        0x0 ../bsp//libucosii_bsp.a(os_mbox.o)
 .bss           0x001168bc        0x0 ../bsp//libucosii_bsp.a(os_mem.o)
 .bss           0x001168bc        0x0 ../bsp//libucosii_bsp.a(os_q.o)
 .bss           0x001168bc        0x0 ../bsp//libucosii_bsp.a(os_sem.o)
 .bss           0x001168bc        0x0 ../bsp//libucosii_bsp.a(os_task.o)
 .bss           0x001168bc        0x0 ../bsp//libucosii_bsp.a(os_time.o)
 .bss           0x001168bc        0x0 ../bsp//libucosii_bsp.a(os_tmr.o)
 .bss           0x001168bc        0x0 ../bsp//libucosii_bsp.a(alt_sys_init.o)
 .bss           0x001168bc        0x0 ../bsp//libucosii_bsp.a(altera_avalon_jtag_uart_fd.o)
 .bss           0x001168bc        0x0 ../bsp//libucosii_bsp.a(altera_avalon_jtag_uart_init.o)
 .bss           0x001168bc        0x0 ../bsp//libucosii_bsp.a(altera_avalon_jtag_uart_ioctl.o)
 .bss           0x001168bc        0x0 ../bsp//libucosii_bsp.a(altera_avalon_jtag_uart_read.o)
 .bss           0x001168bc        0x0 ../bsp//libucosii_bsp.a(altera_avalon_jtag_uart_write.o)
 .bss           0x001168bc        0x0 ../bsp//libucosii_bsp.a(altera_avalon_timer_sc.o)
 .bss           0x001168bc        0x0 ../bsp//libucosii_bsp.a(altera_up_avalon_character_lcd.o)
 .bss           0x001168bc        0x0 ../bsp//libucosii_bsp.a(alt_dcache_flush_all.o)
 .bss           0x001168bc        0x0 ../bsp//libucosii_bsp.a(alt_dev_llist_insert.o)
 .bss           0x001168bc        0x0 ../bsp//libucosii_bsp.a(alt_do_ctors.o)
 .bss           0x001168bc        0x0 ../bsp//libucosii_bsp.a(alt_do_dtors.o)
 .bss           0x001168bc        0x0 ../bsp//libucosii_bsp.a(alt_find_dev.o)
 .bss           0x001168bc        0x0 ../bsp//libucosii_bsp.a(alt_icache_flush_all.o)
 .bss           0x001168bc        0x0 ../bsp//libucosii_bsp.a(alt_iic.o)
 .bss           0x001168bc        0x0 ../bsp//libucosii_bsp.a(alt_iic_isr_register.o)
 .bss           0x001168bc        0x0 ../bsp//libucosii_bsp.a(alt_io_redirect.o)
 .bss           0x001168bc        0x0 ../bsp//libucosii_bsp.a(alt_irq_entry.o)
 .bss           0x001168bc        0x0 ../bsp//libucosii_bsp.a(alt_irq_handler.o)
 .bss           0x001168bc        0x0 ../bsp//libucosii_bsp.a(alt_irq_vars.o)
 .bss           0x001168bc        0x0 ../bsp//libucosii_bsp.a(alt_open.o)
 .bss           0x001168bc        0x0 ../bsp//libucosii_bsp.a(altera_nios2_qsys_irq.o)
 .bss           0x001168bc        0x0 ../bsp//libucosii_bsp.a(os_cpu_a.o)
 .bss           0x001168bc        0x0 ../bsp//libucosii_bsp.a(os_cpu_c.o)
 .bss           0x001168bc        0x0 ../bsp//libucosii_bsp.a(alt_exception_entry.o)
 .bss           0x001168bc        0x0 ../bsp//libucosii_bsp.a(alt_find_file.o)
 .bss           0x001168bc        0x0 ../bsp//libucosii_bsp.a(alt_get_fd.o)
 .bss           0x001168bc        0x0 /opt/altera/13.0sp1/nios2eds/bin/gnu/H-i686-pc-linux-gnu/bin/../lib/gcc/nios2-elf/4.1.2/../../../../nios2-elf/lib/mno-hw-mul/libc.a(lib_a-atexit.o)
 .bss           0x001168bc        0x0 /opt/altera/13.0sp1/nios2eds/bin/gnu/H-i686-pc-linux-gnu/bin/../lib/gcc/nios2-elf/4.1.2/../../../../nios2-elf/lib/mno-hw-mul/libc.a(lib_a-exit.o)
 .bss           0x001168bc        0x0 /opt/altera/13.0sp1/nios2eds/bin/gnu/H-i686-pc-linux-gnu/bin/../lib/gcc/nios2-elf/4.1.2/../../../../nios2-elf/lib/mno-hw-mul/libc.a(lib_a-memcmp.o)
 .bss           0x001168bc        0x0 /opt/altera/13.0sp1/nios2eds/bin/gnu/H-i686-pc-linux-gnu/bin/../lib/gcc/nios2-elf/4.1.2/../../../../nios2-elf/lib/mno-hw-mul/libc.a(lib_a-__atexit.o)
 .bss           0x001168bc        0x0 /opt/altera/13.0sp1/nios2eds/bin/gnu/H-i686-pc-linux-gnu/bin/../lib/gcc/nios2-elf/4.1.2/../../../../nios2-elf/lib/mno-hw-mul/libc.a(lib_a-__call_atexit.o)
 .bss           0x001168bc        0x0 /opt/altera/13.0sp1/nios2eds/bin/gnu/H-i686-pc-linux-gnu/bin/../lib/gcc/nios2-elf/4.1.2/mno-hw-mul/libgcc.a(_fixunsdfsi.o)
 .bss           0x001168bc        0x0 ../bsp//libucosii_bsp.a(alt_exit.o)
 *(COMMON)
 COMMON         0x001168bc    0x10000 obj/default/cruise_skeleton.o
                0x001168bc                ControlTask_Stack
                0x001188bc                OverloadDetectionTask_Stack
                0x0011a8bc                VehicleTask_Stack
                0x0011c8bc                SwitchIOTask_Stack
                0x0011e8bc                ButtonIOTask_Stack
                0x001208bc                StartTask_Stack
                0x001228bc                ExtraLoadTask_Stack
                0x001248bc                WatchdogTask_Stack
 COMMON         0x001268bc     0x3d74 ../bsp//libucosii_bsp.a(os_core.o)
                0x001268bc                OSTmrWheelTbl
                0x001268cc                OSFlagTbl
                0x00126c3c                OSTmrTbl
                0x00126f7c                OSMemTbl
                0x00127bac                OSTaskStatStk
                0x001283ac                OSQTbl
                0x0012858c                OSTmrTaskStk
                0x00128d8c                OSTaskIdleStk
                0x0012958c                OSEventTbl
                0x0012a0cc                OSTCBTbl
                0x0012a5dc                OSTCBPrioTbl
 COMMON         0x0012a630      0x100 ../bsp//libucosii_bsp.a(alt_irq_handler.o)
                0x0012a630                alt_irq
 COMMON         0x0012a730      0x190 /opt/altera/13.0sp1/nios2eds/bin/gnu/H-i686-pc-linux-gnu/bin/../lib/gcc/nios2-elf/4.1.2/../../../../nios2-elf/lib/mno-hw-mul/libc.a(lib_a-atexit.o)
                0x0012a730                _atexit0
                0x0012a8c0                . = ALIGN (0x4)
                0x0012a8c0                __bss_end = ABSOLUTE (.)

.onchip_memory  0x00000000        0x0 load address 0x0012a8c0
                0x00000000                PROVIDE (_alt_partition_onchip_memory_start, ABSOLUTE (.))
 *(.onchip_memory. onchip_memory.*)
                0x00000000                . = ALIGN (0x4)
                0x00000000                PROVIDE (_alt_partition_onchip_memory_end, ABSOLUTE (.))
                0x0012a8c0                PROVIDE (_alt_partition_onchip_memory_load_addr, LOADADDR (.onchip_memory))

.sram           0x0012a8c0        0x0
                0x0012a8c0                PROVIDE (_alt_partition_sram_start, ABSOLUTE (.))
 *(.sram. sram.*)
                0x0012a8c0                . = ALIGN (0x4)
                0x0012a8c0                PROVIDE (_alt_partition_sram_end, ABSOLUTE (.))
                0x0012a8c0                _end = ABSOLUTE (.)
                0x0012a8c0                end = ABSOLUTE (.)
                0x0012a8c0                __alt_stack_base = ABSOLUTE (.)
                0x0012a8c0                PROVIDE (_alt_partition_sram_load_addr, LOADADDR (.sram))

.sdram          0x01000144        0x0 load address 0x0012a8c0
                0x01000144                PROVIDE (_alt_partition_sdram_start, ABSOLUTE (.))
 *(.sdram. sdram.*)
                0x01000144                . = ALIGN (0x4)
                0x01000144                PROVIDE (_alt_partition_sdram_end, ABSOLUTE (.))
                0x0012a8c0                PROVIDE (_alt_partition_sdram_load_addr, LOADADDR (.sdram))

.stab
 *(.stab)

.stabstr
 *(.stabstr)

.stab.excl
 *(.stab.excl)

.stab.exclstr
 *(.stab.exclstr)

.stab.index
 *(.stab.index)

.stab.indexstr
 *(.stab.indexstr)

.comment        0x00000000       0x26
 *(.comment)
 .comment       0x00000000       0x26 obj/default/cruise_skeleton.o
                                 0x27 (size before relaxing)
 .comment       0x00000000       0x27 /opt/altera/13.0sp1/nios2eds/bin/gnu/H-i686-pc-linux-gnu/bin/../lib/gcc/nios2-elf/4.1.2/mno-hw-mul/libgcc.a(_addsub_df.o)
 .comment       0x00000000       0x27 /opt/altera/13.0sp1/nios2eds/bin/gnu/H-i686-pc-linux-gnu/bin/../lib/gcc/nios2-elf/4.1.2/mno-hw-mul/libgcc.a(_mul_df.o)
 .comment       0x00000000       0x27 /opt/altera/13.0sp1/nios2eds/bin/gnu/H-i686-pc-linux-gnu/bin/../lib/gcc/nios2-elf/4.1.2/mno-hw-mul/libgcc.a(_div_df.o)
 .comment       0x00000000       0x27 /opt/altera/13.0sp1/nios2eds/bin/gnu/H-i686-pc-linux-gnu/bin/../lib/gcc/nios2-elf/4.1.2/mno-hw-mul/libgcc.a(_si_to_df.o)
 .comment       0x00000000       0x27 /opt/altera/13.0sp1/nios2eds/bin/gnu/H-i686-pc-linux-gnu/bin/../lib/gcc/nios2-elf/4.1.2/mno-hw-mul/libgcc.a(_df_to_si.o)
 .comment       0x00000000       0x27 /opt/altera/13.0sp1/nios2eds/bin/gnu/H-i686-pc-linux-gnu/bin/../lib/gcc/nios2-elf/4.1.2/mno-hw-mul/libgcc.a(_thenan_df.o)
 .comment       0x00000000       0x27 /opt/altera/13.0sp1/nios2eds/bin/gnu/H-i686-pc-linux-gnu/bin/../lib/gcc/nios2-elf/4.1.2/mno-hw-mul/libgcc.a(lib2-divmod.o)
 .comment       0x00000000       0x27 /opt/altera/13.0sp1/nios2eds/bin/gnu/H-i686-pc-linux-gnu/bin/../lib/gcc/nios2-elf/4.1.2/mno-hw-mul/libgcc.a(lib2-mul.o)
 .comment       0x00000000       0x27 /opt/altera/13.0sp1/nios2eds/bin/gnu/H-i686-pc-linux-gnu/bin/../lib/gcc/nios2-elf/4.1.2/mno-hw-mul/libgcc.a(_muldi3.o)
 .comment       0x00000000       0x27 /opt/altera/13.0sp1/nios2eds/bin/gnu/H-i686-pc-linux-gnu/bin/../lib/gcc/nios2-elf/4.1.2/mno-hw-mul/libgcc.a(_clzsi2.o)
 .comment       0x00000000       0x27 /opt/altera/13.0sp1/nios2eds/bin/gnu/H-i686-pc-linux-gnu/bin/../lib/gcc/nios2-elf/4.1.2/mno-hw-mul/libgcc.a(_pack_df.o)
 .comment       0x00000000       0x27 /opt/altera/13.0sp1/nios2eds/bin/gnu/H-i686-pc-linux-gnu/bin/../lib/gcc/nios2-elf/4.1.2/mno-hw-mul/libgcc.a(_unpack_df.o)
 .comment       0x00000000       0x27 /opt/altera/13.0sp1/nios2eds/bin/gnu/H-i686-pc-linux-gnu/bin/../lib/gcc/nios2-elf/4.1.2/mno-hw-mul/libgcc.a(_clz.o)
 .comment       0x00000000       0x27 /opt/altera/13.0sp1/nios2eds/bin/gnu/H-i686-pc-linux-gnu/bin/../lib/gcc/nios2-elf/4.1.2/../../../../nios2-elf/lib/mno-hw-mul/libc.a(lib_a-printf.o)
 .comment       0x00000000       0x27 /opt/altera/13.0sp1/nios2eds/bin/gnu/H-i686-pc-linux-gnu/bin/../lib/gcc/nios2-elf/4.1.2/../../../../nios2-elf/lib/mno-hw-mul/libc.a(lib_a-puts.o)
 .comment       0x00000000       0x27 /opt/altera/13.0sp1/nios2eds/bin/gnu/H-i686-pc-linux-gnu/bin/../lib/gcc/nios2-elf/4.1.2/../../../../nios2-elf/lib/mno-hw-mul/libc.a(lib_a-strlen.o)
 .comment       0x00000000       0x27 /opt/altera/13.0sp1/nios2eds/bin/gnu/H-i686-pc-linux-gnu/bin/../lib/gcc/nios2-elf/4.1.2/../../../../nios2-elf/lib/mno-hw-mul/libc.a(lib_a-vfprintf.o)
 .comment       0x00000000       0x27 /opt/altera/13.0sp1/nios2eds/bin/gnu/H-i686-pc-linux-gnu/bin/../lib/gcc/nios2-elf/4.1.2/../../../../nios2-elf/lib/mno-hw-mul/libc.a(lib_a-wsetup.o)
 .comment       0x00000000       0x27 /opt/altera/13.0sp1/nios2eds/bin/gnu/H-i686-pc-linux-gnu/bin/../lib/gcc/nios2-elf/4.1.2/../../../../nios2-elf/lib/mno-hw-mul/libc.a(lib_a-dtoa.o)
 .comment       0x00000000       0x27 /opt/altera/13.0sp1/nios2eds/bin/gnu/H-i686-pc-linux-gnu/bin/../lib/gcc/nios2-elf/4.1.2/../../../../nios2-elf/lib/mno-hw-mul/libc.a(lib_a-fflush.o)
 .comment       0x00000000       0x27 /opt/altera/13.0sp1/nios2eds/bin/gnu/H-i686-pc-linux-gnu/bin/../lib/gcc/nios2-elf/4.1.2/../../../../nios2-elf/lib/mno-hw-mul/libc.a(lib_a-findfp.o)
 .comment       0x00000000       0x27 /opt/altera/13.0sp1/nios2eds/bin/gnu/H-i686-pc-linux-gnu/bin/../lib/gcc/nios2-elf/4.1.2/../../../../nios2-elf/lib/mno-hw-mul/libc.a(lib_a-freer.o)
 .comment       0x00000000       0x27 /opt/altera/13.0sp1/nios2eds/bin/gnu/H-i686-pc-linux-gnu/bin/../lib/gcc/nios2-elf/4.1.2/../../../../nios2-elf/lib/mno-hw-mul/libc.a(lib_a-fvwrite.o)
 .comment       0x00000000       0x27 /opt/altera/13.0sp1/nios2eds/bin/gnu/H-i686-pc-linux-gnu/bin/../lib/gcc/nios2-elf/4.1.2/../../../../nios2-elf/lib/mno-hw-mul/libc.a(lib_a-fwalk.o)
 .comment       0x00000000       0x27 /opt/altera/13.0sp1/nios2eds/bin/gnu/H-i686-pc-linux-gnu/bin/../lib/gcc/nios2-elf/4.1.2/../../../../nios2-elf/lib/mno-hw-mul/libc.a(lib_a-impure.o)
 .comment       0x00000000       0x27 /opt/altera/13.0sp1/nios2eds/bin/gnu/H-i686-pc-linux-gnu/bin/../lib/gcc/nios2-elf/4.1.2/../../../../nios2-elf/lib/mno-hw-mul/libc.a(lib_a-locale.o)